2026-10-06T14:57:50.3414155Z Current runner version: '2.337.0'
2026-10-06T14:57:50.3441429Z ##[group]Runner Image Provisioner
2026-10-06T14:57:50.3442300Z Hosted Compute Agent
2026-10-06T14:57:50.3443035Z Version: 20260901.588
2026-10-06T14:57:50.3443691Z Commit: f88ec8081b781fac6c440065ac7ff9e710ce3d0b
2026-10-06T14:57:50.3444508Z Build Date: 2026-09-01T19:56:44Z
2026-10-06T14:57:50.3445226Z Worker ID: {b5b10bdf-b670-4a4a-a1b2-e5bab59b6c09}
2026-10-06T14:57:50.3445952Z Azure Region: eastus
2026-10-06T14:57:50.3446566Z ##[endgroup]
2026-10-06T14:57:50.3448411Z ##[group]Operating System
2026-10-06T14:57:50.3449224Z Ubuntu
2026-10-06T14:57:50.3449779Z 24.04.5
2026-10-06T14:57:50.3450293Z LTS
2026-10-06T14:57:50.3451090Z ##[endgroup]
2026-10-06T14:57:50.3451699Z ##[group]Runner Image
2026-10-06T14:57:50.3452377Z Image: ubuntu-24.04
2026-10-06T14:57:50.3452991Z Version: 20260927.320.1
2026-10-06T14:57:50.3454335Z Included Software: https://github.com/actions/runner-images/blob/ubuntu24/20260927.320/images/ubuntu/Ubuntu2404-Readme.md
2026-10-06T14:57:50.3455963Z Image Release: https://github.com/actions/runner-images/releases/tag/ubuntu24%2F20260927.320
2026-10-06T14:57:50.3457355Z ##[endgroup]
2026-10-06T14:57:50.3458672Z ##[group]GITHUB_TOKEN Permissions
2026-10-06T14:57:50.3461251Z Contents: read
2026-10-06T14:57:50.3461899Z Metadata: read
2026-10-06T14:57:50.3462500Z Packages: read
2026-10-06T14:57:50.3463226Z ##[endgroup]
2026-10-06T14:57:50.3465403Z Secret source: Actions
2026-10-06T14:57:50.3466460Z Cache mode: write
2026-10-06T14:57:50.3467718Z Prepare workflow directory
2026-10-06T14:57:50.3805899Z Prepare all required actions
2026-10-06T14:57:50.3855174Z Getting action download info
2026-10-06T14:57:50.6797944Z Download action repository 'actions/checkout@v4' (SHA:11d5960a326750d5838078e36cf38b85af677262)
2026-10-06T14:57:50.8147711Z Download action repository 'actions/setup-java@v4' (SHA:cf277c60eb25467037889841efdb72551f06f6c3)
2026-10-06T14:57:51.0707081Z Download action repository 'actions/upload-artifact@v4' (SHA:ea165f8d65b6e75b540449e92b4886f43607fa02)
2026-10-06T14:57:51.4263730Z Complete job name: golden
2026-10-06T14:57:51.5162611Z ##[group]Run actions/checkout@v4
2026-10-06T14:57:51.5164146Z with:
2026-10-06T14:57:51.5164965Z   repository: zhuof725/bookon
2026-10-06T14:57:51.5173696Z   token: ***
2026-10-06T14:57:51.5174523Z   ssh-strict: true
2026-10-06T14:57:51.5175350Z   ssh-user: git
2026-10-06T14:57:51.5176256Z   persist-credentials: true
2026-10-06T14:57:51.5177215Z   clean: true
2026-10-06T14:57:51.5178081Z   sparse-checkout-cone-mode: true
2026-10-06T14:57:51.5179095Z   fetch-depth: 1
2026-10-06T14:57:51.5179933Z   fetch-tags: false
2026-10-06T14:57:51.5181187Z   show-progress: true
2026-10-06T14:57:51.5182073Z   lfs: false
2026-10-06T14:57:51.5182879Z   submodules: false
2026-10-06T14:57:51.5183761Z   set-safe-directory: true
2026-10-06T14:57:51.5184740Z   allow-unsafe-pr-checkout: false
2026-10-06T14:57:51.5186073Z ##[endgroup]
2026-10-06T14:57:51.6211899Z Syncing repository: zhuof725/bookon
2026-10-06T14:57:51.6215224Z ##[group]Getting Git version info
2026-10-06T14:57:51.6216590Z Working directory is '/home/runner/work/bookon/bookon'
2026-10-06T14:57:51.6218818Z [command]/usr/bin/git version
2026-10-06T14:57:51.6311053Z git version 2.55.0
2026-10-06T14:57:51.6356955Z ##[endgroup]
2026-10-06T14:57:51.6371971Z Temporarily overriding HOME='/home/runner/work/_temp/5eb359bf-306a-462b-a00f-4561c7041f1c' before making global git config changes
2026-10-06T14:57:51.6376095Z Adding repository directory to the temporary git global config as a safe directory
2026-10-06T14:57:51.6379320Z [command]/usr/bin/git config --global --add safe.directory /home/runner/work/bookon/bookon
2026-10-06T14:57:51.6435470Z Deleting the contents of '/home/runner/work/bookon/bookon'
2026-10-06T14:57:51.6442953Z ##[group]Initializing the repository
2026-10-06T14:57:51.6445516Z [command]/usr/bin/git init /home/runner/work/bookon/bookon
2026-10-06T14:57:51.6549254Z hint: Using 'master' as the name for the initial branch. This default branch name
2026-10-06T14:57:51.6552817Z hint: will change to "main" in Git 3.0. To configure the initial branch name
2026-10-06T14:57:51.6554733Z hint: to use in all of your new repositories, which will suppress this warning,
2026-10-06T14:57:51.6556226Z hint: call:
2026-10-06T14:57:51.6557045Z hint:
2026-10-06T14:57:51.6558034Z hint: 	git config --global init.defaultBranch <name>
2026-10-06T14:57:51.6559232Z hint:
2026-10-06T14:57:51.6560367Z hint: Names commonly chosen instead of 'master' are 'main', 'trunk' and
2026-10-06T14:57:51.6562568Z hint: 'development'. The just-created branch can be renamed via this command:
2026-10-06T14:57:51.6564070Z hint:
2026-10-06T14:57:51.6564911Z hint: 	git branch -m <name>
2026-10-06T14:57:51.6565816Z hint:
2026-10-06T14:57:51.6567101Z hint: Disable this message with "git config set advice.defaultBranchName false"
2026-10-06T14:57:51.6572616Z Initialized empty Git repository in /home/runner/work/bookon/bookon/.git/
2026-10-06T14:57:51.6586789Z [command]/usr/bin/git remote add origin https://github.com/zhuof725/bookon
2026-10-06T14:57:51.6634447Z ##[endgroup]
2026-10-06T14:57:51.6637423Z ##[group]Disabling automatic garbage collection
2026-10-06T14:57:51.6640259Z [command]/usr/bin/git config --local gc.auto 0
2026-10-06T14:57:51.6677509Z ##[endgroup]
2026-10-06T14:57:51.6680274Z ##[group]Setting up auth
2026-10-06T14:57:51.6685088Z [command]/usr/bin/git config --local --name-only --get-regexp core\.sshCommand
2026-10-06T14:57:51.6725887Z [command]/usr/bin/git submodule foreach --recursive sh -c "git config --local --name-only --get-regexp 'core\.sshCommand' && git config --local --unset-all 'core.sshCommand' || :"
2026-10-06T14:57:51.7101288Z [command]/usr/bin/git config --local --name-only --get-regexp http\.https\:\/\/github\.com\/\.extraheader
2026-10-06T14:57:51.7143067Z [command]/usr/bin/git submodule foreach --recursive sh -c "git config --local --name-only --get-regexp 'http\.https\:\/\/github\.com\/\.extraheader' && git config --local --unset-all 'http.https://github.com/.extraheader' || :"
2026-10-06T14:57:51.7375553Z [command]/usr/bin/git config --local --name-only --get-regexp ^includeIf\.gitdir:
2026-10-06T14:57:51.7415301Z [command]/usr/bin/git submodule foreach --recursive git config --local --show-origin --name-only --get-regexp remote.origin.url
2026-10-06T14:57:51.7645724Z [command]/usr/bin/git config --local http.https://github.com/.extraheader AUTHORIZATION: basic ***
2026-10-06T14:57:51.7687309Z ##[endgroup]
2026-10-06T14:57:51.7688804Z ##[group]Fetching the repository
2026-10-06T14:57:51.7699579Z [command]/usr/bin/git -c protocol.version=2 fetch --no-tags --prune --no-recurse-submodules --depth=1 origin +38d59cf41e03a80eea0ab7c18d4b3c2c27a70e36:refs/remotes/origin/main
2026-10-06T14:57:53.9171268Z From https://github.com/zhuof725/bookon
2026-10-06T14:57:53.9172444Z  * [new ref]         38d59cf41e03a80eea0ab7c18d4b3c2c27a70e36 -> origin/main
2026-10-06T14:57:53.9175663Z ##[endgroup]
2026-10-06T14:57:53.9176615Z ##[group]Determining the checkout info
2026-10-06T14:57:53.9178309Z ##[endgroup]
2026-10-06T14:57:53.9185507Z [command]/usr/bin/git sparse-checkout disable
2026-10-06T14:57:53.9241236Z [command]/usr/bin/git config --local --unset-all extensions.worktreeConfig
2026-10-06T14:57:53.9276899Z ##[group]Checking out the ref
2026-10-06T14:57:53.9291958Z [command]/usr/bin/git checkout --progress --force -B main refs/remotes/origin/main
2026-10-06T14:57:54.0798790Z Switched to a new branch 'main'
2026-10-06T14:57:54.0804011Z branch 'main' set up to track 'origin/main'.
2026-10-06T14:57:54.0837521Z ##[endgroup]
2026-10-06T14:57:54.0892129Z [command]/usr/bin/git log -1 --format=%H
2026-10-06T14:57:54.0919824Z 38d59cf41e03a80eea0ab7c18d4b3c2c27a70e36
2026-10-06T14:57:54.1287160Z ##[group]Run actions/setup-java@v4
2026-10-06T14:57:54.1287514Z with:
2026-10-06T14:57:54.1287728Z   distribution: temurin
2026-10-06T14:57:54.1287963Z   java-version: 11
2026-10-06T14:57:54.1288167Z   cache: maven
2026-10-06T14:57:54.1288379Z   java-package: jdk
2026-10-06T14:57:54.1288598Z   check-latest: false
2026-10-06T14:57:54.1289015Z   server-id: github
2026-10-06T14:57:54.1289236Z   server-username: GITHUB_ACTOR
2026-10-06T14:57:54.1289498Z   server-password: GITHUB_TOKEN
2026-10-06T14:57:54.1289752Z   overwrite-settings: true
2026-10-06T14:57:54.1289993Z   job-status: success
2026-10-06T14:57:54.1292829Z   token: ***
2026-10-06T14:57:54.1293047Z ##[endgroup]
2026-10-06T14:57:54.2979621Z ##[warning]setup-java v4 is deprecated and will no longer receive updates. Please migrate to actions/setup-java@v5.
2026-10-06T14:57:54.2988378Z ##[group]Installed distributions
2026-10-06T14:57:54.3295867Z Resolved Java 11.0.32+1 from tool-cache
2026-10-06T14:57:54.3296548Z Setting Java 11.0.32+1 as the default
2026-10-06T14:57:54.3307149Z (node:2282) [DEP0040] DeprecationWarning: The `punycode` module is deprecated. Please use a userland alternative instead.
2026-10-06T14:57:54.3308422Z (Use `node --trace-deprecation ...` to show where the warning was created)
2026-10-06T14:57:54.3312045Z Creating toolchains.xml for JDK version 11 from temurin
2026-10-06T14:57:54.3390340Z Writing to /home/runner/.m2/toolchains.xml
2026-10-06T14:57:54.3391025Z 
2026-10-06T14:57:54.3391213Z Java configuration:
2026-10-06T14:57:54.3391669Z   Distribution: temurin
2026-10-06T14:57:54.3392099Z   Version: 11.0.32+1
2026-10-06T14:57:54.3392670Z   Path: /opt/hostedtoolcache/Java_Temurin-Hotspot_jdk/11.0.32-1/x64
2026-10-06T14:57:54.3393205Z 
2026-10-06T14:57:54.3393716Z ##[endgroup]
2026-10-06T14:57:54.3417865Z Creating settings.xml with server-id: github
2026-10-06T14:57:54.3441830Z Writing to /home/runner/.m2/settings.xml
2026-10-06T14:57:54.5781807Z Cache hit for: setup-java-Linux-x64-maven-0a6a93d0a8722e28836b1cf200a29f5a5fd29adaf01c95f1b393ac6a34d9789e
2026-10-06T14:57:54.5885858Z (node:2282) [DEP0169] DeprecationWarning: `url.parse()` behavior is not standardized and prone to errors that have security implications. Use the WHATWG URL API instead. CVEs are not issued for `url.parse()` vulnerabilities.
2026-10-06T14:57:54.9165335Z Received 27056378 of 27056378 (100.0%), 92.2 MBs/sec
2026-10-06T14:57:54.9166032Z Cache Size: ~26 MB (27056378 B)
2026-10-06T14:57:54.9196136Z [command]/usr/bin/tar -xf /home/runner/work/_temp/c96076a4-01b6-46fe-942e-70e0197c4e04/cache.tzst -P -C /home/runner/work/bookon/bookon --use-compress-program unzstd
2026-10-06T14:57:55.0487828Z Cache restored successfully
2026-10-06T14:57:55.0504844Z Cache restored from key: setup-java-Linux-x64-maven-0a6a93d0a8722e28836b1cf200a29f5a5fd29adaf01c95f1b393ac6a34d9789e
2026-10-06T14:57:55.0715725Z ##[group]Run mvn -B -ntp package
2026-10-06T14:57:55.0716099Z [36;1mmvn -B -ntp package[0m
2026-10-06T14:57:55.0975182Z shell: /usr/bin/bash -e {0}
2026-10-06T14:57:55.0975518Z env:
2026-10-06T14:57:55.0975922Z   JAVA_HOME: /opt/hostedtoolcache/Java_Temurin-Hotspot_jdk/11.0.32-1/x64
2026-10-06T14:57:55.0976606Z   JAVA_HOME_11_X64: /opt/hostedtoolcache/Java_Temurin-Hotspot_jdk/11.0.32-1/x64
2026-10-06T14:57:55.0977123Z ##[endgroup]
2026-10-06T14:58:02.2258436Z [INFO] Scanning for projects...
2026-10-06T14:58:02.3201585Z [INFO] 
2026-10-06T14:58:02.3202343Z [INFO] -----------------< io.legado.golden:golden-generator >------------------
2026-10-06T14:58:02.3203097Z [INFO] Building golden-generator 1.0.0
2026-10-06T14:58:02.3203559Z [INFO]   from pom.xml
2026-10-06T14:58:02.3204112Z [INFO] --------------------------------[ jar ]---------------------------------
2026-10-06T14:58:02.5781402Z [INFO] 
2026-10-06T14:58:02.5828331Z [INFO] --- resources:3.4.0:resources (default-resources) @ golden-generator ---
2026-10-06T14:58:02.9226307Z [INFO] Copying 1 resource from src/main/resources to target/classes
2026-10-06T14:58:02.9272736Z [INFO] 
2026-10-06T14:58:02.9273323Z [INFO] --- compiler:3.15.0:compile (default-compile) @ golden-generator ---
2026-10-06T14:58:03.2567415Z [INFO] Recompiling the module because of changed source code.
2026-10-06T14:58:03.2707957Z [INFO] Compiling 28 source files with javac [debug target 11] to target/classes
2026-10-06T14:58:05.5241648Z [INFO] 
2026-10-06T14:58:05.5281581Z [INFO] --- resources:3.4.0:testResources (default-testResources) @ golden-generator ---
2026-10-06T14:58:05.5283584Z [INFO] skip non existing resourceDirectory /home/runner/work/bookon/bookon/scripts/golden/src/test/resources
2026-10-06T14:58:05.5301121Z [INFO] 
2026-10-06T14:58:05.5350031Z [INFO] --- compiler:3.15.0:testCompile (default-testCompile) @ golden-generator ---
2026-10-06T14:58:05.5361041Z [INFO] No sources to compile
2026-10-06T14:58:05.5361528Z [INFO] 
2026-10-06T14:58:05.5362128Z [INFO] --- surefire:3.5.4:test (default-test) @ golden-generator ---
2026-10-06T14:58:05.7181976Z [INFO] No tests to run.
2026-10-06T14:58:05.7581591Z [INFO] 
2026-10-06T14:58:05.7609822Z [INFO] --- jar:3.5.0:jar (default-jar) @ golden-generator ---
2026-10-06T14:58:06.2830671Z [INFO] Building jar: /home/runner/work/bookon/bookon/scripts/golden/target/golden-generator.jar
2026-10-06T14:58:06.3763023Z [INFO] 
2026-10-06T14:58:06.3765752Z [INFO] --- shade:3.5.1:shade (default) @ golden-generator ---
2026-10-06T14:58:06.4554036Z [INFO] Including org.mozilla:rhino:jar:1.8.1 in the shaded jar.
2026-10-06T14:58:06.4555338Z [INFO] Including org.jsoup:jsoup:jar:1.16.2 in the shaded jar.
2026-10-06T14:58:06.4557531Z [INFO] Including cn.wanghaomiao:JsoupXpath:jar:2.5.3 in the shaded jar.
2026-10-06T14:58:06.4558640Z [INFO] Including org.apache.commons:commons-lang3:jar:3.18.0 in the shaded jar.
2026-10-06T14:58:06.4559711Z [INFO] Including org.antlr:antlr4-runtime:jar:4.7.2 in the shaded jar.
2026-10-06T14:58:06.4560846Z [INFO] Including org.slf4j:slf4j-api:jar:1.7.36 in the shaded jar.
2026-10-06T14:58:06.4561856Z [INFO] Including com.google.code.gson:gson:jar:2.13.2 in the shaded jar.
2026-10-06T14:58:06.4562997Z [INFO] Including com.google.errorprone:error_prone_annotations:jar:2.41.0 in the shaded jar.
2026-10-06T14:58:06.4564183Z [INFO] Including com.jayway.jsonpath:json-path:jar:2.10.0 in the shaded jar.
2026-10-06T14:58:06.4565213Z [INFO] Including net.minidev:json-smart:jar:2.6.0 in the shaded jar.
2026-10-06T14:58:06.4566242Z [INFO] Including net.minidev:accessors-smart:jar:2.6.0 in the shaded jar.
2026-10-06T14:58:06.4567101Z [INFO] Including org.ow2.asm:asm:jar:9.7.1 in the shaded jar.
2026-10-06T14:58:06.4568139Z [INFO] Including org.apache.commons:commons-text:jar:1.13.1 in the shaded jar.
2026-10-06T14:58:06.4569274Z [INFO] Including com.squareup.okhttp3:okhttp-jvm:jar:5.3.2 in the shaded jar.
2026-10-06T14:58:06.4574011Z [INFO] Including com.squareup.okio:okio-jvm:jar:3.16.4 in the shaded jar.
2026-10-06T14:58:06.4575750Z [INFO] Including org.jetbrains.kotlin:kotlin-stdlib:jar:2.2.21 in the shaded jar.
2026-10-06T14:58:06.4577071Z [INFO] Including org.jetbrains:annotations:jar:13.0 in the shaded jar.
2026-10-06T14:58:06.4578026Z [INFO] Including cn.hutool:hutool-crypto:jar:5.8.22 in the shaded jar.
2026-10-06T14:58:06.4578861Z [INFO] Including cn.hutool:hutool-core:jar:5.8.22 in the shaded jar.
2026-10-06T14:58:06.4580001Z [INFO] Including com.github.liuyueyi.quick-chinese-transfer:quick-transfer-core:jar:0.2.17 in the shaded jar.
2026-10-06T14:58:06.4582055Z [INFO] Dependency-reduced POM written at: /home/runner/work/bookon/bookon/scripts/golden/dependency-reduced-pom.xml
2026-10-06T14:58:06.6410062Z [WARNING] Discovered module-info.class. Shading will break its strong encapsulation.
2026-10-06T14:58:06.8553564Z [WARNING] Discovered module-info.class. Shading will break its strong encapsulation.
2026-10-06T14:58:07.3390792Z [WARNING] commons-lang3-3.18.0.jar, commons-text-1.13.1.jar define 2 overlapping resources: 
2026-10-06T14:58:07.3392385Z [WARNING]   - META-INF/LICENSE.txt
2026-10-06T14:58:07.3393273Z [WARNING]   - META-INF/NOTICE.txt
2026-10-06T14:58:07.3395194Z [WARNING] commons-lang3-3.18.0.jar, commons-text-1.13.1.jar, error_prone_annotations-2.41.0.jar, gson-2.13.2.jar, kotlin-stdlib-2.2.21.jar, okhttp-jvm-5.3.2.jar define 1 overlapping classes: 
2026-10-06T14:58:07.3397309Z [WARNING]   - META-INF.versions.9.module-info
2026-10-06T14:58:07.3401258Z [WARNING] JsoupXpath-2.5.3.jar, accessors-smart-2.6.0.jar, annotations-13.0.jar, antlr4-runtime-4.7.2.jar, asm-9.7.1.jar, commons-lang3-3.18.0.jar, commons-text-1.13.1.jar, error_prone_annotations-2.41.0.jar, golden-generator.jar, gson-2.13.2.jar, hutool-core-5.8.22.jar, hutool-crypto-5.8.22.jar, json-path-2.10.0.jar, json-smart-2.6.0.jar, jsoup-1.16.2.jar, kotlin-stdlib-2.2.21.jar, okhttp-jvm-5.3.2.jar, okio-jvm-3.16.4.jar, quick-transfer-core-0.2.17.jar, rhino-1.8.1.jar, slf4j-api-1.7.36.jar define 1 overlapping resource: 
2026-10-06T14:58:07.3405210Z [WARNING]   - META-INF/MANIFEST.MF
2026-10-06T14:58:07.3406000Z [WARNING] maven-shade-plugin has detected that some files are
2026-10-06T14:58:07.3406938Z [WARNING] present in two or more JARs. When this happens, only one
2026-10-06T14:58:07.3407950Z [WARNING] single version of the file is copied to the uber jar.
2026-10-06T14:58:07.3409075Z [WARNING] Usually this is not harmful and you can skip these warnings,
2026-10-06T14:58:07.3410070Z [WARNING] otherwise try to manually exclude artifacts based on
2026-10-06T14:58:07.3411329Z [WARNING] mvn dependency:tree -Ddetail=true and the above output.
2026-10-06T14:58:07.3412415Z [WARNING] See https://maven.apache.org/plugins/maven-shade-plugin/
2026-10-06T14:58:07.3481282Z [INFO] Replacing original artifact with shaded artifact.
2026-10-06T14:58:07.3482907Z [INFO] Replacing /home/runner/work/bookon/bookon/scripts/golden/target/golden-generator.jar with /home/runner/work/bookon/bookon/scripts/golden/target/golden-generator-1.0.0-shaded.jar
2026-10-06T14:58:07.3484222Z [INFO] ------------------------------------------------------------------------
2026-10-06T14:58:07.3484850Z [INFO] BUILD SUCCESS
2026-10-06T14:58:07.3485355Z [INFO] ------------------------------------------------------------------------
2026-10-06T14:58:07.3485881Z [INFO] Total time:  5.162 s
2026-10-06T14:58:07.3486147Z [INFO] Finished at: 2026-10-06T14:58:07Z
2026-10-06T14:58:07.3486500Z [INFO] ------------------------------------------------------------------------
2026-10-06T14:58:07.3881790Z ##[group]Run set -e
2026-10-06T14:58:07.3882125Z [36;1mset -e[0m
2026-10-06T14:58:07.3882436Z [36;1mjava -jar target/golden-generator.jar cases out[0m
2026-10-06T14:58:07.3882781Z [36;1mecho "=== 生成的文件 ==="[0m
2026-10-06T14:58:07.3883029Z [36;1mls -la out[0m
2026-10-06T14:58:07.3883287Z [36;1mCOUNT=$(ls out/*.json 2>/dev/null | wc -l)[0m
2026-10-06T14:58:07.3883603Z [36;1mif [ "$COUNT" -eq 0 ]; then[0m
2026-10-06T14:58:07.3883872Z [36;1m  echo "错误：未生成任何 golden 文件"[0m
2026-10-06T14:58:07.3884142Z [36;1m  exit 1[0m
2026-10-06T14:58:07.3884340Z [36;1mfi[0m
2026-10-06T14:58:07.3948660Z shell: /usr/bin/bash -e {0}
2026-10-06T14:58:07.3948923Z env:
2026-10-06T14:58:07.3949241Z   JAVA_HOME: /opt/hostedtoolcache/Java_Temurin-Hotspot_jdk/11.0.32-1/x64
2026-10-06T14:58:07.3949765Z   JAVA_HOME_11_X64: /opt/hostedtoolcache/Java_Temurin-Hotspot_jdk/11.0.32-1/x64
2026-10-06T14:58:07.3950163Z ##[endgroup]
2026-10-06T14:58:07.9122225Z AnalyzeUrl 规则解析: 94 条（手工移植调度 + 真实 Rhino）
2026-10-06T14:58:07.9402146Z 生成: analyze_url_cases.json
2026-10-06T14:58:08.9637197Z 字符集检测: 240 条（真实 legado icu4j 检测器源码 + EncodingDetect 移植；其中合成小说章节文本 45 条）
2026-10-06T14:58:08.9661668Z Cookie 纯函数: 47 条（手工移植 CookieStore/CookieManager）
2026-10-06T14:58:08.9691157Z 生成: cookie_cases.json
2026-10-06T14:58:09.0081763Z 生成: css_basic.json
2026-10-06T14:58:09.0134910Z 生成: css_real_xiaoshuo2016.json
2026-10-06T14:58:09.0341962Z HtmlFormatter: 85 条（format/formatKeepImg 手工 Java 移植）
2026-10-06T14:58:09.0342989Z 生成: html_formatter_cases.json
2026-10-06T14:58:09.4282157Z URL 规范化: 170 条（真实 OkHttp 5.3.2 HttpUrl）
2026-10-06T14:58:09.4291250Z 生成: http_url_cases.json
2026-10-06T14:58:09.6825360Z JsExtensions 纯算法: 321 条用例（真实 hutool/quick-transfer/Java 标准库）
2026-10-06T14:58:09.6843965Z Java MessageDigest: 2 条
2026-10-06T14:58:09.6881337Z 生成: js_ext_cases.json
2026-10-06T14:58:09.7461845Z Rhino 数字入参: 42 条（真实 Rhino 1.8.1 转换结果）
2026-10-06T14:58:09.7489928Z 生成: js_number_args.json
2026-10-06T14:58:09.8059319Z Rhino 1.8.1: 74 条 JS 用例（getString + inline {{}}，保留 rawType/evalType）
2026-10-06T14:58:09.8081381Z 生成: js_rhino.json
2026-10-06T14:58:09.8322178Z SLF4J: Failed to load class "org.slf4j.impl.StaticLoggerBinder".
2026-10-06T14:58:09.8341938Z SLF4J: Defaulting to no-operation (NOP) logger implementation
2026-10-06T14:58:09.8361872Z SLF4J: See http://www.slf4j.org/codes.html#StaticLoggerBinder for further details.
2026-10-06T14:58:09.8751835Z 生成: jsonpath_cases.json
2026-10-06T14:58:10.0892700Z jsoup 替身对照: 91 条用例（同一 JS，真实 jsoup 1.16.2 + Rhino 1.8.1）
2026-10-06T14:58:10.0921319Z 生成: jsoup_cases.json
2026-10-06T14:58:10.2127326Z 生成: malformed_html.json
2026-10-06T14:58:10.2201067Z 生成: regex_analyze.json
2026-10-06T14:58:10.2249030Z 生成: regex_replace.json
2026-10-06T14:58:11.4301497Z OkHttp 请求对照: 43 条（真实 OkHttp 5.3.2 → 本地 HttpServer）
2026-10-06T14:58:13.9861371Z OkHttp 重定向/Cookie 链对照: 44 条
2026-10-06T14:58:14.5472788Z OkHttp Cookie 对照: 13 条
2026-10-06T14:58:14.5559771Z OkHttp 自动头清单: 4 条
2026-10-06T14:58:14.7157944Z 生成: serializer_synthetic.json
2026-10-06T14:58:14.7338276Z 生成: unescape_html4.json
2026-10-06T14:58:14.7366762Z 生成: url_absolute.json
2026-10-06T14:58:14.7441678Z URL 编码: 299 条（真实 hutool/URLEncoder）
2026-10-06T14:58:14.7468396Z 生成: url_codec_cases.json
2026-10-06T14:58:14.7527743Z UrlOption 解析: 84 条（真实 Gson + legado 定制适配器）
2026-10-06T14:58:14.7529620Z 生成: url_option_cases.json
2026-10-06T14:58:14.7631391Z wordCountFormat: 35 条（手工 Java 移植）
2026-10-06T14:58:14.7631881Z 生成: word_count_cases.json
2026-10-06T14:58:14.7961532Z line 1:10 token recognition error at: '%'
2026-10-06T14:58:14.8021317Z line 1:11 token recognition error at: '%'
2026-10-06T14:58:14.8271581Z 生成: xpath_basic.json
2026-10-06T14:58:14.8311603Z 生成: xpath_real_caimoge.json
2026-10-06T14:58:14.8324854Z 完成：处理 24 个用例文件，共 2391 条用例。
2026-10-06T14:58:14.8583399Z === 生成的文件 ===
2026-10-06T14:58:14.8600743Z total 2060
2026-10-06T14:58:14.8601236Z drwxr-xr-x 2 runner runner    4096 Oct  6 14:58 .
2026-10-06T14:58:14.8601827Z drwxr-xr-x 6 runner runner    4096 Oct  6 14:58 ..
2026-10-06T14:58:14.8602630Z -rw-r--r-- 1 runner runner   25004 Oct  6 14:58 analyze_url_cases.json
2026-10-06T14:58:14.8603167Z -rw-r--r-- 1 runner runner    4348 Oct  6 14:58 auto_header_cases.json
2026-10-06T14:58:14.8603620Z -rw-r--r-- 1 runner runner 1245937 Oct  6 14:58 charset_cases.json
2026-10-06T14:58:14.8604058Z -rw-r--r-- 1 runner runner    6249 Oct  6 14:58 cookie_cases.json
2026-10-06T14:58:14.8604457Z -rw-r--r-- 1 runner runner   17657 Oct  6 14:58 css_basic.json
2026-10-06T14:58:14.8604880Z -rw-r--r-- 1 runner runner    4656 Oct  6 14:58 css_real_xiaoshuo2016.json
2026-10-06T14:58:14.8605346Z -rw-r--r-- 1 runner runner   15385 Oct  6 14:58 html_formatter_cases.json
2026-10-06T14:58:14.8605808Z -rw-r--r-- 1 runner runner   27613 Oct  6 14:58 http_url_cases.json
2026-10-06T14:58:14.8606224Z -rw-r--r-- 1 runner runner   72274 Oct  6 14:58 js_ext_cases.json
2026-10-06T14:58:14.8606737Z -rw-r--r-- 1 runner runner    7615 Oct  6 14:58 js_number_args.json
2026-10-06T14:58:14.8607431Z -rw-r--r-- 1 runner runner   15684 Oct  6 14:58 js_rhino.json
2026-10-06T14:58:14.8608125Z -rw-r--r-- 1 runner runner   41164 Oct  6 14:58 jsonpath_cases.json
2026-10-06T14:58:14.8608795Z -rw-r--r-- 1 runner runner   53659 Oct  6 14:58 jsoup_cases.json
2026-10-06T14:58:14.8609516Z -rw-r--r-- 1 runner runner   16828 Oct  6 14:58 malformed_html.json
2026-10-06T14:58:14.8610212Z -rw-r--r-- 1 runner runner  105525 Oct  6 14:58 redirect_cases.json
2026-10-06T14:58:14.8611120Z -rw-r--r-- 1 runner runner    7921 Oct  6 14:58 regex_analyze.json
2026-10-06T14:58:14.8611543Z -rw-r--r-- 1 runner runner    9501 Oct  6 14:58 regex_replace.json
2026-10-06T14:58:14.8611988Z -rw-r--r-- 1 runner runner   62985 Oct  6 14:58 request_cases.json
2026-10-06T14:58:14.8612740Z -rw-r--r-- 1 runner runner   20346 Oct  6 14:58 request_cookie_cases.json
2026-10-06T14:58:14.8613525Z -rw-r--r-- 1 runner runner  152520 Oct  6 14:58 serializer_synthetic.json
2026-10-06T14:58:14.8614254Z -rw-r--r-- 1 runner runner    5447 Oct  6 14:58 unescape_html4.json
2026-10-06T14:58:14.8614679Z -rw-r--r-- 1 runner runner   10750 Oct  6 14:58 url_absolute.json
2026-10-06T14:58:14.8615297Z -rw-r--r-- 1 runner runner   51763 Oct  6 14:58 url_codec_cases.json
2026-10-06T14:58:14.8615712Z -rw-r--r-- 1 runner runner   27239 Oct  6 14:58 url_option_cases.json
2026-10-06T14:58:14.8616131Z -rw-r--r-- 1 runner runner    3082 Oct  6 14:58 word_count_cases.json
2026-10-06T14:58:14.8616535Z -rw-r--r-- 1 runner runner   24993 Oct  6 14:58 xpath_basic.json
2026-10-06T14:58:14.8616955Z -rw-r--r-- 1 runner runner    4863 Oct  6 14:58 xpath_real_caimoge.json
2026-10-06T14:58:14.8905840Z ##[group]Run actions/upload-artifact@v4
2026-10-06T14:58:14.8906161Z with:
2026-10-06T14:58:14.8906363Z   name: golden-data
2026-10-06T14:58:14.8906604Z   path: scripts/golden/out/*.json
2026-10-06T14:58:14.8906883Z   if-no-files-found: error
2026-10-06T14:58:14.8907135Z   compression-level: 6
2026-10-06T14:58:14.8907360Z   overwrite: false
2026-10-06T14:58:14.8907585Z   include-hidden-files: false
2026-10-06T14:58:14.8907824Z env:
2026-10-06T14:58:14.8908137Z   JAVA_HOME: /opt/hostedtoolcache/Java_Temurin-Hotspot_jdk/11.0.32-1/x64
2026-10-06T14:58:14.8908656Z   JAVA_HOME_11_X64: /opt/hostedtoolcache/Java_Temurin-Hotspot_jdk/11.0.32-1/x64
2026-10-06T14:58:14.8909038Z ##[endgroup]
2026-10-06T14:58:15.0738941Z (node:2412) [DEP0040] DeprecationWarning: The `punycode` module is deprecated. Please use a userland alternative instead.
2026-10-06T14:58:15.0740272Z (Use `node --trace-deprecation ...` to show where the warning was created)
2026-10-06T14:58:15.0859499Z With the provided path, there will be 27 files uploaded
2026-10-06T14:58:15.0865754Z Artifact name is valid!
2026-10-06T14:58:15.0871161Z Root directory input is valid!
2026-10-06T14:58:15.3084597Z Beginning upload of artifact content to blob storage
2026-10-06T14:58:15.3861399Z (node:2412) [DEP0169] DeprecationWarning: `url.parse()` behavior is not standardized and prone to errors that have security implications. Use the WHATWG URL API instead. CVEs are not issued for `url.parse()` vulnerabilities.
2026-10-06T14:58:15.4495505Z Uploaded bytes 227809
2026-10-06T14:58:15.4676944Z Finished uploading artifact content to blob storage!
2026-10-06T14:58:15.4679066Z SHA256 digest of uploaded artifact zip is 19ec144c045278ba8f36cbc6a0aa74a57333aed30dfb4d41e85257318f0bbe8d
2026-10-06T14:58:15.4681132Z Finalizing artifact upload
2026-10-06T14:58:15.6970200Z Artifact golden-data.zip successfully finalized. Artifact ID 11422406805
2026-10-06T14:58:15.6971735Z Artifact golden-data has been successfully uploaded! Final size is 227809 bytes. Artifact ID is 11422406805
2026-10-06T14:58:15.6977920Z Artifact download URL: https://github.com/zhuof725/bookon/actions/runs/37483342891/artifacts/11422406805
2026-10-06T14:58:15.7162782Z Post job cleanup.
2026-10-06T14:58:15.8501319Z (node:2424) [DEP0040] DeprecationWarning: The `punycode` module is deprecated. Please use a userland alternative instead.
2026-10-06T14:58:15.8502291Z (Use `node --trace-deprecation ...` to show where the warning was created)
2026-10-06T14:58:15.8508014Z Cache hit occurred on the primary key setup-java-Linux-x64-maven-0a6a93d0a8722e28836b1cf200a29f5a5fd29adaf01c95f1b393ac6a34d9789e, not saving cache.
2026-10-06T14:58:15.8702623Z Post job cleanup.
2026-10-06T14:58:15.9678634Z [command]/usr/bin/git version
2026-10-06T14:58:15.9733127Z git version 2.55.0
2026-10-06T14:58:15.9792033Z Temporarily overriding HOME='/home/runner/work/_temp/ac60a78d-333d-419e-b688-1e84b11aa758' before making global git config changes
2026-10-06T14:58:15.9793553Z Adding repository directory to the temporary git global config as a safe directory
2026-10-06T14:58:15.9797230Z [command]/usr/bin/git config --global --add safe.directory /home/runner/work/bookon/bookon
2026-10-06T14:58:15.9852606Z [command]/usr/bin/git config --local --name-only --get-regexp core\.sshCommand
2026-10-06T14:58:15.9921452Z [command]/usr/bin/git submodule foreach --recursive sh -c "git config --local --name-only --get-regexp 'core\.sshCommand' && git config --local --unset-all 'core.sshCommand' || :"
2026-10-06T14:58:16.0176900Z [command]/usr/bin/git config --local --name-only --get-regexp http\.https\:\/\/github\.com\/\.extraheader
2026-10-06T14:58:16.0201181Z http.https://github.com/.extraheader
2026-10-06T14:58:16.0214892Z [command]/usr/bin/git config --local --unset-all http.https://github.com/.extraheader
2026-10-06T14:58:16.0251220Z [command]/usr/bin/git submodule foreach --recursive sh -c "git config --local --name-only --get-regexp 'http\.https\:\/\/github\.com\/\.extraheader' && git config --local --unset-all 'http.https://github.com/.extraheader' || :"
2026-10-06T14:58:16.0537676Z [command]/usr/bin/git config --local --name-only --get-regexp ^includeIf\.gitdir:
2026-10-06T14:58:16.0582890Z [command]/usr/bin/git submodule foreach --recursive git config --local --show-origin --name-only --get-regexp remote.origin.url
2026-10-06T14:58:16.0976924Z Cleaning up orphan processes
2026-10-06T14:58:16.1256897Z ##[warning]Node.js 20 is deprecated. The following actions target Node.js 20 but are being forced to run on Node.js 24: actions/checkout@v4, actions/setup-java@v4, actions/upload-artifact@v4. For more information see: https://github.blog/changelog/2025-09-19-deprecation-of-node-20-on-github-actions-runners/
