2026-10-06T13:38:44.2387158Z Current runner version: '2.337.0'
2026-10-06T13:38:44.2412840Z ##[group]Runner Image Provisioner
2026-10-06T13:38:44.2413948Z Hosted Compute Agent
2026-10-06T13:38:44.2414639Z Version: 20260901.588
2026-10-06T13:38:44.2415310Z Commit: f88ec8081b781fac6c440065ac7ff9e710ce3d0b
2026-10-06T13:38:44.2416070Z Build Date: 2026-09-01T19:56:44Z
2026-10-06T13:38:44.2416928Z Worker ID: {47365a67-cca2-47da-b033-f9ee77f5b30c}
2026-10-06T13:38:44.2417680Z Azure Region: eastus
2026-10-06T13:38:44.2418302Z ##[endgroup]
2026-10-06T13:38:44.2420238Z ##[group]Operating System
2026-10-06T13:38:44.2420969Z Ubuntu
2026-10-06T13:38:44.2421613Z 24.04.5
2026-10-06T13:38:44.2422236Z LTS
2026-10-06T13:38:44.2422790Z ##[endgroup]
2026-10-06T13:38:44.2423373Z ##[group]Runner Image
2026-10-06T13:38:44.2424019Z Image: ubuntu-24.04
2026-10-06T13:38:44.2424636Z Version: 20260927.320.1
2026-10-06T13:38:44.2425895Z Included Software: https://github.com/actions/runner-images/blob/ubuntu24/20260927.320/images/ubuntu/Ubuntu2404-Readme.md
2026-10-06T13:38:44.2427520Z Image Release: https://github.com/actions/runner-images/releases/tag/ubuntu24%2F20260927.320
2026-10-06T13:38:44.2428525Z ##[endgroup]
2026-10-06T13:38:44.2429987Z ##[group]GITHUB_TOKEN Permissions
2026-10-06T13:38:44.2432099Z Contents: read
2026-10-06T13:38:44.2433142Z Metadata: read
2026-10-06T13:38:44.2433771Z Packages: read
2026-10-06T13:38:44.2434407Z ##[endgroup]
2026-10-06T13:38:44.2436528Z Secret source: Actions
2026-10-06T13:38:44.2437465Z Cache mode: write
2026-10-06T13:38:44.2438494Z Prepare workflow directory
2026-10-06T13:38:44.2787850Z Prepare all required actions
2026-10-06T13:38:44.2860768Z Getting action download info
2026-10-06T13:38:44.5738953Z Download action repository 'actions/checkout@v4' (SHA:11d5960a326750d5838078e36cf38b85af677262)
2026-10-06T13:38:44.6640153Z Download action repository 'actions/setup-java@v4' (SHA:cf277c60eb25467037889841efdb72551f06f6c3)
2026-10-06T13:38:44.9141174Z Download action repository 'actions/upload-artifact@v4' (SHA:ea165f8d65b6e75b540449e92b4886f43607fa02)
2026-10-06T13:38:45.1384114Z Complete job name: golden
2026-10-06T13:38:45.2216866Z ##[group]Run actions/checkout@v4
2026-10-06T13:38:45.2217852Z with:
2026-10-06T13:38:45.2218365Z   repository: zhuof725/bookon
2026-10-06T13:38:45.2222794Z   token: ***
2026-10-06T13:38:45.2223312Z   ssh-strict: true
2026-10-06T13:38:45.2223820Z   ssh-user: git
2026-10-06T13:38:45.2224336Z   persist-credentials: true
2026-10-06T13:38:45.2224897Z   clean: true
2026-10-06T13:38:45.2225401Z   sparse-checkout-cone-mode: true
2026-10-06T13:38:45.2225984Z   fetch-depth: 1
2026-10-06T13:38:45.2226474Z   fetch-tags: false
2026-10-06T13:38:45.2226986Z   show-progress: true
2026-10-06T13:38:45.2227513Z   lfs: false
2026-10-06T13:38:45.2227999Z   submodules: false
2026-10-06T13:38:45.2228517Z   set-safe-directory: true
2026-10-06T13:38:45.2229086Z   allow-unsafe-pr-checkout: false
2026-10-06T13:38:45.2230153Z ##[endgroup]
2026-10-06T13:38:45.3380792Z Syncing repository: zhuof725/bookon
2026-10-06T13:38:45.3383745Z ##[group]Getting Git version info
2026-10-06T13:38:45.3384687Z Working directory is '/home/runner/work/bookon/bookon'
2026-10-06T13:38:45.3386246Z [command]/usr/bin/git version
2026-10-06T13:38:45.3505011Z git version 2.55.0
2026-10-06T13:38:45.3537181Z ##[endgroup]
2026-10-06T13:38:45.3556168Z Temporarily overriding HOME='/home/runner/work/_temp/fa2203b6-3acf-4ada-bd6c-006650b34275' before making global git config changes
2026-10-06T13:38:45.3559170Z Adding repository directory to the temporary git global config as a safe directory
2026-10-06T13:38:45.3563659Z [command]/usr/bin/git config --global --add safe.directory /home/runner/work/bookon/bookon
2026-10-06T13:38:45.3630709Z Deleting the contents of '/home/runner/work/bookon/bookon'
2026-10-06T13:38:45.3640421Z ##[group]Initializing the repository
2026-10-06T13:38:45.3648711Z [command]/usr/bin/git init /home/runner/work/bookon/bookon
2026-10-06T13:38:45.3799050Z hint: Using 'master' as the name for the initial branch. This default branch name
2026-10-06T13:38:45.3802362Z hint: will change to "main" in Git 3.0. To configure the initial branch name
2026-10-06T13:38:45.3804331Z hint: to use in all of your new repositories, which will suppress this warning,
2026-10-06T13:38:45.3806045Z hint: call:
2026-10-06T13:38:45.3806949Z hint:
2026-10-06T13:38:45.3808160Z hint: 	git config --global init.defaultBranch <name>
2026-10-06T13:38:45.3809775Z hint:
2026-10-06T13:38:45.3811032Z hint: Names commonly chosen instead of 'master' are 'main', 'trunk' and
2026-10-06T13:38:45.3813112Z hint: 'development'. The just-created branch can be renamed via this command:
2026-10-06T13:38:45.3814702Z hint:
2026-10-06T13:38:45.3815502Z hint: 	git branch -m <name>
2026-10-06T13:38:45.3816418Z hint:
2026-10-06T13:38:45.3817748Z hint: Disable this message with "git config set advice.defaultBranchName false"
2026-10-06T13:38:45.3820254Z Initialized empty Git repository in /home/runner/work/bookon/bookon/.git/
2026-10-06T13:38:45.3823485Z [command]/usr/bin/git remote add origin https://github.com/zhuof725/bookon
2026-10-06T13:38:45.3890524Z ##[endgroup]
2026-10-06T13:38:45.3892166Z ##[group]Disabling automatic garbage collection
2026-10-06T13:38:45.3897854Z [command]/usr/bin/git config --local gc.auto 0
2026-10-06T13:38:45.3936562Z ##[endgroup]
2026-10-06T13:38:45.3938148Z ##[group]Setting up auth
2026-10-06T13:38:45.3944886Z [command]/usr/bin/git config --local --name-only --get-regexp core\.sshCommand
2026-10-06T13:38:45.3984100Z [command]/usr/bin/git submodule foreach --recursive sh -c "git config --local --name-only --get-regexp 'core\.sshCommand' && git config --local --unset-all 'core.sshCommand' || :"
2026-10-06T13:38:45.4427808Z [command]/usr/bin/git config --local --name-only --get-regexp http\.https\:\/\/github\.com\/\.extraheader
2026-10-06T13:38:45.4466262Z [command]/usr/bin/git submodule foreach --recursive sh -c "git config --local --name-only --get-regexp 'http\.https\:\/\/github\.com\/\.extraheader' && git config --local --unset-all 'http.https://github.com/.extraheader' || :"
2026-10-06T13:38:45.4695357Z [command]/usr/bin/git config --local --name-only --get-regexp ^includeIf\.gitdir:
2026-10-06T13:38:45.4733212Z [command]/usr/bin/git submodule foreach --recursive git config --local --show-origin --name-only --get-regexp remote.origin.url
2026-10-06T13:38:45.4961996Z [command]/usr/bin/git config --local http.https://github.com/.extraheader AUTHORIZATION: basic ***
2026-10-06T13:38:45.5003553Z ##[endgroup]
2026-10-06T13:38:45.5004496Z ##[group]Fetching the repository
2026-10-06T13:38:45.5013928Z [command]/usr/bin/git -c protocol.version=2 fetch --no-tags --prune --no-recurse-submodules --depth=1 origin +a61fcdf9a44a2599af67e65b223df2749b42b292:refs/remotes/origin/main
2026-10-06T13:38:47.9376308Z From https://github.com/zhuof725/bookon
2026-10-06T13:38:47.9378267Z  * [new ref]         a61fcdf9a44a2599af67e65b223df2749b42b292 -> origin/main
2026-10-06T13:38:47.9384765Z ##[endgroup]
2026-10-06T13:38:47.9387142Z ##[group]Determining the checkout info
2026-10-06T13:38:47.9390189Z ##[endgroup]
2026-10-06T13:38:47.9395175Z [command]/usr/bin/git sparse-checkout disable
2026-10-06T13:38:47.9451879Z [command]/usr/bin/git config --local --unset-all extensions.worktreeConfig
2026-10-06T13:38:47.9486057Z ##[group]Checking out the ref
2026-10-06T13:38:47.9490493Z [command]/usr/bin/git checkout --progress --force -B main refs/remotes/origin/main
2026-10-06T13:38:48.0930791Z Switched to a new branch 'main'
2026-10-06T13:38:48.0935234Z branch 'main' set up to track 'origin/main'.
2026-10-06T13:38:48.0968578Z ##[endgroup]
2026-10-06T13:38:48.1018616Z [command]/usr/bin/git log -1 --format=%H
2026-10-06T13:38:48.1047967Z a61fcdf9a44a2599af67e65b223df2749b42b292
2026-10-06T13:38:48.1586177Z ##[group]Run actions/setup-java@v4
2026-10-06T13:38:48.1587414Z with:
2026-10-06T13:38:48.1588300Z   distribution: temurin
2026-10-06T13:38:48.1589300Z   java-version: 11
2026-10-06T13:38:48.1590497Z   cache: maven
2026-10-06T13:38:48.1591420Z   java-package: jdk
2026-10-06T13:38:48.1592386Z   check-latest: false
2026-10-06T13:38:48.1593586Z   server-id: github
2026-10-06T13:38:48.1594628Z   server-username: GITHUB_ACTOR
2026-10-06T13:38:48.1595773Z   server-password: GITHUB_TOKEN
2026-10-06T13:38:48.1596916Z   overwrite-settings: true
2026-10-06T13:38:48.1597988Z   job-status: success
2026-10-06T13:38:48.1608449Z   token: ***
2026-10-06T13:38:48.1609614Z ##[endgroup]
2026-10-06T13:38:48.3318114Z ##[warning]setup-java v4 is deprecated and will no longer receive updates. Please migrate to actions/setup-java@v5.
2026-10-06T13:38:48.3329809Z ##[group]Installed distributions
2026-10-06T13:38:48.3458443Z Resolved Java 11.0.32+1 from tool-cache
2026-10-06T13:38:48.3460275Z Setting Java 11.0.32+1 as the default
2026-10-06T13:38:48.3470928Z (node:2278) [DEP0040] DeprecationWarning: The `punycode` module is deprecated. Please use a userland alternative instead.
2026-10-06T13:38:48.3474284Z (Use `node --trace-deprecation ...` to show where the warning was created)
2026-10-06T13:38:48.3476449Z Creating toolchains.xml for JDK version 11 from temurin
2026-10-06T13:38:48.3552975Z Writing to /home/runner/.m2/toolchains.xml
2026-10-06T13:38:48.3554529Z 
2026-10-06T13:38:48.3555237Z Java configuration:
2026-10-06T13:38:48.3556889Z   Distribution: temurin
2026-10-06T13:38:48.3558586Z   Version: 11.0.32+1
2026-10-06T13:38:48.3561062Z   Path: /opt/hostedtoolcache/Java_Temurin-Hotspot_jdk/11.0.32-1/x64
2026-10-06T13:38:48.3562417Z 
2026-10-06T13:38:48.3563933Z ##[endgroup]
2026-10-06T13:38:48.3583514Z Creating settings.xml with server-id: github
2026-10-06T13:38:48.3585538Z Writing to /home/runner/.m2/settings.xml
2026-10-06T13:38:48.5375914Z Cache hit for: setup-java-Linux-x64-maven-0a6a93d0a8722e28836b1cf200a29f5a5fd29adaf01c95f1b393ac6a34d9789e
2026-10-06T13:38:48.5489879Z (node:2278) [DEP0169] DeprecationWarning: `url.parse()` behavior is not standardized and prone to errors that have security implications. Use the WHATWG URL API instead. CVEs are not issued for `url.parse()` vulnerabilities.
2026-10-06T13:38:48.8877499Z Received 27056378 of 27056378 (100.0%), 87.2 MBs/sec
2026-10-06T13:38:48.8879011Z Cache Size: ~26 MB (27056378 B)
2026-10-06T13:38:48.8911680Z [command]/usr/bin/tar -xf /home/runner/work/_temp/37d6c8c9-7c71-443b-ad78-f7a9ceeed96a/cache.tzst -P -C /home/runner/work/bookon/bookon --use-compress-program unzstd
2026-10-06T13:38:48.9962978Z Cache restored successfully
2026-10-06T13:38:48.9984091Z Cache restored from key: setup-java-Linux-x64-maven-0a6a93d0a8722e28836b1cf200a29f5a5fd29adaf01c95f1b393ac6a34d9789e
2026-10-06T13:38:49.0197882Z ##[group]Run mvn -B -ntp package
2026-10-06T13:38:49.0198257Z [36;1mmvn -B -ntp package[0m
2026-10-06T13:38:49.0462291Z shell: /usr/bin/bash -e {0}
2026-10-06T13:38:49.0462648Z env:
2026-10-06T13:38:49.0463052Z   JAVA_HOME: /opt/hostedtoolcache/Java_Temurin-Hotspot_jdk/11.0.32-1/x64
2026-10-06T13:38:49.0463717Z   JAVA_HOME_11_X64: /opt/hostedtoolcache/Java_Temurin-Hotspot_jdk/11.0.32-1/x64
2026-10-06T13:38:49.0464226Z ##[endgroup]
2026-10-06T13:38:52.2780564Z [INFO] Scanning for projects...
2026-10-06T13:38:52.3700498Z [INFO] 
2026-10-06T13:38:52.3710600Z [INFO] -----------------< io.legado.golden:golden-generator >------------------
2026-10-06T13:38:52.3711845Z [INFO] Building golden-generator 1.0.0
2026-10-06T13:38:52.3720065Z [INFO]   from pom.xml
2026-10-06T13:38:52.3740300Z [INFO] --------------------------------[ jar ]---------------------------------
2026-10-06T13:38:52.6453333Z [INFO] 
2026-10-06T13:38:52.6491349Z [INFO] --- resources:3.4.0:resources (default-resources) @ golden-generator ---
2026-10-06T13:38:52.8333598Z [INFO] Copying 1 resource from src/main/resources to target/classes
2026-10-06T13:38:52.8385449Z [INFO] 
2026-10-06T13:38:52.8386191Z [INFO] --- compiler:3.15.0:compile (default-compile) @ golden-generator ---
2026-10-06T13:38:53.0532868Z [INFO] Recompiling the module because of changed source code.
2026-10-06T13:38:53.0673805Z [INFO] Compiling 28 source files with javac [debug target 11] to target/classes
2026-10-06T13:38:55.1720118Z [INFO] 
2026-10-06T13:38:55.1730851Z [INFO] --- resources:3.4.0:testResources (default-testResources) @ golden-generator ---
2026-10-06T13:38:55.1770636Z [INFO] skip non existing resourceDirectory /home/runner/work/bookon/bookon/scripts/golden/src/test/resources
2026-10-06T13:38:55.1789932Z [INFO] 
2026-10-06T13:38:55.1831738Z [INFO] --- compiler:3.15.0:testCompile (default-testCompile) @ golden-generator ---
2026-10-06T13:38:55.1860055Z [INFO] No sources to compile
2026-10-06T13:38:55.1887881Z [INFO] 
2026-10-06T13:38:55.1920249Z [INFO] --- surefire:3.5.4:test (default-test) @ golden-generator ---
2026-10-06T13:38:55.3192803Z [INFO] No tests to run.
2026-10-06T13:38:55.3600977Z [INFO] 
2026-10-06T13:38:55.3630497Z [INFO] --- jar:3.5.0:jar (default-jar) @ golden-generator ---
2026-10-06T13:38:55.6495840Z [INFO] Building jar: /home/runner/work/bookon/bookon/scripts/golden/target/golden-generator.jar
2026-10-06T13:38:55.7387789Z [INFO] 
2026-10-06T13:38:55.7392106Z [INFO] --- shade:3.5.1:shade (default) @ golden-generator ---
2026-10-06T13:38:55.8260458Z [INFO] Including org.mozilla:rhino:jar:1.8.1 in the shaded jar.
2026-10-06T13:38:55.8293606Z [INFO] Including org.jsoup:jsoup:jar:1.16.2 in the shaded jar.
2026-10-06T13:38:55.8320291Z [INFO] Including cn.wanghaomiao:JsoupXpath:jar:2.5.3 in the shaded jar.
2026-10-06T13:38:55.8350261Z [INFO] Including org.apache.commons:commons-lang3:jar:3.18.0 in the shaded jar.
2026-10-06T13:38:55.8351609Z [INFO] Including org.antlr:antlr4-runtime:jar:4.7.2 in the shaded jar.
2026-10-06T13:38:55.8380297Z [INFO] Including org.slf4j:slf4j-api:jar:1.7.36 in the shaded jar.
2026-10-06T13:38:55.8381190Z [INFO] Including com.google.code.gson:gson:jar:2.13.2 in the shaded jar.
2026-10-06T13:38:55.8410535Z [INFO] Including com.google.errorprone:error_prone_annotations:jar:2.41.0 in the shaded jar.
2026-10-06T13:38:55.8440161Z [INFO] Including com.jayway.jsonpath:json-path:jar:2.10.0 in the shaded jar.
2026-10-06T13:38:55.8450479Z [INFO] Including net.minidev:json-smart:jar:2.6.0 in the shaded jar.
2026-10-06T13:38:55.8451669Z [INFO] Including net.minidev:accessors-smart:jar:2.6.0 in the shaded jar.
2026-10-06T13:38:55.8452775Z [INFO] Including org.ow2.asm:asm:jar:9.7.1 in the shaded jar.
2026-10-06T13:38:55.8453772Z [INFO] Including org.apache.commons:commons-text:jar:1.13.1 in the shaded jar.
2026-10-06T13:38:55.8454697Z [INFO] Including com.squareup.okhttp3:okhttp-jvm:jar:5.3.2 in the shaded jar.
2026-10-06T13:38:55.8455615Z [INFO] Including com.squareup.okio:okio-jvm:jar:3.16.4 in the shaded jar.
2026-10-06T13:38:55.8456966Z [INFO] Including org.jetbrains.kotlin:kotlin-stdlib:jar:2.2.21 in the shaded jar.
2026-10-06T13:38:55.8457760Z [INFO] Including org.jetbrains:annotations:jar:13.0 in the shaded jar.
2026-10-06T13:38:55.8458244Z [INFO] Including cn.hutool:hutool-crypto:jar:5.8.22 in the shaded jar.
2026-10-06T13:38:55.8458711Z [INFO] Including cn.hutool:hutool-core:jar:5.8.22 in the shaded jar.
2026-10-06T13:38:55.8459611Z [INFO] Including com.github.liuyueyi.quick-chinese-transfer:quick-transfer-core:jar:0.2.17 in the shaded jar.
2026-10-06T13:38:55.8460486Z [INFO] Dependency-reduced POM written at: /home/runner/work/bookon/bookon/scripts/golden/dependency-reduced-pom.xml
2026-10-06T13:38:56.0256978Z [WARNING] Discovered module-info.class. Shading will break its strong encapsulation.
2026-10-06T13:38:56.2611252Z [WARNING] Discovered module-info.class. Shading will break its strong encapsulation.
2026-10-06T13:38:56.7579773Z [WARNING] commons-lang3-3.18.0.jar, commons-text-1.13.1.jar define 2 overlapping resources: 
2026-10-06T13:38:56.7581108Z [WARNING]   - META-INF/LICENSE.txt
2026-10-06T13:38:56.7582160Z [WARNING]   - META-INF/NOTICE.txt
2026-10-06T13:38:56.7583946Z [WARNING] commons-lang3-3.18.0.jar, commons-text-1.13.1.jar, error_prone_annotations-2.41.0.jar, gson-2.13.2.jar, kotlin-stdlib-2.2.21.jar, okhttp-jvm-5.3.2.jar define 1 overlapping classes: 
2026-10-06T13:38:56.7585661Z [WARNING]   - META-INF.versions.9.module-info
2026-10-06T13:38:56.7589591Z [WARNING] JsoupXpath-2.5.3.jar, accessors-smart-2.6.0.jar, annotations-13.0.jar, antlr4-runtime-4.7.2.jar, asm-9.7.1.jar, commons-lang3-3.18.0.jar, commons-text-1.13.1.jar, error_prone_annotations-2.41.0.jar, golden-generator.jar, gson-2.13.2.jar, hutool-core-5.8.22.jar, hutool-crypto-5.8.22.jar, json-path-2.10.0.jar, json-smart-2.6.0.jar, jsoup-1.16.2.jar, kotlin-stdlib-2.2.21.jar, okhttp-jvm-5.3.2.jar, okio-jvm-3.16.4.jar, quick-transfer-core-0.2.17.jar, rhino-1.8.1.jar, slf4j-api-1.7.36.jar define 1 overlapping resource: 
2026-10-06T13:38:56.7596818Z [WARNING]   - META-INF/MANIFEST.MF
2026-10-06T13:38:56.7597703Z [WARNING] maven-shade-plugin has detected that some files are
2026-10-06T13:38:56.7598730Z [WARNING] present in two or more JARs. When this happens, only one
2026-10-06T13:38:56.7599980Z [WARNING] single version of the file is copied to the uber jar.
2026-10-06T13:38:56.7600976Z [WARNING] Usually this is not harmful and you can skip these warnings,
2026-10-06T13:38:56.7601999Z [WARNING] otherwise try to manually exclude artifacts based on
2026-10-06T13:38:56.7602983Z [WARNING] mvn dependency:tree -Ddetail=true and the above output.
2026-10-06T13:38:56.7604069Z [WARNING] See https://maven.apache.org/plugins/maven-shade-plugin/
2026-10-06T13:38:56.7645333Z [INFO] Replacing original artifact with shaded artifact.
2026-10-06T13:38:56.7701077Z [INFO] Replacing /home/runner/work/bookon/bookon/scripts/golden/target/golden-generator.jar with /home/runner/work/bookon/bookon/scripts/golden/target/golden-generator-1.0.0-shaded.jar
2026-10-06T13:38:56.7703283Z [INFO] ------------------------------------------------------------------------
2026-10-06T13:38:56.7720170Z [INFO] BUILD SUCCESS
2026-10-06T13:38:56.7721005Z [INFO] ------------------------------------------------------------------------
2026-10-06T13:38:56.7721792Z [INFO] Total time:  4.523 s
2026-10-06T13:38:56.7722243Z [INFO] Finished at: 2026-10-06T13:38:56Z
2026-10-06T13:38:56.7722871Z [INFO] ------------------------------------------------------------------------
2026-10-06T13:38:56.8044753Z ##[group]Run set -e
2026-10-06T13:38:56.8045054Z [36;1mset -e[0m
2026-10-06T13:38:56.8045356Z [36;1mjava -jar target/golden-generator.jar cases out[0m
2026-10-06T13:38:56.8045720Z [36;1mecho "=== 生成的文件 ==="[0m
2026-10-06T13:38:56.8045971Z [36;1mls -la out[0m
2026-10-06T13:38:56.8046222Z [36;1mCOUNT=$(ls out/*.json 2>/dev/null | wc -l)[0m
2026-10-06T13:38:56.8046535Z [36;1mif [ "$COUNT" -eq 0 ]; then[0m
2026-10-06T13:38:56.8046807Z [36;1m  echo "错误：未生成任何 golden 文件"[0m
2026-10-06T13:38:56.8047069Z [36;1m  exit 1[0m
2026-10-06T13:38:56.8047270Z [36;1mfi[0m
2026-10-06T13:38:56.8110298Z shell: /usr/bin/bash -e {0}
2026-10-06T13:38:56.8110564Z env:
2026-10-06T13:38:56.8110884Z   JAVA_HOME: /opt/hostedtoolcache/Java_Temurin-Hotspot_jdk/11.0.32-1/x64
2026-10-06T13:38:56.8111422Z   JAVA_HOME_11_X64: /opt/hostedtoolcache/Java_Temurin-Hotspot_jdk/11.0.32-1/x64
2026-10-06T13:38:56.8111820Z ##[endgroup]
2026-10-06T13:38:57.2576297Z AnalyzeUrl 规则解析: 94 条（手工移植调度 + 真实 Rhino）
2026-10-06T13:38:57.2810919Z 生成: analyze_url_cases.json
2026-10-06T13:38:57.9201046Z 字符集检测: 240 条（真实 legado icu4j 检测器源码 + EncodingDetect 移植；其中合成小说章节文本 45 条）
2026-10-06T13:38:57.9220449Z Cookie 纯函数: 47 条（手工移植 CookieStore/CookieManager）
2026-10-06T13:38:57.9230175Z 生成: cookie_cases.json
2026-10-06T13:38:57.9620624Z 生成: css_basic.json
2026-10-06T13:38:57.9660279Z 生成: css_real_xiaoshuo2016.json
2026-10-06T13:38:57.9820660Z HtmlFormatter: 85 条（format/formatKeepImg 手工 Java 移植）
2026-10-06T13:38:57.9840369Z 生成: html_formatter_cases.json
2026-10-06T13:38:58.0856709Z URL 规范化: 170 条（真实 OkHttp 5.3.2 HttpUrl）
2026-10-06T13:38:58.0870292Z 生成: http_url_cases.json
2026-10-06T13:38:58.3420605Z JsExtensions 纯算法: 321 条用例（真实 hutool/quick-transfer/Java 标准库）
2026-10-06T13:38:58.3450336Z Java MessageDigest: 2 条
2026-10-06T13:38:58.3480092Z 生成: js_ext_cases.json
2026-10-06T13:38:58.4024915Z Rhino 数字入参: 42 条（真实 Rhino 1.8.1 转换结果）
2026-10-06T13:38:58.4050282Z 生成: js_number_args.json
2026-10-06T13:38:58.4531690Z Rhino 1.8.1: 74 条 JS 用例（getString + inline {{}}，保留 rawType/evalType）
2026-10-06T13:38:58.4549763Z 生成: js_rhino.json
2026-10-06T13:38:58.4810505Z SLF4J: Failed to load class "org.slf4j.impl.StaticLoggerBinder".
2026-10-06T13:38:58.4811326Z SLF4J: Defaulting to no-operation (NOP) logger implementation
2026-10-06T13:38:58.4812204Z SLF4J: See http://www.slf4j.org/codes.html#StaticLoggerBinder for further details.
2026-10-06T13:38:58.5201256Z 生成: jsonpath_cases.json
2026-10-06T13:38:58.7206051Z jsoup 替身对照: 91 条用例（同一 JS，真实 jsoup 1.16.2 + Rhino 1.8.1）
2026-10-06T13:38:58.7230439Z 生成: jsoup_cases.json
2026-10-06T13:38:58.8326882Z 生成: malformed_html.json
2026-10-06T13:38:58.8386039Z 生成: regex_analyze.json
2026-10-06T13:38:58.8441629Z 生成: regex_replace.json
2026-10-06T13:38:59.8557204Z OkHttp 请求对照: 43 条（真实 OkHttp 5.3.2 → 本地 HttpServer）
2026-10-06T13:39:02.4220752Z OkHttp 重定向/Cookie 链对照: 44 条
2026-10-06T13:39:02.9894547Z OkHttp Cookie 对照: 13 条
2026-10-06T13:39:02.9974432Z OkHttp 自动头清单: 4 条
2026-10-06T13:39:03.2990884Z 生成: serializer_synthetic.json
2026-10-06T13:39:03.3180725Z 生成: unescape_html4.json
2026-10-06T13:39:03.5036480Z 生成: url_absolute.json
2026-10-06T13:39:03.5100482Z URL 编码: 299 条（真实 hutool/URLEncoder）
2026-10-06T13:39:03.5190312Z 生成: url_codec_cases.json
2026-10-06T13:39:03.5248394Z UrlOption 解析: 84 条（真实 Gson + legado 定制适配器）
2026-10-06T13:39:03.5256872Z 生成: url_option_cases.json
2026-10-06T13:39:03.7129562Z wordCountFormat: 35 条（手工 Java 移植）
2026-10-06T13:39:03.7130197Z 生成: word_count_cases.json
2026-10-06T13:39:03.7422394Z line 1:10 token recognition error at: '%'
2026-10-06T13:39:03.7423272Z line 1:11 token recognition error at: '%'
2026-10-06T13:39:03.7781014Z 生成: xpath_basic.json
2026-10-06T13:39:03.7831993Z 生成: xpath_real_caimoge.json
2026-10-06T13:39:03.7870275Z 完成：处理 24 个用例文件，共 2391 条用例。
2026-10-06T13:39:03.8133632Z === 生成的文件 ===
2026-10-06T13:39:03.8150395Z total 2060
2026-10-06T13:39:03.8150817Z drwxr-xr-x 2 runner runner    4096 Oct  6 13:39 .
2026-10-06T13:39:03.8151356Z drwxr-xr-x 6 runner runner    4096 Oct  6 13:38 ..
2026-10-06T13:39:03.8152102Z -rw-r--r-- 1 runner runner   25004 Oct  6 13:38 analyze_url_cases.json
2026-10-06T13:39:03.8152621Z -rw-r--r-- 1 runner runner    4348 Oct  6 13:39 auto_header_cases.json
2026-10-06T13:39:03.8153047Z -rw-r--r-- 1 runner runner 1245937 Oct  6 13:38 charset_cases.json
2026-10-06T13:39:03.8153450Z -rw-r--r-- 1 runner runner    6249 Oct  6 13:38 cookie_cases.json
2026-10-06T13:39:03.8153841Z -rw-r--r-- 1 runner runner   17657 Oct  6 13:38 css_basic.json
2026-10-06T13:39:03.8154265Z -rw-r--r-- 1 runner runner    4656 Oct  6 13:38 css_real_xiaoshuo2016.json
2026-10-06T13:39:03.8154734Z -rw-r--r-- 1 runner runner   15385 Oct  6 13:38 html_formatter_cases.json
2026-10-06T13:39:03.8155178Z -rw-r--r-- 1 runner runner   27613 Oct  6 13:38 http_url_cases.json
2026-10-06T13:39:03.8155583Z -rw-r--r-- 1 runner runner   72274 Oct  6 13:38 js_ext_cases.json
2026-10-06T13:39:03.8155982Z -rw-r--r-- 1 runner runner    7615 Oct  6 13:38 js_number_args.json
2026-10-06T13:39:03.8156714Z -rw-r--r-- 1 runner runner   15684 Oct  6 13:38 js_rhino.json
2026-10-06T13:39:03.8157417Z -rw-r--r-- 1 runner runner   41164 Oct  6 13:38 jsonpath_cases.json
2026-10-06T13:39:03.8158089Z -rw-r--r-- 1 runner runner   53659 Oct  6 13:38 jsoup_cases.json
2026-10-06T13:39:03.8158814Z -rw-r--r-- 1 runner runner   16828 Oct  6 13:38 malformed_html.json
2026-10-06T13:39:03.8159759Z -rw-r--r-- 1 runner runner  105525 Oct  6 13:39 redirect_cases.json
2026-10-06T13:39:03.8160202Z -rw-r--r-- 1 runner runner    7921 Oct  6 13:38 regex_analyze.json
2026-10-06T13:39:03.8160628Z -rw-r--r-- 1 runner runner    9501 Oct  6 13:38 regex_replace.json
2026-10-06T13:39:03.8161026Z -rw-r--r-- 1 runner runner   62985 Oct  6 13:38 request_cases.json
2026-10-06T13:39:03.8161444Z -rw-r--r-- 1 runner runner   20346 Oct  6 13:39 request_cookie_cases.json
2026-10-06T13:39:03.8162051Z -rw-r--r-- 1 runner runner  152520 Oct  6 13:39 serializer_synthetic.json
2026-10-06T13:39:03.8162836Z -rw-r--r-- 1 runner runner    5447 Oct  6 13:39 unescape_html4.json
2026-10-06T13:39:03.8163581Z -rw-r--r-- 1 runner runner   10750 Oct  6 13:39 url_absolute.json
2026-10-06T13:39:03.8164333Z -rw-r--r-- 1 runner runner   51763 Oct  6 13:39 url_codec_cases.json
2026-10-06T13:39:03.8164760Z -rw-r--r-- 1 runner runner   27239 Oct  6 13:39 url_option_cases.json
2026-10-06T13:39:03.8165198Z -rw-r--r-- 1 runner runner    3082 Oct  6 13:39 word_count_cases.json
2026-10-06T13:39:03.8165601Z -rw-r--r-- 1 runner runner   24993 Oct  6 13:39 xpath_basic.json
2026-10-06T13:39:03.8166084Z -rw-r--r-- 1 runner runner    4863 Oct  6 13:39 xpath_real_caimoge.json
2026-10-06T13:39:03.8237572Z ##[group]Run actions/upload-artifact@v4
2026-10-06T13:39:03.8237888Z with:
2026-10-06T13:39:03.8238089Z   name: golden-data
2026-10-06T13:39:03.8238325Z   path: scripts/golden/out/*.json
2026-10-06T13:39:03.8238592Z   if-no-files-found: error
2026-10-06T13:39:03.8238834Z   compression-level: 6
2026-10-06T13:39:03.8239061Z   overwrite: false
2026-10-06T13:39:03.8239279Z   include-hidden-files: false
2026-10-06T13:39:03.8239815Z env:
2026-10-06T13:39:03.8240124Z   JAVA_HOME: /opt/hostedtoolcache/Java_Temurin-Hotspot_jdk/11.0.32-1/x64
2026-10-06T13:39:03.8240662Z   JAVA_HOME_11_X64: /opt/hostedtoolcache/Java_Temurin-Hotspot_jdk/11.0.32-1/x64
2026-10-06T13:39:03.8241061Z ##[endgroup]
2026-10-06T13:39:03.9907504Z (node:2468) [DEP0040] DeprecationWarning: The `punycode` module is deprecated. Please use a userland alternative instead.
2026-10-06T13:39:03.9908507Z (Use `node --trace-deprecation ...` to show where the warning was created)
2026-10-06T13:39:04.0014579Z With the provided path, there will be 27 files uploaded
2026-10-06T13:39:04.0022386Z Artifact name is valid!
2026-10-06T13:39:04.0023130Z Root directory input is valid!
2026-10-06T13:39:04.2076119Z Beginning upload of artifact content to blob storage
2026-10-06T13:39:04.2781728Z (node:2468) [DEP0169] DeprecationWarning: `url.parse()` behavior is not standardized and prone to errors that have security implications. Use the WHATWG URL API instead. CVEs are not issued for `url.parse()` vulnerabilities.
2026-10-06T13:39:04.3202173Z Uploaded bytes 227805
2026-10-06T13:39:04.3350367Z Finished uploading artifact content to blob storage!
2026-10-06T13:39:04.3352089Z SHA256 digest of uploaded artifact zip is a99fa048e22be579314c391d338d66eca52b17b361cd88cee1543b31c63a6d73
2026-10-06T13:39:04.3354098Z Finalizing artifact upload
2026-10-06T13:39:04.5505962Z Artifact golden-data.zip successfully finalized. Artifact ID 11416873869
2026-10-06T13:39:04.5507023Z Artifact golden-data has been successfully uploaded! Final size is 227805 bytes. Artifact ID is 11416873869
2026-10-06T13:39:04.5515015Z Artifact download URL: https://github.com/zhuof725/bookon/actions/runs/37472428939/artifacts/11416873869
2026-10-06T13:39:04.5710143Z Post job cleanup.
2026-10-06T13:39:04.7074327Z (node:2480) [DEP0040] DeprecationWarning: The `punycode` module is deprecated. Please use a userland alternative instead.
2026-10-06T13:39:04.7075644Z (Use `node --trace-deprecation ...` to show where the warning was created)
2026-10-06T13:39:04.7080036Z Cache hit occurred on the primary key setup-java-Linux-x64-maven-0a6a93d0a8722e28836b1cf200a29f5a5fd29adaf01c95f1b393ac6a34d9789e, not saving cache.
2026-10-06T13:39:04.7277925Z Post job cleanup.
2026-10-06T13:39:04.8215390Z [command]/usr/bin/git version
2026-10-06T13:39:04.8265642Z git version 2.55.0
2026-10-06T13:39:04.8317703Z Temporarily overriding HOME='/home/runner/work/_temp/c25096ad-e6bb-4687-88aa-b7ee700bcbc7' before making global git config changes
2026-10-06T13:39:04.8325806Z Adding repository directory to the temporary git global config as a safe directory
2026-10-06T13:39:04.8327071Z [command]/usr/bin/git config --global --add safe.directory /home/runner/work/bookon/bookon
2026-10-06T13:39:04.8367566Z [command]/usr/bin/git config --local --name-only --get-regexp core\.sshCommand
2026-10-06T13:39:04.8408879Z [command]/usr/bin/git submodule foreach --recursive sh -c "git config --local --name-only --get-regexp 'core\.sshCommand' && git config --local --unset-all 'core.sshCommand' || :"
2026-10-06T13:39:04.8732819Z [command]/usr/bin/git config --local --name-only --get-regexp http\.https\:\/\/github\.com\/\.extraheader
2026-10-06T13:39:04.8769035Z http.https://github.com/.extraheader
2026-10-06T13:39:04.8782838Z [command]/usr/bin/git config --local --unset-all http.https://github.com/.extraheader
2026-10-06T13:39:04.8828925Z [command]/usr/bin/git submodule foreach --recursive sh -c "git config --local --name-only --get-regexp 'http\.https\:\/\/github\.com\/\.extraheader' && git config --local --unset-all 'http.https://github.com/.extraheader' || :"
2026-10-06T13:39:04.9126975Z [command]/usr/bin/git config --local --name-only --get-regexp ^includeIf\.gitdir:
2026-10-06T13:39:04.9174064Z [command]/usr/bin/git submodule foreach --recursive git config --local --show-origin --name-only --get-regexp remote.origin.url
2026-10-06T13:39:04.9581203Z Cleaning up orphan processes
2026-10-06T13:39:04.9858478Z ##[warning]Node.js 20 is deprecated. The following actions target Node.js 20 but are being forced to run on Node.js 24: actions/checkout@v4, actions/setup-java@v4, actions/upload-artifact@v4. For more information see: https://github.blog/changelog/2025-09-19-deprecation-of-node-20-on-github-actions-runners/
