$ cd scripts/golden && mvn -q package -DskipTests && java -jar target/golden-generator.jar cases out2

AnalyzeUrl 规则解析: 94 条（手工移植调度 + 真实 Rhino）
生成: analyze_url_cases.json
字符集检测: 240 条（真实 legado icu4j 检测器源码 + EncodingDetect 移植；其中合成小说章节文本 45 条）
Cookie 纯函数: 47 条（手工移植 CookieStore/CookieManager）
生成: cookie_cases.json
生成: css_basic.json
生成: css_real_xiaoshuo2016.json
URL 规范化: 170 条（真实 OkHttp 5.3.2 HttpUrl）
生成: http_url_cases.json
JsExtensions 纯算法: 321 条用例（真实 hutool/quick-transfer/Java 标准库）
Java MessageDigest: 2 条
生成: js_ext_cases.json
Rhino 数字入参: 42 条（真实 Rhino 1.8.1 转换结果）
生成: js_number_args.json
Rhino 1.8.1: 74 条 JS 用例（getString + inline {{}}，保留 rawType/evalType）
生成: js_rhino.json
SLF4J: Failed to load class "org.slf4j.impl.StaticLoggerBinder".
SLF4J: Defaulting to no-operation (NOP) logger implementation
SLF4J: See http://www.slf4j.org/codes.html#StaticLoggerBinder for further details.
生成: jsonpath_cases.json
jsoup 替身对照: 91 条用例（同一 JS，真实 jsoup 1.16.2 + Rhino 1.8.1）
生成: jsoup_cases.json
生成: malformed_html.json
生成: regex_analyze.json
生成: regex_replace.json
OkHttp 请求对照: 43 条（真实 OkHttp 5.3.2 → 本地 HttpServer）
OkHttp 重定向/Cookie 链对照: 44 条
OkHttp Cookie 对照: 13 条
OkHttp 自动头清单: 4 条
生成: serializer_synthetic.json
生成: unescape_html4.json
生成: url_absolute.json
URL 编码: 299 条（真实 hutool/URLEncoder）
生成: url_codec_cases.json
UrlOption 解析: 84 条（真实 Gson + legado 定制适配器）
生成: url_option_cases.json
line 1:10 token recognition error at: '%'
line 1:11 token recognition error at: '%'
生成: xpath_basic.json
生成: xpath_real_caimoge.json
完成：处理 22 个用例文件，共 2271 条用例。

EXIT=0
real  0m4.870s
user  0m6.300s
sys   0m0.450s
