2026-10-05T12:36:03.1765146Z Current runner version: '2.337.0'
2026-10-05T12:36:03.1787242Z ##[group]Runner Image Provisioner
2026-10-05T12:36:03.1788032Z Hosted Compute Agent
2026-10-05T12:36:03.1788851Z Version: 20260901.588
2026-10-05T12:36:03.1789425Z Commit: f88ec8081b781fac6c440065ac7ff9e710ce3d0b
2026-10-05T12:36:03.1790009Z Build Date: 2026-09-01T19:56:44Z
2026-10-05T12:36:03.1790645Z Worker ID: {f6c50686-7d48-473b-9ac1-29f61938bf71}
2026-10-05T12:36:03.1791232Z Azure Region: westus3
2026-10-05T12:36:03.1791719Z ##[endgroup]
2026-10-05T12:36:03.1793034Z ##[group]Operating System
2026-10-05T12:36:03.1793549Z Ubuntu
2026-10-05T12:36:03.1794037Z 24.04.5
2026-10-05T12:36:03.1794499Z LTS
2026-10-05T12:36:03.1794970Z ##[endgroup]
2026-10-05T12:36:03.1795430Z ##[group]Runner Image
2026-10-05T12:36:03.1795928Z Image: ubuntu-24.04
2026-10-05T12:36:03.1796439Z Version: 20260927.320.1
2026-10-05T12:36:03.1797478Z Included Software: https://github.com/actions/runner-images/blob/ubuntu24/20260927.320/images/ubuntu/Ubuntu2404-Readme.md
2026-10-05T12:36:03.1798965Z Image Release: https://github.com/actions/runner-images/releases/tag/ubuntu24%2F20260927.320
2026-10-05T12:36:03.1799838Z ##[endgroup]
2026-10-05T12:36:03.1800862Z ##[group]GITHUB_TOKEN Permissions
2026-10-05T12:36:03.1802720Z Contents: read
2026-10-05T12:36:03.1803593Z Metadata: read
2026-10-05T12:36:03.1804062Z Packages: read
2026-10-05T12:36:03.1804507Z ##[endgroup]
2026-10-05T12:36:03.1806320Z Secret source: Actions
2026-10-05T12:36:03.1807124Z Cache mode: write
2026-10-05T12:36:03.1807794Z Prepare workflow directory
2026-10-05T12:36:03.2114094Z Prepare all required actions
2026-10-05T12:36:03.2160263Z Getting action download info
2026-10-05T12:36:03.5378764Z Download action repository 'actions/checkout@v4' (SHA:11d5960a326750d5838078e36cf38b85af677262)
2026-10-05T12:36:03.8429645Z Download action repository 'actions/setup-java@v4' (SHA:cf277c60eb25467037889841efdb72551f06f6c3)
2026-10-05T12:36:04.9146348Z Download action repository 'actions/upload-artifact@v4' (SHA:ea165f8d65b6e75b540449e92b4886f43607fa02)
2026-10-05T12:36:05.2024106Z Complete job name: golden
2026-10-05T12:36:05.2788791Z ##[group]Run actions/checkout@v4
2026-10-05T12:36:05.2789957Z with:
2026-10-05T12:36:05.2790618Z   repository: zhuof725/bookon
2026-10-05T12:36:05.2796979Z   token: ***
2026-10-05T12:36:05.2797647Z   ssh-strict: true
2026-10-05T12:36:05.2798310Z   ssh-user: git
2026-10-05T12:36:05.2799119Z   persist-credentials: true
2026-10-05T12:36:05.2799859Z   clean: true
2026-10-05T12:36:05.2800538Z   sparse-checkout-cone-mode: true
2026-10-05T12:36:05.2801333Z   fetch-depth: 1
2026-10-05T12:36:05.2801989Z   fetch-tags: false
2026-10-05T12:36:05.2802663Z   show-progress: true
2026-10-05T12:36:05.2803359Z   lfs: false
2026-10-05T12:36:05.2804006Z   submodules: false
2026-10-05T12:36:05.2804684Z   set-safe-directory: true
2026-10-05T12:36:05.2805456Z   allow-unsafe-pr-checkout: false
2026-10-05T12:36:05.2806461Z ##[endgroup]
2026-10-05T12:36:05.3646854Z Syncing repository: zhuof725/bookon
2026-10-05T12:36:05.3649903Z ##[group]Getting Git version info
2026-10-05T12:36:05.3651424Z Working directory is '/home/runner/work/bookon/bookon'
2026-10-05T12:36:05.3653708Z [command]/usr/bin/git version
2026-10-05T12:36:05.3671277Z git version 2.55.0
2026-10-05T12:36:05.3691703Z ##[endgroup]
2026-10-05T12:36:05.3710402Z Temporarily overriding HOME='/home/runner/work/_temp/e81af99c-f17f-4f51-9446-a081080315a2' before making global git config changes
2026-10-05T12:36:05.3713609Z Adding repository directory to the temporary git global config as a safe directory
2026-10-05T12:36:05.3716755Z [command]/usr/bin/git config --global --add safe.directory /home/runner/work/bookon/bookon
2026-10-05T12:36:05.3766975Z Deleting the contents of '/home/runner/work/bookon/bookon'
2026-10-05T12:36:05.3771610Z ##[group]Initializing the repository
2026-10-05T12:36:05.3775432Z [command]/usr/bin/git init /home/runner/work/bookon/bookon
2026-10-05T12:36:05.4974062Z hint: Using 'master' as the name for the initial branch. This default branch name
2026-10-05T12:36:05.4976602Z hint: will change to "main" in Git 3.0. To configure the initial branch name
2026-10-05T12:36:05.4981002Z hint: to use in all of your new repositories, which will suppress this warning,
2026-10-05T12:36:05.4982655Z hint: call:
2026-10-05T12:36:05.4983461Z hint:
2026-10-05T12:36:05.4984793Z hint: 	git config --global init.defaultBranch <name>
2026-10-05T12:36:05.4986044Z hint:
2026-10-05T12:36:05.4987032Z hint: Names commonly chosen instead of 'master' are 'main', 'trunk' and
2026-10-05T12:36:05.4988541Z hint: 'development'. The just-created branch can be renamed via this command:
2026-10-05T12:36:05.4989653Z hint:
2026-10-05T12:36:05.4990260Z hint: 	git branch -m <name>
2026-10-05T12:36:05.4990961Z hint:
2026-10-05T12:36:05.4991901Z hint: Disable this message with "git config set advice.defaultBranchName false"
2026-10-05T12:36:05.4993526Z Initialized empty Git repository in /home/runner/work/bookon/bookon/.git/
2026-10-05T12:36:05.4996048Z [command]/usr/bin/git remote add origin https://github.com/zhuof725/bookon
2026-10-05T12:36:05.5034900Z ##[endgroup]
2026-10-05T12:36:05.5036092Z ##[group]Disabling automatic garbage collection
2026-10-05T12:36:05.5037093Z [command]/usr/bin/git config --local gc.auto 0
2026-10-05T12:36:05.5063924Z ##[endgroup]
2026-10-05T12:36:05.5065005Z ##[group]Setting up auth
2026-10-05T12:36:05.5068882Z [command]/usr/bin/git config --local --name-only --get-regexp core\.sshCommand
2026-10-05T12:36:05.5098299Z [command]/usr/bin/git submodule foreach --recursive sh -c "git config --local --name-only --get-regexp 'core\.sshCommand' && git config --local --unset-all 'core.sshCommand' || :"
2026-10-05T12:36:05.5381766Z [command]/usr/bin/git config --local --name-only --get-regexp http\.https\:\/\/github\.com\/\.extraheader
2026-10-05T12:36:05.5413928Z [command]/usr/bin/git submodule foreach --recursive sh -c "git config --local --name-only --get-regexp 'http\.https\:\/\/github\.com\/\.extraheader' && git config --local --unset-all 'http.https://github.com/.extraheader' || :"
2026-10-05T12:36:05.5605557Z [command]/usr/bin/git config --local --name-only --get-regexp ^includeIf\.gitdir:
2026-10-05T12:36:05.5637948Z [command]/usr/bin/git submodule foreach --recursive git config --local --show-origin --name-only --get-regexp remote.origin.url
2026-10-05T12:36:05.5833954Z [command]/usr/bin/git config --local http.https://github.com/.extraheader AUTHORIZATION: basic ***
2026-10-05T12:36:05.5870540Z ##[endgroup]
2026-10-05T12:36:05.5872183Z ##[group]Fetching the repository
2026-10-05T12:36:05.5880597Z [command]/usr/bin/git -c protocol.version=2 fetch --no-tags --prune --no-recurse-submodules --depth=1 origin +7ad1589fe73266d7db5ef244c6ef3c7cda0167fa:refs/remotes/origin/step7-debug-app
2026-10-05T12:36:07.4922130Z From https://github.com/zhuof725/bookon
2026-10-05T12:36:07.4922893Z  * [new ref]         7ad1589fe73266d7db5ef244c6ef3c7cda0167fa -> origin/step7-debug-app
2026-10-05T12:36:07.4926399Z ##[endgroup]
2026-10-05T12:36:07.4948773Z ##[group]Determining the checkout info
2026-10-05T12:36:07.4949441Z ##[endgroup]
2026-10-05T12:36:07.4949771Z [command]/usr/bin/git sparse-checkout disable
2026-10-05T12:36:07.4979949Z [command]/usr/bin/git config --local --unset-all extensions.worktreeConfig
2026-10-05T12:36:07.5009489Z ##[group]Checking out the ref
2026-10-05T12:36:07.5047582Z [command]/usr/bin/git checkout --progress --force -B step7-debug-app refs/remotes/origin/step7-debug-app
2026-10-05T12:36:07.6009830Z Switched to a new branch 'step7-debug-app'
2026-10-05T12:36:07.6013350Z branch 'step7-debug-app' set up to track 'origin/step7-debug-app'.
2026-10-05T12:36:07.6039118Z ##[endgroup]
2026-10-05T12:36:07.6084460Z [command]/usr/bin/git log -1 --format=%H
2026-10-05T12:36:07.6109996Z 7ad1589fe73266d7db5ef244c6ef3c7cda0167fa
2026-10-05T12:36:07.6424358Z ##[group]Run actions/setup-java@v4
2026-10-05T12:36:07.6424650Z with:
2026-10-05T12:36:07.6424836Z   distribution: temurin
2026-10-05T12:36:07.6425029Z   java-version: 11
2026-10-05T12:36:07.6425201Z   cache: maven
2026-10-05T12:36:07.6425587Z   java-package: jdk
2026-10-05T12:36:07.6425765Z   check-latest: false
2026-10-05T12:36:07.6425938Z   server-id: github
2026-10-05T12:36:07.6426114Z   server-username: GITHUB_ACTOR
2026-10-05T12:36:07.6426317Z   server-password: GITHUB_TOKEN
2026-10-05T12:36:07.6426526Z   overwrite-settings: true
2026-10-05T12:36:07.6426722Z   job-status: success
2026-10-05T12:36:07.6428877Z   token: ***
2026-10-05T12:36:07.6429061Z ##[endgroup]
2026-10-05T12:36:07.7784833Z ##[warning]setup-java v4 is deprecated and will no longer receive updates. Please migrate to actions/setup-java@v5.
2026-10-05T12:36:07.7791803Z ##[group]Installed distributions
2026-10-05T12:36:07.7834816Z Resolved Java 11.0.32+1 from tool-cache
2026-10-05T12:36:07.7843149Z (node:2118) [DEP0040] DeprecationWarning: The `punycode` module is deprecated. Please use a userland alternative instead.
2026-10-05T12:36:07.7843896Z Setting Java 11.0.32+1 as the default
2026-10-05T12:36:07.7844403Z (Use `node --trace-deprecation ...` to show where the warning was created)
2026-10-05T12:36:07.7846050Z Creating toolchains.xml for JDK version 11 from temurin
2026-10-05T12:36:07.7899758Z Writing to /home/runner/.m2/toolchains.xml
2026-10-05T12:36:07.7900090Z 
2026-10-05T12:36:07.7900223Z Java configuration:
2026-10-05T12:36:07.7900526Z   Distribution: temurin
2026-10-05T12:36:07.7900815Z   Version: 11.0.32+1
2026-10-05T12:36:07.7901225Z   Path: /opt/hostedtoolcache/Java_Temurin-Hotspot_jdk/11.0.32-1/x64
2026-10-05T12:36:07.7901583Z 
2026-10-05T12:36:07.7901991Z ##[endgroup]
2026-10-05T12:36:07.7918321Z Creating settings.xml with server-id: github
2026-10-05T12:36:07.7942047Z Writing to /home/runner/.m2/settings.xml
2026-10-05T12:36:08.0522846Z Cache hit for: setup-java-Linux-x64-maven-0a6a93d0a8722e28836b1cf200a29f5a5fd29adaf01c95f1b393ac6a34d9789e
2026-10-05T12:36:08.0614009Z (node:2118) [DEP0169] DeprecationWarning: `url.parse()` behavior is not standardized and prone to errors that have security implications. Use the WHATWG URL API instead. CVEs are not issued for `url.parse()` vulnerabilities.
2026-10-05T12:36:09.1549688Z Received 27056378 of 27056378 (100.0%), 28.9 MBs/sec
2026-10-05T12:36:09.1550035Z Cache Size: ~26 MB (27056378 B)
2026-10-05T12:36:09.1572128Z [command]/usr/bin/tar -xf /home/runner/work/_temp/03652ae4-fdfd-4587-8c9f-423285f12bd7/cache.tzst -P -C /home/runner/work/bookon/bookon --use-compress-program unzstd
2026-10-05T12:36:09.2151258Z Cache restored successfully
2026-10-05T12:36:09.2166012Z Cache restored from key: setup-java-Linux-x64-maven-0a6a93d0a8722e28836b1cf200a29f5a5fd29adaf01c95f1b393ac6a34d9789e
2026-10-05T12:36:09.2329125Z ##[group]Run mvn -B -ntp package
2026-10-05T12:36:09.2329473Z [36;1mmvn -B -ntp package[0m
2026-10-05T12:36:09.4554388Z shell: /usr/bin/bash -e {0}
2026-10-05T12:36:09.4554647Z env:
2026-10-05T12:36:09.4554927Z   JAVA_HOME: /opt/hostedtoolcache/Java_Temurin-Hotspot_jdk/11.0.32-1/x64
2026-10-05T12:36:09.4555345Z   JAVA_HOME_11_X64: /opt/hostedtoolcache/Java_Temurin-Hotspot_jdk/11.0.32-1/x64
2026-10-05T12:36:09.4555652Z ##[endgroup]
2026-10-05T12:36:15.9898137Z [INFO] Scanning for projects...
2026-10-05T12:36:16.0781036Z [INFO] 
2026-10-05T12:36:16.0782033Z [INFO] -----------------< io.legado.golden:golden-generator >------------------
2026-10-05T12:36:16.0799058Z [INFO] Building golden-generator 1.0.0
2026-10-05T12:36:16.0808996Z [INFO]   from pom.xml
2026-10-05T12:36:16.0829752Z [INFO] --------------------------------[ jar ]---------------------------------
2026-10-05T12:36:16.3749506Z [INFO] 
2026-10-05T12:36:16.3788257Z [INFO] --- resources:3.4.0:resources (default-resources) @ golden-generator ---
2026-10-05T12:36:16.5874105Z [INFO] Copying 1 resource from src/main/resources to target/classes
2026-10-05T12:36:16.5913414Z [INFO] 
2026-10-05T12:36:16.5914141Z [INFO] --- compiler:3.15.0:compile (default-compile) @ golden-generator ---
2026-10-05T12:36:16.8541940Z [INFO] Recompiling the module because of changed source code.
2026-10-05T12:36:16.8669546Z [INFO] Compiling 28 source files with javac [debug target 11] to target/classes
2026-10-05T12:36:19.1283818Z [INFO] 
2026-10-05T12:36:19.1299580Z [INFO] --- resources:3.4.0:testResources (default-testResources) @ golden-generator ---
2026-10-05T12:36:19.1320441Z [INFO] skip non existing resourceDirectory /home/runner/work/bookon/bookon/scripts/golden/src/test/resources
2026-10-05T12:36:19.1359433Z [INFO] 
2026-10-05T12:36:19.1419450Z [INFO] --- compiler:3.15.0:testCompile (default-testCompile) @ golden-generator ---
2026-10-05T12:36:19.1420279Z [INFO] No sources to compile
2026-10-05T12:36:19.1489076Z [INFO] 
2026-10-05T12:36:19.1489662Z [INFO] --- surefire:3.5.4:test (default-test) @ golden-generator ---
2026-10-05T12:36:19.2573974Z [INFO] No tests to run.
2026-10-05T12:36:19.3489448Z [INFO] 
2026-10-05T12:36:19.3489920Z [INFO] --- jar:3.5.0:jar (default-jar) @ golden-generator ---
2026-10-05T12:36:19.6599415Z [INFO] Building jar: /home/runner/work/bookon/bookon/scripts/golden/target/golden-generator.jar
2026-10-05T12:36:19.7679582Z [INFO] 
2026-10-05T12:36:19.7709858Z [INFO] --- shade:3.5.1:shade (default) @ golden-generator ---
2026-10-05T12:36:19.8518624Z [INFO] Including org.mozilla:rhino:jar:1.8.1 in the shaded jar.
2026-10-05T12:36:19.8539421Z [INFO] Including org.jsoup:jsoup:jar:1.16.2 in the shaded jar.
2026-10-05T12:36:19.8569250Z [INFO] Including cn.wanghaomiao:JsoupXpath:jar:2.5.3 in the shaded jar.
2026-10-05T12:36:19.8579745Z [INFO] Including org.apache.commons:commons-lang3:jar:3.18.0 in the shaded jar.
2026-10-05T12:36:19.8580645Z [INFO] Including org.antlr:antlr4-runtime:jar:4.7.2 in the shaded jar.
2026-10-05T12:36:19.8581468Z [INFO] Including org.slf4j:slf4j-api:jar:1.7.36 in the shaded jar.
2026-10-05T12:36:19.8582294Z [INFO] Including com.google.code.gson:gson:jar:2.13.2 in the shaded jar.
2026-10-05T12:36:19.8583163Z [INFO] Including com.google.errorprone:error_prone_annotations:jar:2.41.0 in the shaded jar.
2026-10-05T12:36:19.8584048Z [INFO] Including com.jayway.jsonpath:json-path:jar:2.10.0 in the shaded jar.
2026-10-05T12:36:19.8584811Z [INFO] Including net.minidev:json-smart:jar:2.6.0 in the shaded jar.
2026-10-05T12:36:19.8585562Z [INFO] Including net.minidev:accessors-smart:jar:2.6.0 in the shaded jar.
2026-10-05T12:36:19.8586292Z [INFO] Including org.ow2.asm:asm:jar:9.7.1 in the shaded jar.
2026-10-05T12:36:19.8587022Z [INFO] Including org.apache.commons:commons-text:jar:1.13.1 in the shaded jar.
2026-10-05T12:36:19.8587827Z [INFO] Including com.squareup.okhttp3:okhttp-jvm:jar:5.3.2 in the shaded jar.
2026-10-05T12:36:19.8588871Z [INFO] Including com.squareup.okio:okio-jvm:jar:3.16.4 in the shaded jar.
2026-10-05T12:36:19.8590073Z [INFO] Including org.jetbrains.kotlin:kotlin-stdlib:jar:2.2.21 in the shaded jar.
2026-10-05T12:36:19.8590881Z [INFO] Including org.jetbrains:annotations:jar:13.0 in the shaded jar.
2026-10-05T12:36:19.8591613Z [INFO] Including cn.hutool:hutool-crypto:jar:5.8.22 in the shaded jar.
2026-10-05T12:36:19.8592325Z [INFO] Including cn.hutool:hutool-core:jar:5.8.22 in the shaded jar.
2026-10-05T12:36:19.8593223Z [INFO] Including com.github.liuyueyi.quick-chinese-transfer:quick-transfer-core:jar:0.2.17 in the shaded jar.
2026-10-05T12:36:19.8594397Z [INFO] Dependency-reduced POM written at: /home/runner/work/bookon/bookon/scripts/golden/dependency-reduced-pom.xml
2026-10-05T12:36:20.0286120Z [WARNING] Discovered module-info.class. Shading will break its strong encapsulation.
2026-10-05T12:36:20.2321533Z [WARNING] Discovered module-info.class. Shading will break its strong encapsulation.
2026-10-05T12:36:20.6369995Z [WARNING] commons-lang3-3.18.0.jar, commons-text-1.13.1.jar define 2 overlapping resources: 
2026-10-05T12:36:20.6399309Z [WARNING]   - META-INF/LICENSE.txt
2026-10-05T12:36:20.6399736Z [WARNING]   - META-INF/NOTICE.txt
2026-10-05T12:36:20.6400725Z [WARNING] commons-lang3-3.18.0.jar, commons-text-1.13.1.jar, error_prone_annotations-2.41.0.jar, gson-2.13.2.jar, kotlin-stdlib-2.2.21.jar, okhttp-jvm-5.3.2.jar define 1 overlapping classes: 
2026-10-05T12:36:20.6401676Z [WARNING]   - META-INF.versions.9.module-info
2026-10-05T12:36:20.6404280Z [WARNING] JsoupXpath-2.5.3.jar, accessors-smart-2.6.0.jar, annotations-13.0.jar, antlr4-runtime-4.7.2.jar, asm-9.7.1.jar, commons-lang3-3.18.0.jar, commons-text-1.13.1.jar, error_prone_annotations-2.41.0.jar, golden-generator.jar, gson-2.13.2.jar, hutool-core-5.8.22.jar, hutool-crypto-5.8.22.jar, json-path-2.10.0.jar, json-smart-2.6.0.jar, jsoup-1.16.2.jar, kotlin-stdlib-2.2.21.jar, okhttp-jvm-5.3.2.jar, okio-jvm-3.16.4.jar, quick-transfer-core-0.2.17.jar, rhino-1.8.1.jar, slf4j-api-1.7.36.jar define 1 overlapping resource: 
2026-10-05T12:36:20.6406503Z [WARNING]   - META-INF/MANIFEST.MF
2026-10-05T12:36:20.6406916Z [WARNING] maven-shade-plugin has detected that some files are
2026-10-05T12:36:20.6407444Z [WARNING] present in two or more JARs. When this happens, only one
2026-10-05T12:36:20.6407953Z [WARNING] single version of the file is copied to the uber jar.
2026-10-05T12:36:20.6408605Z [WARNING] Usually this is not harmful and you can skip these warnings,
2026-10-05T12:36:20.6409141Z [WARNING] otherwise try to manually exclude artifacts based on
2026-10-05T12:36:20.6409663Z [WARNING] mvn dependency:tree -Ddetail=true and the above output.
2026-10-05T12:36:20.6410211Z [WARNING] See https://maven.apache.org/plugins/maven-shade-plugin/
2026-10-05T12:36:20.6424999Z [INFO] Replacing original artifact with shaded artifact.
2026-10-05T12:36:20.6426309Z [INFO] Replacing /home/runner/work/bookon/bookon/scripts/golden/target/golden-generator.jar with /home/runner/work/bookon/bookon/scripts/golden/target/golden-generator-1.0.0-shaded.jar
2026-10-05T12:36:20.6435489Z [INFO] ------------------------------------------------------------------------
2026-10-05T12:36:20.6436199Z [INFO] BUILD SUCCESS
2026-10-05T12:36:20.6436759Z [INFO] ------------------------------------------------------------------------
2026-10-05T12:36:20.6448971Z [INFO] Total time:  4.683 s
2026-10-05T12:36:20.6449287Z [INFO] Finished at: 2026-10-05T12:36:20Z
2026-10-05T12:36:20.6449693Z [INFO] ------------------------------------------------------------------------
2026-10-05T12:36:20.6781457Z ##[group]Run set -e
2026-10-05T12:36:20.6781705Z [36;1mset -e[0m
2026-10-05T12:36:20.6781942Z [36;1mjava -jar target/golden-generator.jar cases out[0m
2026-10-05T12:36:20.6782230Z [36;1mecho "=== 生成的文件 ==="[0m
2026-10-05T12:36:20.6782448Z [36;1mls -la out[0m
2026-10-05T12:36:20.6782652Z [36;1mCOUNT=$(ls out/*.json 2>/dev/null | wc -l)[0m
2026-10-05T12:36:20.6782901Z [36;1mif [ "$COUNT" -eq 0 ]; then[0m
2026-10-05T12:36:20.6783116Z [36;1m  echo "错误：未生成任何 golden 文件"[0m
2026-10-05T12:36:20.6783343Z [36;1m  exit 1[0m
2026-10-05T12:36:20.6783510Z [36;1mfi[0m
2026-10-05T12:36:20.6840007Z shell: /usr/bin/bash -e {0}
2026-10-05T12:36:20.6840363Z env:
2026-10-05T12:36:20.6840706Z   JAVA_HOME: /opt/hostedtoolcache/Java_Temurin-Hotspot_jdk/11.0.32-1/x64
2026-10-05T12:36:20.6841110Z   JAVA_HOME_11_X64: /opt/hostedtoolcache/Java_Temurin-Hotspot_jdk/11.0.32-1/x64
2026-10-05T12:36:20.6841417Z ##[endgroup]
2026-10-05T12:36:21.1479591Z AnalyzeUrl 规则解析: 94 条（手工移植调度 + 真实 Rhino）
2026-10-05T12:36:21.1711082Z 生成: analyze_url_cases.json
2026-10-05T12:36:21.6690116Z 字符集检测: 240 条（真实 legado icu4j 检测器源码 + EncodingDetect 移植；其中合成小说章节文本 45 条）
2026-10-05T12:36:21.6739732Z Cookie 纯函数: 47 条（手工移植 CookieStore/CookieManager）
2026-10-05T12:36:21.6740449Z 生成: cookie_cases.json
2026-10-05T12:36:21.6979716Z 生成: css_basic.json
2026-10-05T12:36:21.7009281Z 生成: css_real_xiaoshuo2016.json
2026-10-05T12:36:21.7155320Z HtmlFormatter: 85 条（format/formatKeepImg 手工 Java 移植）
2026-10-05T12:36:21.7179977Z 生成: html_formatter_cases.json
2026-10-05T12:36:21.7961432Z URL 规范化: 170 条（真实 OkHttp 5.3.2 HttpUrl）
2026-10-05T12:36:21.7979291Z 生成: http_url_cases.json
2026-10-05T12:36:21.9932419Z JsExtensions 纯算法: 321 条用例（真实 hutool/quick-transfer/Java 标准库）
2026-10-05T12:36:21.9959676Z Java MessageDigest: 2 条
2026-10-05T12:36:21.9965553Z 生成: js_ext_cases.json
2026-10-05T12:36:22.0372799Z Rhino 数字入参: 42 条（真实 Rhino 1.8.1 转换结果）
2026-10-05T12:36:22.0374991Z 生成: js_number_args.json
2026-10-05T12:36:22.1999888Z Rhino 1.8.1: 74 条 JS 用例（getString + inline {{}}，保留 rawType/evalType）
2026-10-05T12:36:22.2019397Z 生成: js_rhino.json
2026-10-05T12:36:22.2214674Z SLF4J: Failed to load class "org.slf4j.impl.StaticLoggerBinder".
2026-10-05T12:36:22.2239667Z SLF4J: Defaulting to no-operation (NOP) logger implementation
2026-10-05T12:36:22.2240579Z SLF4J: See http://www.slf4j.org/codes.html#StaticLoggerBinder for further details.
2026-10-05T12:36:22.2569863Z 生成: jsonpath_cases.json
2026-10-05T12:36:22.4062900Z jsoup 替身对照: 91 条用例（同一 JS，真实 jsoup 1.16.2 + Rhino 1.8.1）
2026-10-05T12:36:22.4089716Z 生成: jsoup_cases.json
2026-10-05T12:36:22.4930360Z 生成: malformed_html.json
2026-10-05T12:36:22.4991806Z 生成: regex_analyze.json
2026-10-05T12:36:22.5060165Z 生成: regex_replace.json
2026-10-05T12:36:24.2858623Z OkHttp 请求对照: 43 条（真实 OkHttp 5.3.2 → 本地 HttpServer）
2026-10-05T12:36:26.9051720Z OkHttp 重定向/Cookie 链对照: 44 条
2026-10-05T12:36:27.4744040Z OkHttp Cookie 对照: 13 条
2026-10-05T12:36:27.4846116Z OkHttp 自动头清单: 4 条
2026-10-05T12:36:27.6082652Z 生成: serializer_synthetic.json
2026-10-05T12:36:27.6221106Z 生成: unescape_html4.json
2026-10-05T12:36:27.6930047Z 生成: url_absolute.json
2026-10-05T12:36:27.6988054Z URL 编码: 299 条（真实 hutool/URLEncoder）
2026-10-05T12:36:27.7025273Z 生成: url_codec_cases.json
2026-10-05T12:36:27.7075260Z UrlOption 解析: 84 条（真实 Gson + legado 定制适配器）
2026-10-05T12:36:27.7077844Z 生成: url_option_cases.json
2026-10-05T12:36:27.7139941Z wordCountFormat: 35 条（手工 Java 移植）
2026-10-05T12:36:27.7142092Z 生成: word_count_cases.json
2026-10-05T12:36:27.7379035Z line 1:10 token recognition error at: '%'
2026-10-05T12:36:27.7379522Z line 1:11 token recognition error at: '%'
2026-10-05T12:36:27.7649689Z 生成: xpath_basic.json
2026-10-05T12:36:27.7693421Z 生成: xpath_real_caimoge.json
2026-10-05T12:36:27.7693786Z 完成：处理 24 个用例文件，共 2391 条用例。
2026-10-05T12:36:27.7957594Z === 生成的文件 ===
2026-10-05T12:36:27.7972710Z total 2060
2026-10-05T12:36:27.7972985Z drwxr-xr-x 2 runner runner    4096 Oct  5 12:36 .
2026-10-05T12:36:27.7973298Z drwxr-xr-x 6 runner runner    4096 Oct  5 12:36 ..
2026-10-05T12:36:27.7973933Z -rw-r--r-- 1 runner runner   25004 Oct  5 12:36 analyze_url_cases.json
2026-10-05T12:36:27.7974317Z -rw-r--r-- 1 runner runner    4348 Oct  5 12:36 auto_header_cases.json
2026-10-05T12:36:27.7974674Z -rw-r--r-- 1 runner runner 1245937 Oct  5 12:36 charset_cases.json
2026-10-05T12:36:27.7975084Z -rw-r--r-- 1 runner runner    6249 Oct  5 12:36 cookie_cases.json
2026-10-05T12:36:27.7975406Z -rw-r--r-- 1 runner runner   17657 Oct  5 12:36 css_basic.json
2026-10-05T12:36:27.7975728Z -rw-r--r-- 1 runner runner    4656 Oct  5 12:36 css_real_xiaoshuo2016.json
2026-10-05T12:36:27.7976083Z -rw-r--r-- 1 runner runner   15385 Oct  5 12:36 html_formatter_cases.json
2026-10-05T12:36:27.7976424Z -rw-r--r-- 1 runner runner   27613 Oct  5 12:36 http_url_cases.json
2026-10-05T12:36:27.7976747Z -rw-r--r-- 1 runner runner   72274 Oct  5 12:36 js_ext_cases.json
2026-10-05T12:36:27.7977050Z -rw-r--r-- 1 runner runner    7615 Oct  5 12:36 js_number_args.json
2026-10-05T12:36:27.7977588Z -rw-r--r-- 1 runner runner   15684 Oct  5 12:36 js_rhino.json
2026-10-05T12:36:27.7978123Z -rw-r--r-- 1 runner runner   41164 Oct  5 12:36 jsonpath_cases.json
2026-10-05T12:36:27.7978728Z -rw-r--r-- 1 runner runner   53659 Oct  5 12:36 jsoup_cases.json
2026-10-05T12:36:27.7979379Z -rw-r--r-- 1 runner runner   16828 Oct  5 12:36 malformed_html.json
2026-10-05T12:36:27.7979696Z -rw-r--r-- 1 runner runner  105525 Oct  5 12:36 redirect_cases.json
2026-10-05T12:36:27.7980034Z -rw-r--r-- 1 runner runner    7921 Oct  5 12:36 regex_analyze.json
2026-10-05T12:36:27.7980427Z -rw-r--r-- 1 runner runner    9501 Oct  5 12:36 regex_replace.json
2026-10-05T12:36:27.7980897Z -rw-r--r-- 1 runner runner   62985 Oct  5 12:36 request_cases.json
2026-10-05T12:36:27.7981403Z -rw-r--r-- 1 runner runner   20346 Oct  5 12:36 request_cookie_cases.json
2026-10-05T12:36:27.7981958Z -rw-r--r-- 1 runner runner  152520 Oct  5 12:36 serializer_synthetic.json
2026-10-05T12:36:27.7982293Z -rw-r--r-- 1 runner runner    5447 Oct  5 12:36 unescape_html4.json
2026-10-05T12:36:27.7982943Z -rw-r--r-- 1 runner runner   10750 Oct  5 12:36 url_absolute.json
2026-10-05T12:36:27.7983463Z -rw-r--r-- 1 runner runner   51763 Oct  5 12:36 url_codec_cases.json
2026-10-05T12:36:27.7983984Z -rw-r--r-- 1 runner runner   27239 Oct  5 12:36 url_option_cases.json
2026-10-05T12:36:27.7984468Z -rw-r--r-- 1 runner runner    3082 Oct  5 12:36 word_count_cases.json
2026-10-05T12:36:27.7984782Z -rw-r--r-- 1 runner runner   24993 Oct  5 12:36 xpath_basic.json
2026-10-05T12:36:27.7985109Z -rw-r--r-- 1 runner runner    4863 Oct  5 12:36 xpath_real_caimoge.json
2026-10-05T12:36:27.8046545Z ##[group]Run actions/upload-artifact@v4
2026-10-05T12:36:27.8046784Z with:
2026-10-05T12:36:27.8046952Z   name: golden-data
2026-10-05T12:36:27.8047138Z   path: scripts/golden/out/*.json
2026-10-05T12:36:27.8047356Z   if-no-files-found: error
2026-10-05T12:36:27.8047556Z   compression-level: 6
2026-10-05T12:36:27.8047739Z   overwrite: false
2026-10-05T12:36:27.8047924Z   include-hidden-files: false
2026-10-05T12:36:27.8048131Z env:
2026-10-05T12:36:27.8048581Z   JAVA_HOME: /opt/hostedtoolcache/Java_Temurin-Hotspot_jdk/11.0.32-1/x64
2026-10-05T12:36:27.8049050Z   JAVA_HOME_11_X64: /opt/hostedtoolcache/Java_Temurin-Hotspot_jdk/11.0.32-1/x64
2026-10-05T12:36:27.8049353Z ##[endgroup]
2026-10-05T12:36:27.9425059Z (node:2248) [DEP0040] DeprecationWarning: The `punycode` module is deprecated. Please use a userland alternative instead.
2026-10-05T12:36:27.9425766Z (Use `node --trace-deprecation ...` to show where the warning was created)
2026-10-05T12:36:27.9505138Z With the provided path, there will be 27 files uploaded
2026-10-05T12:36:27.9509781Z Artifact name is valid!
2026-10-05T12:36:27.9510188Z Root directory input is valid!
2026-10-05T12:36:28.2927334Z Beginning upload of artifact content to blob storage
2026-10-05T12:36:28.3465074Z (node:2248) [DEP0169] DeprecationWarning: `url.parse()` behavior is not standardized and prone to errors that have security implications. Use the WHATWG URL API instead. CVEs are not issued for `url.parse()` vulnerabilities.
2026-10-05T12:36:28.7723146Z Uploaded bytes 227811
2026-10-05T12:36:28.8356043Z Finished uploading artifact content to blob storage!
2026-10-05T12:36:28.8356566Z SHA256 digest of uploaded artifact zip is ceeb733ca5ff78efeb008b51e3e591b998402da2d800d0cd7c571ae597f2e243
2026-10-05T12:36:28.8357360Z Finalizing artifact upload
2026-10-05T12:36:29.0964563Z Artifact golden-data.zip successfully finalized. Artifact ID 11345129211
2026-10-05T12:36:29.0983356Z Artifact golden-data has been successfully uploaded! Final size is 227811 bytes. Artifact ID is 11345129211
2026-10-05T12:36:29.0984398Z Artifact download URL: https://github.com/zhuof725/bookon/actions/runs/37310649613/artifacts/11345129211
2026-10-05T12:36:29.1138860Z Post job cleanup.
2026-10-05T12:36:29.2251532Z (node:2261) [DEP0040] DeprecationWarning: The `punycode` module is deprecated. Please use a userland alternative instead.
2026-10-05T12:36:29.2252142Z (Use `node --trace-deprecation ...` to show where the warning was created)
2026-10-05T12:36:29.2255680Z Cache hit occurred on the primary key setup-java-Linux-x64-maven-0a6a93d0a8722e28836b1cf200a29f5a5fd29adaf01c95f1b393ac6a34d9789e, not saving cache.
2026-10-05T12:36:29.2461336Z Post job cleanup.
2026-10-05T12:36:29.3194296Z [command]/usr/bin/git version
2026-10-05T12:36:29.3229523Z git version 2.55.0
2026-10-05T12:36:29.3257807Z Temporarily overriding HOME='/home/runner/work/_temp/1f4f9bf1-8b3e-49a5-87f5-3254d0a68dc2' before making global git config changes
2026-10-05T12:36:29.3259021Z Adding repository directory to the temporary git global config as a safe directory
2026-10-05T12:36:29.3262110Z [command]/usr/bin/git config --global --add safe.directory /home/runner/work/bookon/bookon
2026-10-05T12:36:29.3299378Z [command]/usr/bin/git config --local --name-only --get-regexp core\.sshCommand
2026-10-05T12:36:29.3328719Z [command]/usr/bin/git submodule foreach --recursive sh -c "git config --local --name-only --get-regexp 'core\.sshCommand' && git config --local --unset-all 'core.sshCommand' || :"
2026-10-05T12:36:29.3545605Z [command]/usr/bin/git config --local --name-only --get-regexp http\.https\:\/\/github\.com\/\.extraheader
2026-10-05T12:36:29.3571057Z http.https://github.com/.extraheader
2026-10-05T12:36:29.3580461Z [command]/usr/bin/git config --local --unset-all http.https://github.com/.extraheader
2026-10-05T12:36:29.3611440Z [command]/usr/bin/git submodule foreach --recursive sh -c "git config --local --name-only --get-regexp 'http\.https\:\/\/github\.com\/\.extraheader' && git config --local --unset-all 'http.https://github.com/.extraheader' || :"
2026-10-05T12:36:29.3840218Z [command]/usr/bin/git config --local --name-only --get-regexp ^includeIf\.gitdir:
2026-10-05T12:36:29.3874319Z [command]/usr/bin/git submodule foreach --recursive git config --local --show-origin --name-only --get-regexp remote.origin.url
2026-10-05T12:36:29.4252489Z Cleaning up orphan processes
2026-10-05T12:36:29.4497293Z ##[warning]Node.js 20 is deprecated. The following actions target Node.js 20 but are being forced to run on Node.js 24: actions/checkout@v4, actions/setup-java@v4, actions/upload-artifact@v4. For more information see: https://github.blog/changelog/2025-09-19-deprecation-of-node-20-on-github-actions-runners/
