golden	Set up job	﻿2026-10-03T16:00:19.1729306Z Current runner version: '2.337.0'
golden	Set up job	2026-10-03T16:00:19.1755389Z ##[group]Runner Image Provisioner
golden	Set up job	2026-10-03T16:00:19.1756388Z Hosted Compute Agent
golden	Set up job	2026-10-03T16:00:19.1757021Z Version: 20260901.588
golden	Set up job	2026-10-03T16:00:19.1757754Z Commit: f88ec8081b781fac6c440065ac7ff9e710ce3d0b
golden	Set up job	2026-10-03T16:00:19.1758551Z Build Date: 2026-09-01T19:56:44Z
golden	Set up job	2026-10-03T16:00:19.1759248Z Worker ID: {351de190-5d83-4c2c-8c31-b60c604b223c}
golden	Set up job	2026-10-03T16:00:19.1760065Z Azure Region: eastus
golden	Set up job	2026-10-03T16:00:19.1760701Z ##[endgroup]
golden	Set up job	2026-10-03T16:00:19.1762527Z ##[group]Operating System
golden	Set up job	2026-10-03T16:00:19.1763742Z Ubuntu
golden	Set up job	2026-10-03T16:00:19.1764349Z 24.04.5
golden	Set up job	2026-10-03T16:00:19.1764887Z LTS
golden	Set up job	2026-10-03T16:00:19.1765439Z ##[endgroup]
golden	Set up job	2026-10-03T16:00:19.1766057Z ##[group]Runner Image
golden	Set up job	2026-10-03T16:00:19.1766666Z Image: ubuntu-24.04
golden	Set up job	2026-10-03T16:00:19.1767597Z Version: 20260927.320.1
golden	Set up job	2026-10-03T16:00:19.1768827Z Included Software: https://github.com/actions/runner-images/blob/ubuntu24/20260927.320/images/ubuntu/Ubuntu2404-Readme.md
golden	Set up job	2026-10-03T16:00:19.1770744Z Image Release: https://github.com/actions/runner-images/releases/tag/ubuntu24%2F20260927.320
golden	Set up job	2026-10-03T16:00:19.1771741Z ##[endgroup]
golden	Set up job	2026-10-03T16:00:19.1773187Z ##[group]GITHUB_TOKEN Permissions
golden	Set up job	2026-10-03T16:00:19.1775402Z Contents: read
golden	Set up job	2026-10-03T16:00:19.1776132Z Metadata: read
golden	Set up job	2026-10-03T16:00:19.1776705Z Packages: read
golden	Set up job	2026-10-03T16:00:19.1777249Z ##[endgroup]
golden	Set up job	2026-10-03T16:00:19.1779393Z Secret source: Actions
golden	Set up job	2026-10-03T16:00:19.1780457Z Cache mode: write
golden	Set up job	2026-10-03T16:00:19.1781509Z Prepare workflow directory
golden	Set up job	2026-10-03T16:00:19.2110186Z Prepare all required actions
golden	Set up job	2026-10-03T16:00:19.2158437Z Getting action download info
golden	Set up job	2026-10-03T16:00:19.4369313Z Download action repository 'actions/checkout@v4' (SHA:11d5960a326750d5838078e36cf38b85af677262)
golden	Set up job	2026-10-03T16:00:19.5467481Z Download action repository 'actions/setup-java@v4' (SHA:cf277c60eb25467037889841efdb72551f06f6c3)
golden	Set up job	2026-10-03T16:00:19.7811161Z Download action repository 'actions/upload-artifact@v4' (SHA:ea165f8d65b6e75b540449e92b4886f43607fa02)
golden	Set up job	2026-10-03T16:00:19.9982225Z Complete job name: golden
golden	Run actions/checkout@v4	﻿2026-10-03T16:00:20.0753565Z ##[group]Run actions/checkout@v4
golden	Run actions/checkout@v4	2026-10-03T16:00:20.0754520Z with:
golden	Run actions/checkout@v4	2026-10-03T16:00:20.0754964Z   repository: zhuof725/bookon
golden	Run actions/checkout@v4	2026-10-03T16:00:20.0759202Z   token: ***
golden	Run actions/checkout@v4	2026-10-03T16:00:20.0759628Z   ssh-strict: true
golden	Run actions/checkout@v4	2026-10-03T16:00:20.0760069Z   ssh-user: git
golden	Run actions/checkout@v4	2026-10-03T16:00:20.0760518Z   persist-credentials: true
golden	Run actions/checkout@v4	2026-10-03T16:00:20.0761002Z   clean: true
golden	Run actions/checkout@v4	2026-10-03T16:00:20.0761440Z   sparse-checkout-cone-mode: true
golden	Run actions/checkout@v4	2026-10-03T16:00:20.0761960Z   fetch-depth: 1
golden	Run actions/checkout@v4	2026-10-03T16:00:20.0762382Z   fetch-tags: false
golden	Run actions/checkout@v4	2026-10-03T16:00:20.0763071Z   show-progress: true
golden	Run actions/checkout@v4	2026-10-03T16:00:20.0763532Z   lfs: false
golden	Run actions/checkout@v4	2026-10-03T16:00:20.0763933Z   submodules: false
golden	Run actions/checkout@v4	2026-10-03T16:00:20.0764374Z   set-safe-directory: true
golden	Run actions/checkout@v4	2026-10-03T16:00:20.0764893Z   allow-unsafe-pr-checkout: false
golden	Run actions/checkout@v4	2026-10-03T16:00:20.0765689Z ##[endgroup]
golden	Run actions/checkout@v4	2026-10-03T16:00:20.1854897Z Syncing repository: zhuof725/bookon
golden	Run actions/checkout@v4	2026-10-03T16:00:20.1857587Z ##[group]Getting Git version info
golden	Run actions/checkout@v4	2026-10-03T16:00:20.1858759Z Working directory is '/home/runner/work/bookon/bookon'
golden	Run actions/checkout@v4	2026-10-03T16:00:20.1860326Z [command]/usr/bin/git version
golden	Run actions/checkout@v4	2026-10-03T16:00:20.1967101Z git version 2.55.0
golden	Run actions/checkout@v4	2026-10-03T16:00:20.2025239Z ##[endgroup]
golden	Run actions/checkout@v4	2026-10-03T16:00:20.2034725Z Temporarily overriding HOME='/home/runner/work/_temp/5127740b-bbfe-483c-a19c-75e8772978c2' before making global git config changes
golden	Run actions/checkout@v4	2026-10-03T16:00:20.2044418Z Adding repository directory to the temporary git global config as a safe directory
golden	Run actions/checkout@v4	2026-10-03T16:00:20.2046400Z [command]/usr/bin/git config --global --add safe.directory /home/runner/work/bookon/bookon
golden	Run actions/checkout@v4	2026-10-03T16:00:20.2083879Z Deleting the contents of '/home/runner/work/bookon/bookon'
golden	Run actions/checkout@v4	2026-10-03T16:00:20.2090854Z ##[group]Initializing the repository
golden	Run actions/checkout@v4	2026-10-03T16:00:20.2097005Z [command]/usr/bin/git init /home/runner/work/bookon/bookon
golden	Run actions/checkout@v4	2026-10-03T16:00:20.2226127Z hint: Using 'master' as the name for the initial branch. This default branch name
golden	Run actions/checkout@v4	2026-10-03T16:00:20.2228795Z hint: will change to "main" in Git 3.0. To configure the initial branch name
golden	Run actions/checkout@v4	2026-10-03T16:00:20.2235876Z hint: to use in all of your new repositories, which will suppress this warning,
golden	Run actions/checkout@v4	2026-10-03T16:00:20.2238269Z hint: call:
golden	Run actions/checkout@v4	2026-10-03T16:00:20.2239362Z hint:
golden	Run actions/checkout@v4	2026-10-03T16:00:20.2240596Z hint: 	git config --global init.defaultBranch <name>
golden	Run actions/checkout@v4	2026-10-03T16:00:20.2242184Z hint:
golden	Run actions/checkout@v4	2026-10-03T16:00:20.2243754Z hint: Names commonly chosen instead of 'master' are 'main', 'trunk' and
golden	Run actions/checkout@v4	2026-10-03T16:00:20.2245957Z hint: 'development'. The just-created branch can be renamed via this command:
golden	Run actions/checkout@v4	2026-10-03T16:00:20.2247732Z hint:
golden	Run actions/checkout@v4	2026-10-03T16:00:20.2248769Z hint: 	git branch -m <name>
golden	Run actions/checkout@v4	2026-10-03T16:00:20.2250151Z hint:
golden	Run actions/checkout@v4	2026-10-03T16:00:20.2251639Z hint: Disable this message with "git config set advice.defaultBranchName false"
golden	Run actions/checkout@v4	2026-10-03T16:00:20.2254011Z Initialized empty Git repository in /home/runner/work/bookon/bookon/.git/
golden	Run actions/checkout@v4	2026-10-03T16:00:20.2265334Z [command]/usr/bin/git remote add origin https://github.com/zhuof725/bookon
golden	Run actions/checkout@v4	2026-10-03T16:00:20.2318364Z ##[endgroup]
golden	Run actions/checkout@v4	2026-10-03T16:00:20.2320352Z ##[group]Disabling automatic garbage collection
golden	Run actions/checkout@v4	2026-10-03T16:00:20.2322713Z [command]/usr/bin/git config --local gc.auto 0
golden	Run actions/checkout@v4	2026-10-03T16:00:20.2363180Z ##[endgroup]
golden	Run actions/checkout@v4	2026-10-03T16:00:20.2364421Z ##[group]Setting up auth
golden	Run actions/checkout@v4	2026-10-03T16:00:20.2372650Z [command]/usr/bin/git config --local --name-only --get-regexp core\.sshCommand
golden	Run actions/checkout@v4	2026-10-03T16:00:20.2418816Z [command]/usr/bin/git submodule foreach --recursive sh -c "git config --local --name-only --get-regexp 'core\.sshCommand' && git config --local --unset-all 'core.sshCommand' || :"
golden	Run actions/checkout@v4	2026-10-03T16:00:20.2889091Z [command]/usr/bin/git config --local --name-only --get-regexp http\.https\:\/\/github\.com\/\.extraheader
golden	Run actions/checkout@v4	2026-10-03T16:00:20.2931600Z [command]/usr/bin/git submodule foreach --recursive sh -c "git config --local --name-only --get-regexp 'http\.https\:\/\/github\.com\/\.extraheader' && git config --local --unset-all 'http.https://github.com/.extraheader' || :"
golden	Run actions/checkout@v4	2026-10-03T16:00:20.3192111Z [command]/usr/bin/git config --local --name-only --get-regexp ^includeIf\.gitdir:
golden	Run actions/checkout@v4	2026-10-03T16:00:20.3234443Z [command]/usr/bin/git submodule foreach --recursive git config --local --show-origin --name-only --get-regexp remote.origin.url
golden	Run actions/checkout@v4	2026-10-03T16:00:20.3467096Z [command]/usr/bin/git config --local http.https://github.com/.extraheader AUTHORIZATION: basic ***
golden	Run actions/checkout@v4	2026-10-03T16:00:20.3510194Z ##[endgroup]
golden	Run actions/checkout@v4	2026-10-03T16:00:20.3511730Z ##[group]Fetching the repository
golden	Run actions/checkout@v4	2026-10-03T16:00:20.3521919Z [command]/usr/bin/git -c protocol.version=2 fetch --no-tags --prune --no-recurse-submodules --depth=1 origin +22514a46c3165bf25275b7e4611065a379c55d5b:refs/remotes/origin/main
golden	Run actions/checkout@v4	2026-10-03T16:00:21.4907173Z From https://github.com/zhuof725/bookon
golden	Run actions/checkout@v4	2026-10-03T16:00:21.4909988Z  * [new ref]         22514a46c3165bf25275b7e4611065a379c55d5b -> origin/main
golden	Run actions/checkout@v4	2026-10-03T16:00:21.4935529Z ##[endgroup]
golden	Run actions/checkout@v4	2026-10-03T16:00:21.4937021Z ##[group]Determining the checkout info
golden	Run actions/checkout@v4	2026-10-03T16:00:21.4938764Z ##[endgroup]
golden	Run actions/checkout@v4	2026-10-03T16:00:21.4939874Z [command]/usr/bin/git sparse-checkout disable
golden	Run actions/checkout@v4	2026-10-03T16:00:21.4980797Z [command]/usr/bin/git config --local --unset-all extensions.worktreeConfig
golden	Run actions/checkout@v4	2026-10-03T16:00:21.5023933Z ##[group]Checking out the ref
golden	Run actions/checkout@v4	2026-10-03T16:00:21.5025077Z [command]/usr/bin/git checkout --progress --force -B main refs/remotes/origin/main
golden	Run actions/checkout@v4	2026-10-03T16:00:21.5757022Z Switched to a new branch 'main'
golden	Run actions/checkout@v4	2026-10-03T16:00:21.5759076Z branch 'main' set up to track 'origin/main'.
golden	Run actions/checkout@v4	2026-10-03T16:00:21.5780489Z ##[endgroup]
golden	Run actions/checkout@v4	2026-10-03T16:00:21.5833275Z [command]/usr/bin/git log -1 --format=%H
golden	Run actions/checkout@v4	2026-10-03T16:00:21.5862069Z 22514a46c3165bf25275b7e4611065a379c55d5b
golden	Set up JDK 11	﻿2026-10-03T16:00:21.6365825Z ##[group]Run actions/setup-java@v4
golden	Set up JDK 11	2026-10-03T16:00:21.6367057Z with:
golden	Set up JDK 11	2026-10-03T16:00:21.6367935Z   distribution: temurin
golden	Set up JDK 11	2026-10-03T16:00:21.6368923Z   java-version: 11
golden	Set up JDK 11	2026-10-03T16:00:21.6369844Z   cache: maven
golden	Set up JDK 11	2026-10-03T16:00:21.6370764Z   java-package: jdk
golden	Set up JDK 11	2026-10-03T16:00:21.6371708Z   check-latest: false
golden	Set up JDK 11	2026-10-03T16:00:21.6373192Z   server-id: github
golden	Set up JDK 11	2026-10-03T16:00:21.6374190Z   server-username: GITHUB_ACTOR
golden	Set up JDK 11	2026-10-03T16:00:21.6375299Z   server-password: GITHUB_TOKEN
golden	Set up JDK 11	2026-10-03T16:00:21.6376379Z   overwrite-settings: true
golden	Set up JDK 11	2026-10-03T16:00:21.6377397Z   job-status: success
golden	Set up JDK 11	2026-10-03T16:00:21.6386897Z   token: ***
golden	Set up JDK 11	2026-10-03T16:00:21.6387795Z ##[endgroup]
golden	Set up JDK 11	2026-10-03T16:00:21.8100252Z ##[warning]setup-java v4 is deprecated and will no longer receive updates. Please migrate to actions/setup-java@v5.
golden	Set up JDK 11	2026-10-03T16:00:21.8113385Z ##[group]Installed distributions
golden	Set up JDK 11	2026-10-03T16:00:21.8158127Z Resolved Java 11.0.32+1 from tool-cache
golden	Set up JDK 11	2026-10-03T16:00:21.8159067Z Setting Java 11.0.32+1 as the default
golden	Set up JDK 11	2026-10-03T16:00:21.8169941Z (node:2334) [DEP0040] DeprecationWarning: The `punycode` module is deprecated. Please use a userland alternative instead.
golden	Set up JDK 11	2026-10-03T16:00:21.8171466Z (Use `node --trace-deprecation ...` to show where the warning was created)
golden	Set up JDK 11	2026-10-03T16:00:21.8175023Z Creating toolchains.xml for JDK version 11 from temurin
golden	Set up JDK 11	2026-10-03T16:00:21.8257825Z Writing to /home/runner/.m2/toolchains.xml
golden	Set up JDK 11	2026-10-03T16:00:21.8258418Z 
golden	Set up JDK 11	2026-10-03T16:00:21.8258722Z Java configuration:
golden	Set up JDK 11	2026-10-03T16:00:21.8259281Z   Distribution: temurin
golden	Set up JDK 11	2026-10-03T16:00:21.8259836Z   Version: 11.0.32+1
golden	Set up JDK 11	2026-10-03T16:00:21.8260544Z   Path: /opt/hostedtoolcache/Java_Temurin-Hotspot_jdk/11.0.32-1/x64
golden	Set up JDK 11	2026-10-03T16:00:21.8261167Z 
golden	Set up JDK 11	2026-10-03T16:00:21.8261867Z ##[endgroup]
golden	Set up JDK 11	2026-10-03T16:00:21.8279122Z Creating settings.xml with server-id: github
golden	Set up JDK 11	2026-10-03T16:00:21.8309573Z Writing to /home/runner/.m2/settings.xml
golden	Set up JDK 11	2026-10-03T16:00:21.9434054Z Cache hit for: setup-java-Linux-x64-maven-af699611606390ae0782cfd53fd81fa73899f56daa65145ff15e3402452d8ff8
golden	Set up JDK 11	2026-10-03T16:00:21.9545888Z (node:2334) [DEP0169] DeprecationWarning: `url.parse()` behavior is not standardized and prone to errors that have security implications. Use the WHATWG URL API instead. CVEs are not issued for `url.parse()` vulnerabilities.
golden	Set up JDK 11	2026-10-03T16:00:22.1915588Z Received 24142460 of 24142460 (100.0%), 109.1 MBs/sec
golden	Set up JDK 11	2026-10-03T16:00:22.1916336Z Cache Size: ~23 MB (24142460 B)
golden	Set up JDK 11	2026-10-03T16:00:22.1943542Z [command]/usr/bin/tar -xf /home/runner/work/_temp/7499fad2-d090-40ef-b24e-1c55f08bf859/cache.tzst -P -C /home/runner/work/bookon/bookon --use-compress-program unzstd
golden	Set up JDK 11	2026-10-03T16:00:22.2676326Z Cache restored successfully
golden	Set up JDK 11	2026-10-03T16:00:22.2694208Z Cache restored from key: setup-java-Linux-x64-maven-af699611606390ae0782cfd53fd81fa73899f56daa65145ff15e3402452d8ff8
golden	Build golden generator (Maven)	﻿2026-10-03T16:00:22.2909456Z ##[group]Run mvn -B -ntp package
golden	Build golden generator (Maven)	2026-10-03T16:00:22.2909978Z ^[[36;1mmvn -B -ntp package^[[0m
golden	Build golden generator (Maven)	2026-10-03T16:00:22.3191252Z shell: /usr/bin/bash -e {0}
golden	Build golden generator (Maven)	2026-10-03T16:00:22.3191771Z env:
golden	Build golden generator (Maven)	2026-10-03T16:00:22.3192356Z   JAVA_HOME: /opt/hostedtoolcache/Java_Temurin-Hotspot_jdk/11.0.32-1/x64
golden	Build golden generator (Maven)	2026-10-03T16:00:22.3193760Z   JAVA_HOME_11_X64: /opt/hostedtoolcache/Java_Temurin-Hotspot_jdk/11.0.32-1/x64
golden	Build golden generator (Maven)	2026-10-03T16:00:22.3194503Z ##[endgroup]
golden	Build golden generator (Maven)	2026-10-03T16:00:26.5073807Z [INFO] Scanning for projects...
golden	Build golden generator (Maven)	2026-10-03T16:00:26.6060637Z [INFO] 
golden	Build golden generator (Maven)	2026-10-03T16:00:26.6061787Z [INFO] -----------------< io.legado.golden:golden-generator >------------------
golden	Build golden generator (Maven)	2026-10-03T16:00:26.6073699Z [INFO] Building golden-generator 1.0.0
golden	Build golden generator (Maven)	2026-10-03T16:00:26.6074826Z [INFO]   from pom.xml
golden	Build golden generator (Maven)	2026-10-03T16:00:26.6075753Z [INFO] --------------------------------[ jar ]---------------------------------
golden	Build golden generator (Maven)	2026-10-03T16:00:26.8634738Z [INFO] 
golden	Build golden generator (Maven)	2026-10-03T16:00:26.8677571Z [INFO] --- resources:3.4.0:resources (default-resources) @ golden-generator ---
golden	Build golden generator (Maven)	2026-10-03T16:00:27.0916237Z [INFO] Copying 1 resource from src/main/resources to target/classes
golden	Build golden generator (Maven)	2026-10-03T16:00:27.0954654Z [INFO] 
golden	Build golden generator (Maven)	2026-10-03T16:00:27.0955340Z [INFO] --- compiler:3.15.0:compile (default-compile) @ golden-generator ---
golden	Build golden generator (Maven)	2026-10-03T16:00:27.3748670Z [INFO] Recompiling the module because of changed source code.
golden	Build golden generator (Maven)	2026-10-03T16:00:27.3888805Z [INFO] Compiling 10 source files with javac [debug target 11] to target/classes
golden	Build golden generator (Maven)	2026-10-03T16:00:28.8894237Z [INFO] 
golden	Build golden generator (Maven)	2026-10-03T16:00:28.8914064Z [INFO] --- resources:3.4.0:testResources (default-testResources) @ golden-generator ---
golden	Build golden generator (Maven)	2026-10-03T16:00:28.8952583Z [INFO] skip non existing resourceDirectory /home/runner/work/bookon/bookon/scripts/golden/src/test/resources
golden	Build golden generator (Maven)	2026-10-03T16:00:28.8954126Z [INFO] 
golden	Build golden generator (Maven)	2026-10-03T16:00:28.8985695Z [INFO] --- compiler:3.15.0:testCompile (default-testCompile) @ golden-generator ---
golden	Build golden generator (Maven)	2026-10-03T16:00:28.9003722Z [INFO] No sources to compile
golden	Build golden generator (Maven)	2026-10-03T16:00:28.9004498Z [INFO] 
golden	Build golden generator (Maven)	2026-10-03T16:00:28.9005397Z [INFO] --- surefire:3.5.4:test (default-test) @ golden-generator ---
golden	Build golden generator (Maven)	2026-10-03T16:00:29.0569039Z [INFO] No tests to run.
golden	Build golden generator (Maven)	2026-10-03T16:00:29.1204874Z [INFO] 
golden	Build golden generator (Maven)	2026-10-03T16:00:29.1205945Z [INFO] --- jar:3.5.0:jar (default-jar) @ golden-generator ---
golden	Build golden generator (Maven)	2026-10-03T16:00:29.4088452Z [INFO] Building jar: /home/runner/work/bookon/bookon/scripts/golden/target/golden-generator.jar
golden	Build golden generator (Maven)	2026-10-03T16:00:29.4734322Z [INFO] 
golden	Build golden generator (Maven)	2026-10-03T16:00:29.4762646Z [INFO] --- shade:3.5.1:shade (default) @ golden-generator ---
golden	Build golden generator (Maven)	2026-10-03T16:00:29.5553599Z [INFO] Including org.mozilla:rhino:jar:1.8.1 in the shaded jar.
golden	Build golden generator (Maven)	2026-10-03T16:00:29.5555131Z [INFO] Including org.jsoup:jsoup:jar:1.16.2 in the shaded jar.
golden	Build golden generator (Maven)	2026-10-03T16:00:29.5557762Z [INFO] Including cn.wanghaomiao:JsoupXpath:jar:2.5.3 in the shaded jar.
golden	Build golden generator (Maven)	2026-10-03T16:00:29.5584968Z [INFO] Including org.apache.commons:commons-lang3:jar:3.18.0 in the shaded jar.
golden	Build golden generator (Maven)	2026-10-03T16:00:29.5613627Z [INFO] Including org.antlr:antlr4-runtime:jar:4.7.2 in the shaded jar.
golden	Build golden generator (Maven)	2026-10-03T16:00:29.5643672Z [INFO] Including org.slf4j:slf4j-api:jar:1.7.36 in the shaded jar.
golden	Build golden generator (Maven)	2026-10-03T16:00:29.5647411Z [INFO] Including com.google.code.gson:gson:jar:2.13.2 in the shaded jar.
golden	Build golden generator (Maven)	2026-10-03T16:00:29.5673768Z [INFO] Including com.google.errorprone:error_prone_annotations:jar:2.41.0 in the shaded jar.
golden	Build golden generator (Maven)	2026-10-03T16:00:29.5675161Z [INFO] Including com.jayway.jsonpath:json-path:jar:2.10.0 in the shaded jar.
golden	Build golden generator (Maven)	2026-10-03T16:00:29.5689004Z [INFO] Including net.minidev:json-smart:jar:2.6.0 in the shaded jar.
golden	Build golden generator (Maven)	2026-10-03T16:00:29.5717995Z [INFO] Including net.minidev:accessors-smart:jar:2.6.0 in the shaded jar.
golden	Build golden generator (Maven)	2026-10-03T16:00:29.5743660Z [INFO] Including org.ow2.asm:asm:jar:9.7.1 in the shaded jar.
golden	Build golden generator (Maven)	2026-10-03T16:00:29.5773899Z [INFO] Including org.apache.commons:commons-text:jar:1.13.1 in the shaded jar.
golden	Build golden generator (Maven)	2026-10-03T16:00:29.5795735Z [INFO] Including cn.hutool:hutool-crypto:jar:5.8.22 in the shaded jar.
golden	Build golden generator (Maven)	2026-10-03T16:00:29.5833574Z [INFO] Including cn.hutool:hutool-core:jar:5.8.22 in the shaded jar.
golden	Build golden generator (Maven)	2026-10-03T16:00:29.5835095Z [INFO] Including com.github.liuyueyi.quick-chinese-transfer:quick-transfer-core:jar:0.2.17 in the shaded jar.
golden	Build golden generator (Maven)	2026-10-03T16:00:29.5847095Z [INFO] Dependency-reduced POM written at: /home/runner/work/bookon/bookon/scripts/golden/dependency-reduced-pom.xml
golden	Build golden generator (Maven)	2026-10-03T16:00:29.7569054Z [WARNING] Discovered module-info.class. Shading will break its strong encapsulation.
golden	Build golden generator (Maven)	2026-10-03T16:00:29.9658626Z [WARNING] Discovered module-info.class. Shading will break its strong encapsulation.
golden	Build golden generator (Maven)	2026-10-03T16:00:30.2113344Z [WARNING] commons-lang3-3.18.0.jar, commons-text-1.13.1.jar define 2 overlapping resources: 
golden	Build golden generator (Maven)	2026-10-03T16:00:30.2114430Z [WARNING]   - META-INF/LICENSE.txt
golden	Build golden generator (Maven)	2026-10-03T16:00:30.2115348Z [WARNING]   - META-INF/NOTICE.txt
golden	Build golden generator (Maven)	2026-10-03T16:00:30.2117053Z [WARNING] commons-lang3-3.18.0.jar, commons-text-1.13.1.jar, error_prone_annotations-2.41.0.jar, gson-2.13.2.jar define 1 overlapping classes: 
golden	Build golden generator (Maven)	2026-10-03T16:00:30.2118222Z [WARNING]   - META-INF.versions.9.module-info
golden	Build golden generator (Maven)	2026-10-03T16:00:30.2121342Z [WARNING] JsoupXpath-2.5.3.jar, accessors-smart-2.6.0.jar, antlr4-runtime-4.7.2.jar, asm-9.7.1.jar, commons-lang3-3.18.0.jar, commons-text-1.13.1.jar, error_prone_annotations-2.41.0.jar, golden-generator.jar, gson-2.13.2.jar, hutool-core-5.8.22.jar, hutool-crypto-5.8.22.jar, json-path-2.10.0.jar, json-smart-2.6.0.jar, jsoup-1.16.2.jar, quick-transfer-core-0.2.17.jar, rhino-1.8.1.jar, slf4j-api-1.7.36.jar define 1 overlapping resource: 
golden	Build golden generator (Maven)	2026-10-03T16:00:30.2125324Z [WARNING]   - META-INF/MANIFEST.MF
golden	Build golden generator (Maven)	2026-10-03T16:00:30.2125939Z [WARNING] maven-shade-plugin has detected that some files are
golden	Build golden generator (Maven)	2026-10-03T16:00:30.2127190Z [WARNING] present in two or more JARs. When this happens, only one
golden	Build golden generator (Maven)	2026-10-03T16:00:30.2128045Z [WARNING] single version of the file is copied to the uber jar.
golden	Build golden generator (Maven)	2026-10-03T16:00:30.2128882Z [WARNING] Usually this is not harmful and you can skip these warnings,
golden	Build golden generator (Maven)	2026-10-03T16:00:30.2129736Z [WARNING] otherwise try to manually exclude artifacts based on
golden	Build golden generator (Maven)	2026-10-03T16:00:30.2130561Z [WARNING] mvn dependency:tree -Ddetail=true and the above output.
golden	Build golden generator (Maven)	2026-10-03T16:00:30.2131483Z [WARNING] See https://maven.apache.org/plugins/maven-shade-plugin/
golden	Build golden generator (Maven)	2026-10-03T16:00:30.2180460Z [INFO] Replacing original artifact with shaded artifact.
golden	Build golden generator (Maven)	2026-10-03T16:00:30.2186281Z [INFO] Replacing /home/runner/work/bookon/bookon/scripts/golden/target/golden-generator.jar with /home/runner/work/bookon/bookon/scripts/golden/target/golden-generator-1.0.0-shaded.jar
golden	Build golden generator (Maven)	2026-10-03T16:00:30.2194126Z [INFO] ------------------------------------------------------------------------
golden	Build golden generator (Maven)	2026-10-03T16:00:30.2195030Z [INFO] BUILD SUCCESS
golden	Build golden generator (Maven)	2026-10-03T16:00:30.2195829Z [INFO] ------------------------------------------------------------------------
golden	Build golden generator (Maven)	2026-10-03T16:00:30.2196761Z [INFO] Total time:  3.748 s
golden	Build golden generator (Maven)	2026-10-03T16:00:30.2199024Z [INFO] Finished at: 2026-10-03T16:00:30Z
golden	Build golden generator (Maven)	2026-10-03T16:00:30.2199853Z [INFO] ------------------------------------------------------------------------
golden	Generate golden data (real jsoup 1.16.2 + JsoupXpath 2.5.3)	﻿2026-10-03T16:00:30.2470870Z ##[group]Run set -e
golden	Generate golden data (real jsoup 1.16.2 + JsoupXpath 2.5.3)	2026-10-03T16:00:30.2471211Z ^[[36;1mset -e^[[0m
golden	Generate golden data (real jsoup 1.16.2 + JsoupXpath 2.5.3)	2026-10-03T16:00:30.2471563Z ^[[36;1mjava -jar target/golden-generator.jar cases out^[[0m
golden	Generate golden data (real jsoup 1.16.2 + JsoupXpath 2.5.3)	2026-10-03T16:00:30.2471978Z ^[[36;1mecho "=== 生成的文件 ==="^[[0m
golden	Generate golden data (real jsoup 1.16.2 + JsoupXpath 2.5.3)	2026-10-03T16:00:30.2472288Z ^[[36;1mls -la out^[[0m
golden	Generate golden data (real jsoup 1.16.2 + JsoupXpath 2.5.3)	2026-10-03T16:00:30.2472594Z ^[[36;1mCOUNT=$(ls out/*.json 2>/dev/null | wc -l)^[[0m
golden	Generate golden data (real jsoup 1.16.2 + JsoupXpath 2.5.3)	2026-10-03T16:00:30.2473205Z ^[[36;1mif [ "$COUNT" -eq 0 ]; then^[[0m
golden	Generate golden data (real jsoup 1.16.2 + JsoupXpath 2.5.3)	2026-10-03T16:00:30.2473527Z ^[[36;1m  echo "错误：未生成任何 golden 文件"^[[0m
golden	Generate golden data (real jsoup 1.16.2 + JsoupXpath 2.5.3)	2026-10-03T16:00:30.2473835Z ^[[36;1m  exit 1^[[0m
golden	Generate golden data (real jsoup 1.16.2 + JsoupXpath 2.5.3)	2026-10-03T16:00:30.2474080Z ^[[36;1mfi^[[0m
golden	Generate golden data (real jsoup 1.16.2 + JsoupXpath 2.5.3)	2026-10-03T16:00:30.2542011Z shell: /usr/bin/bash -e {0}
golden	Generate golden data (real jsoup 1.16.2 + JsoupXpath 2.5.3)	2026-10-03T16:00:30.2542364Z env:
golden	Generate golden data (real jsoup 1.16.2 + JsoupXpath 2.5.3)	2026-10-03T16:00:30.2543104Z   JAVA_HOME: /opt/hostedtoolcache/Java_Temurin-Hotspot_jdk/11.0.32-1/x64
golden	Generate golden data (real jsoup 1.16.2 + JsoupXpath 2.5.3)	2026-10-03T16:00:30.2543865Z   JAVA_HOME_11_X64: /opt/hostedtoolcache/Java_Temurin-Hotspot_jdk/11.0.32-1/x64
golden	Generate golden data (real jsoup 1.16.2 + JsoupXpath 2.5.3)	2026-10-03T16:00:30.2544442Z ##[endgroup]
golden	Generate golden data (real jsoup 1.16.2 + JsoupXpath 2.5.3)	2026-10-03T16:00:30.6194626Z 生成: css_basic.json
golden	Generate golden data (real jsoup 1.16.2 + JsoupXpath 2.5.3)	2026-10-03T16:00:30.6263514Z 生成: css_real_xiaoshuo2016.json
golden	Generate golden data (real jsoup 1.16.2 + JsoupXpath 2.5.3)	2026-10-03T16:00:31.1569837Z JsExtensions 纯算法: 321 条用例（真实 hutool/quick-transfer/Java 标准库）
golden	Generate golden data (real jsoup 1.16.2 + JsoupXpath 2.5.3)	2026-10-03T16:00:31.1579313Z Java MessageDigest: 2 条
golden	Generate golden data (real jsoup 1.16.2 + JsoupXpath 2.5.3)	2026-10-03T16:00:31.1722240Z 生成: js_ext_cases.json
golden	Generate golden data (real jsoup 1.16.2 + JsoupXpath 2.5.3)	2026-10-03T16:00:31.2383311Z Rhino 数字入参: 42 条（真实 Rhino 1.8.1 转换结果）
golden	Generate golden data (real jsoup 1.16.2 + JsoupXpath 2.5.3)	2026-10-03T16:00:31.2413718Z 生成: js_number_args.json
golden	Generate golden data (real jsoup 1.16.2 + JsoupXpath 2.5.3)	2026-10-03T16:00:31.3165022Z Rhino 1.8.1: 74 条 JS 用例（getString + inline {{}}，保留 rawType/evalType）
golden	Generate golden data (real jsoup 1.16.2 + JsoupXpath 2.5.3)	2026-10-03T16:00:31.3171534Z 生成: js_rhino.json
golden	Generate golden data (real jsoup 1.16.2 + JsoupXpath 2.5.3)	2026-10-03T16:00:31.3457380Z SLF4J: Failed to load class "org.slf4j.impl.StaticLoggerBinder".
golden	Generate golden data (real jsoup 1.16.2 + JsoupXpath 2.5.3)	2026-10-03T16:00:31.3473841Z SLF4J: Defaulting to no-operation (NOP) logger implementation
golden	Generate golden data (real jsoup 1.16.2 + JsoupXpath 2.5.3)	2026-10-03T16:00:31.3475155Z SLF4J: See http://www.slf4j.org/codes.html#StaticLoggerBinder for further details.
golden	Generate golden data (real jsoup 1.16.2 + JsoupXpath 2.5.3)	2026-10-03T16:00:31.3914209Z 生成: jsonpath_cases.json
golden	Generate golden data (real jsoup 1.16.2 + JsoupXpath 2.5.3)	2026-10-03T16:00:31.5636978Z jsoup 替身对照: 91 条用例（同一 JS，真实 jsoup 1.16.2 + Rhino 1.8.1）
golden	Generate golden data (real jsoup 1.16.2 + JsoupXpath 2.5.3)	2026-10-03T16:00:31.5675370Z 生成: jsoup_cases.json
golden	Generate golden data (real jsoup 1.16.2 + JsoupXpath 2.5.3)	2026-10-03T16:00:31.6654223Z 生成: malformed_html.json
golden	Generate golden data (real jsoup 1.16.2 + JsoupXpath 2.5.3)	2026-10-03T16:00:31.6715731Z 生成: regex_analyze.json
golden	Generate golden data (real jsoup 1.16.2 + JsoupXpath 2.5.3)	2026-10-03T16:00:31.6803507Z 生成: regex_replace.json
golden	Generate golden data (real jsoup 1.16.2 + JsoupXpath 2.5.3)	2026-10-03T16:00:31.8725454Z 生成: serializer_synthetic.json
golden	Generate golden data (real jsoup 1.16.2 + JsoupXpath 2.5.3)	2026-10-03T16:00:31.8944182Z 生成: unescape_html4.json
golden	Generate golden data (real jsoup 1.16.2 + JsoupXpath 2.5.3)	2026-10-03T16:00:31.9004366Z 生成: url_absolute.json
golden	Generate golden data (real jsoup 1.16.2 + JsoupXpath 2.5.3)	2026-10-03T16:00:31.9273961Z line 1:10 token recognition error at: '%'
golden	Generate golden data (real jsoup 1.16.2 + JsoupXpath 2.5.3)	2026-10-03T16:00:31.9296548Z line 1:11 token recognition error at: '%'
golden	Generate golden data (real jsoup 1.16.2 + JsoupXpath 2.5.3)	2026-10-03T16:00:31.9604370Z 生成: xpath_basic.json
golden	Generate golden data (real jsoup 1.16.2 + JsoupXpath 2.5.3)	2026-10-03T16:00:31.9642637Z 生成: xpath_real_caimoge.json
golden	Generate golden data (real jsoup 1.16.2 + JsoupXpath 2.5.3)	2026-10-03T16:00:31.9691774Z 完成：处理 15 个用例文件，共 1233 条用例。
golden	Generate golden data (real jsoup 1.16.2 + JsoupXpath 2.5.3)	2026-10-03T16:00:31.9890658Z === 生成的文件 ===
golden	Generate golden data (real jsoup 1.16.2 + JsoupXpath 2.5.3)	2026-10-03T16:00:31.9908421Z total 480
golden	Generate golden data (real jsoup 1.16.2 + JsoupXpath 2.5.3)	2026-10-03T16:00:31.9908922Z drwxr-xr-x 2 runner runner   4096 Oct  3 16:00 .
golden	Generate golden data (real jsoup 1.16.2 + JsoupXpath 2.5.3)	2026-10-03T16:00:31.9909626Z drwxr-xr-x 6 runner runner   4096 Oct  3 16:00 ..
golden	Generate golden data (real jsoup 1.16.2 + JsoupXpath 2.5.3)	2026-10-03T16:00:31.9910383Z -rw-r--r-- 1 runner runner  17657 Oct  3 16:00 css_basic.json
golden	Generate golden data (real jsoup 1.16.2 + JsoupXpath 2.5.3)	2026-10-03T16:00:31.9911443Z -rw-r--r-- 1 runner runner   4656 Oct  3 16:00 css_real_xiaoshuo2016.json
golden	Generate golden data (real jsoup 1.16.2 + JsoupXpath 2.5.3)	2026-10-03T16:00:31.9912352Z -rw-r--r-- 1 runner runner  72274 Oct  3 16:00 js_ext_cases.json
golden	Generate golden data (real jsoup 1.16.2 + JsoupXpath 2.5.3)	2026-10-03T16:00:31.9913451Z -rw-r--r-- 1 runner runner   7615 Oct  3 16:00 js_number_args.json
golden	Generate golden data (real jsoup 1.16.2 + JsoupXpath 2.5.3)	2026-10-03T16:00:31.9914029Z -rw-r--r-- 1 runner runner  15684 Oct  3 16:00 js_rhino.json
golden	Generate golden data (real jsoup 1.16.2 + JsoupXpath 2.5.3)	2026-10-03T16:00:31.9914732Z -rw-r--r-- 1 runner runner  41164 Oct  3 16:00 jsonpath_cases.json
golden	Generate golden data (real jsoup 1.16.2 + JsoupXpath 2.5.3)	2026-10-03T16:00:31.9915588Z -rw-r--r-- 1 runner runner  53659 Oct  3 16:00 jsoup_cases.json
golden	Generate golden data (real jsoup 1.16.2 + JsoupXpath 2.5.3)	2026-10-03T16:00:31.9916452Z -rw-r--r-- 1 runner runner  16828 Oct  3 16:00 malformed_html.json
golden	Generate golden data (real jsoup 1.16.2 + JsoupXpath 2.5.3)	2026-10-03T16:00:31.9917307Z -rw-r--r-- 1 runner runner   7921 Oct  3 16:00 regex_analyze.json
golden	Generate golden data (real jsoup 1.16.2 + JsoupXpath 2.5.3)	2026-10-03T16:00:31.9917958Z -rw-r--r-- 1 runner runner   9501 Oct  3 16:00 regex_replace.json
golden	Generate golden data (real jsoup 1.16.2 + JsoupXpath 2.5.3)	2026-10-03T16:00:31.9918772Z -rw-r--r-- 1 runner runner 152520 Oct  3 16:00 serializer_synthetic.json
golden	Generate golden data (real jsoup 1.16.2 + JsoupXpath 2.5.3)	2026-10-03T16:00:31.9919809Z -rw-r--r-- 1 runner runner   5447 Oct  3 16:00 unescape_html4.json
golden	Generate golden data (real jsoup 1.16.2 + JsoupXpath 2.5.3)	2026-10-03T16:00:31.9920684Z -rw-r--r-- 1 runner runner  10750 Oct  3 16:00 url_absolute.json
golden	Generate golden data (real jsoup 1.16.2 + JsoupXpath 2.5.3)	2026-10-03T16:00:31.9921964Z -rw-r--r-- 1 runner runner  24993 Oct  3 16:00 xpath_basic.json
golden	Generate golden data (real jsoup 1.16.2 + JsoupXpath 2.5.3)	2026-10-03T16:00:31.9923088Z -rw-r--r-- 1 runner runner   4863 Oct  3 16:00 xpath_real_caimoge.json
golden	Upload golden artifact	﻿2026-10-03T16:00:32.0006542Z ##[group]Run actions/upload-artifact@v4
golden	Upload golden artifact	2026-10-03T16:00:32.0006863Z with:
golden	Upload golden artifact	2026-10-03T16:00:32.0007061Z   name: golden-data
golden	Upload golden artifact	2026-10-03T16:00:32.0007291Z   path: scripts/golden/out/*.json
golden	Upload golden artifact	2026-10-03T16:00:32.0007561Z   if-no-files-found: error
golden	Upload golden artifact	2026-10-03T16:00:32.0007810Z   compression-level: 6
golden	Upload golden artifact	2026-10-03T16:00:32.0008035Z   overwrite: false
golden	Upload golden artifact	2026-10-03T16:00:32.0008255Z   include-hidden-files: false
golden	Upload golden artifact	2026-10-03T16:00:32.0008511Z env:
golden	Upload golden artifact	2026-10-03T16:00:32.0008852Z   JAVA_HOME: /opt/hostedtoolcache/Java_Temurin-Hotspot_jdk/11.0.32-1/x64
golden	Upload golden artifact	2026-10-03T16:00:32.0009384Z   JAVA_HOME_11_X64: /opt/hostedtoolcache/Java_Temurin-Hotspot_jdk/11.0.32-1/x64
golden	Upload golden artifact	2026-10-03T16:00:32.0009780Z ##[endgroup]
golden	Upload golden artifact	2026-10-03T16:00:32.1702953Z (node:2435) [DEP0040] DeprecationWarning: The `punycode` module is deprecated. Please use a userland alternative instead.
golden	Upload golden artifact	2026-10-03T16:00:32.1703912Z (Use `node --trace-deprecation ...` to show where the warning was created)
golden	Upload golden artifact	2026-10-03T16:00:32.1785665Z With the provided path, there will be 15 files uploaded
golden	Upload golden artifact	2026-10-03T16:00:32.1794068Z Artifact name is valid!
golden	Upload golden artifact	2026-10-03T16:00:32.1794921Z Root directory input is valid!
golden	Upload golden artifact	2026-10-03T16:00:32.3823339Z Beginning upload of artifact content to blob storage
golden	Upload golden artifact	2026-10-03T16:00:32.4292634Z (node:2435) [DEP0169] DeprecationWarning: `url.parse()` behavior is not standardized and prone to errors that have security implications. Use the WHATWG URL API instead. CVEs are not issued for `url.parse()` vulnerabilities.
golden	Upload golden artifact	2026-10-03T16:00:32.4538546Z Uploaded bytes 49636
golden	Upload golden artifact	2026-10-03T16:00:32.4689756Z Finished uploading artifact content to blob storage!
golden	Upload golden artifact	2026-10-03T16:00:32.4691463Z SHA256 digest of uploaded artifact zip is 368be037176bd437acf90eec94d454b89a2dc30f7155aa1e42999ba8b8751a99
golden	Upload golden artifact	2026-10-03T16:00:32.4693806Z Finalizing artifact upload
golden	Upload golden artifact	2026-10-03T16:00:32.6568086Z Artifact golden-data.zip successfully finalized. Artifact ID 11278462118
golden	Upload golden artifact	2026-10-03T16:00:32.6569784Z Artifact golden-data has been successfully uploaded! Final size is 49636 bytes. Artifact ID is 11278462118
golden	Upload golden artifact	2026-10-03T16:00:32.6576191Z Artifact download URL: https://github.com/zhuof725/bookon/actions/runs/37135205456/artifacts/11278462118
golden	Post Set up JDK 11	﻿2026-10-03T16:00:32.6789792Z Post job cleanup.
golden	Post Set up JDK 11	2026-10-03T16:00:32.8169890Z (node:2447) [DEP0040] DeprecationWarning: The `punycode` module is deprecated. Please use a userland alternative instead.
golden	Post Set up JDK 11	2026-10-03T16:00:32.8171119Z (Use `node --trace-deprecation ...` to show where the warning was created)
golden	Post Set up JDK 11	2026-10-03T16:00:32.8176050Z Cache hit occurred on the primary key setup-java-Linux-x64-maven-af699611606390ae0782cfd53fd81fa73899f56daa65145ff15e3402452d8ff8, not saving cache.
golden	Post Run actions/checkout@v4	﻿2026-10-03T16:00:32.8358739Z Post job cleanup.
golden	Post Run actions/checkout@v4	2026-10-03T16:00:32.9237715Z [command]/usr/bin/git version
golden	Post Run actions/checkout@v4	2026-10-03T16:00:32.9285391Z git version 2.55.0
golden	Post Run actions/checkout@v4	2026-10-03T16:00:32.9328003Z Temporarily overriding HOME='/home/runner/work/_temp/212cb51e-ccc6-45ab-b8ea-1a2a094c7164' before making global git config changes
golden	Post Run actions/checkout@v4	2026-10-03T16:00:32.9329508Z Adding repository directory to the temporary git global config as a safe directory
golden	Post Run actions/checkout@v4	2026-10-03T16:00:32.9334534Z [command]/usr/bin/git config --global --add safe.directory /home/runner/work/bookon/bookon
golden	Post Run actions/checkout@v4	2026-10-03T16:00:32.9376366Z [command]/usr/bin/git config --local --name-only --get-regexp core\.sshCommand
golden	Post Run actions/checkout@v4	2026-10-03T16:00:32.9418125Z [command]/usr/bin/git submodule foreach --recursive sh -c "git config --local --name-only --get-regexp 'core\.sshCommand' && git config --local --unset-all 'core.sshCommand' || :"
golden	Post Run actions/checkout@v4	2026-10-03T16:00:32.9668878Z [command]/usr/bin/git config --local --name-only --get-regexp http\.https\:\/\/github\.com\/\.extraheader
golden	Post Run actions/checkout@v4	2026-10-03T16:00:32.9698182Z http.https://github.com/.extraheader
golden	Post Run actions/checkout@v4	2026-10-03T16:00:32.9709854Z [command]/usr/bin/git config --local --unset-all http.https://github.com/.extraheader
golden	Post Run actions/checkout@v4	2026-10-03T16:00:32.9748244Z [command]/usr/bin/git submodule foreach --recursive sh -c "git config --local --name-only --get-regexp 'http\.https\:\/\/github\.com\/\.extraheader' && git config --local --unset-all 'http.https://github.com/.extraheader' || :"
golden	Post Run actions/checkout@v4	2026-10-03T16:00:33.0032225Z [command]/usr/bin/git config --local --name-only --get-regexp ^includeIf\.gitdir:
golden	Post Run actions/checkout@v4	2026-10-03T16:00:33.0073772Z [command]/usr/bin/git submodule foreach --recursive git config --local --show-origin --name-only --get-regexp remote.origin.url
golden	Complete job	﻿2026-10-03T16:00:33.0460471Z Cleaning up orphan processes
golden	Complete job	2026-10-03T16:00:33.0752205Z ##[warning]Node.js 20 is deprecated. The following actions target Node.js 20 but are being forced to run on Node.js 24: actions/checkout@v4, actions/setup-java@v4, actions/upload-artifact@v4. For more information see: https://github.blog/changelog/2025-09-19-deprecation-of-node-20-on-github-actions-runners/
