golden	Set up job	﻿2026-10-03T10:07:04.1275072Z Current runner version: '2.337.0'
golden	Set up job	2026-10-03T10:07:04.1296261Z ##[group]Runner Image Provisioner
golden	Set up job	2026-10-03T10:07:04.1297013Z Hosted Compute Agent
golden	Set up job	2026-10-03T10:07:04.1297560Z Version: 20260901.588
golden	Set up job	2026-10-03T10:07:04.1298118Z Commit: f88ec8081b781fac6c440065ac7ff9e710ce3d0b
golden	Set up job	2026-10-03T10:07:04.1298699Z Build Date: 2026-09-01T19:56:44Z
golden	Set up job	2026-10-03T10:07:04.1299355Z Worker ID: {434ab5c2-8d1a-4de2-a0de-fd66fcf119a3}
golden	Set up job	2026-10-03T10:07:04.1300127Z Azure Region: westus3
golden	Set up job	2026-10-03T10:07:04.1300650Z ##[endgroup]
golden	Set up job	2026-10-03T10:07:04.1301864Z ##[group]Operating System
golden	Set up job	2026-10-03T10:07:04.1302364Z Ubuntu
golden	Set up job	2026-10-03T10:07:04.1302904Z 24.04.5
golden	Set up job	2026-10-03T10:07:04.1303329Z LTS
golden	Set up job	2026-10-03T10:07:04.1303780Z ##[endgroup]
golden	Set up job	2026-10-03T10:07:04.1304258Z ##[group]Runner Image
golden	Set up job	2026-10-03T10:07:04.1304764Z Image: ubuntu-24.04
golden	Set up job	2026-10-03T10:07:04.1305336Z Version: 20260927.320.1
golden	Set up job	2026-10-03T10:07:04.1306188Z Included Software: https://github.com/actions/runner-images/blob/ubuntu24/20260927.320/images/ubuntu/Ubuntu2404-Readme.md
golden	Set up job	2026-10-03T10:07:04.1307564Z Image Release: https://github.com/actions/runner-images/releases/tag/ubuntu24%2F20260927.320
golden	Set up job	2026-10-03T10:07:04.1308332Z ##[endgroup]
golden	Set up job	2026-10-03T10:07:04.1309409Z ##[group]GITHUB_TOKEN Permissions
golden	Set up job	2026-10-03T10:07:04.1311634Z Contents: read
golden	Set up job	2026-10-03T10:07:04.1312145Z Metadata: read
golden	Set up job	2026-10-03T10:07:04.1312602Z Packages: read
golden	Set up job	2026-10-03T10:07:04.1313147Z ##[endgroup]
golden	Set up job	2026-10-03T10:07:04.1314804Z Secret source: Actions
golden	Set up job	2026-10-03T10:07:04.1315657Z Cache mode: write
golden	Set up job	2026-10-03T10:07:04.1316239Z Prepare workflow directory
golden	Set up job	2026-10-03T10:07:04.1583559Z Prepare all required actions
golden	Set up job	2026-10-03T10:07:04.1636315Z Getting action download info
golden	Set up job	2026-10-03T10:07:04.4827198Z Download action repository 'actions/checkout@v4' (SHA:11d5960a326750d5838078e36cf38b85af677262)
golden	Set up job	2026-10-03T10:07:04.7570989Z Download action repository 'actions/setup-java@v4' (SHA:cf277c60eb25467037889841efdb72551f06f6c3)
golden	Set up job	2026-10-03T10:07:05.8200745Z Download action repository 'actions/upload-artifact@v4' (SHA:ea165f8d65b6e75b540449e92b4886f43607fa02)
golden	Set up job	2026-10-03T10:07:06.2422524Z Complete job name: golden
golden	Run actions/checkout@v4	﻿2026-10-03T10:07:06.3178746Z ##[group]Run actions/checkout@v4
golden	Run actions/checkout@v4	2026-10-03T10:07:06.3180259Z with:
golden	Run actions/checkout@v4	2026-10-03T10:07:06.3180928Z   repository: zhuof725/bookon
golden	Run actions/checkout@v4	2026-10-03T10:07:06.3187466Z   token: ***
golden	Run actions/checkout@v4	2026-10-03T10:07:06.3188110Z   ssh-strict: true
golden	Run actions/checkout@v4	2026-10-03T10:07:06.3188773Z   ssh-user: git
golden	Run actions/checkout@v4	2026-10-03T10:07:06.3189488Z   persist-credentials: true
golden	Run actions/checkout@v4	2026-10-03T10:07:06.3190346Z   clean: true
golden	Run actions/checkout@v4	2026-10-03T10:07:06.3191026Z   sparse-checkout-cone-mode: true
golden	Run actions/checkout@v4	2026-10-03T10:07:06.3191828Z   fetch-depth: 1
golden	Run actions/checkout@v4	2026-10-03T10:07:06.3192484Z   fetch-tags: false
golden	Run actions/checkout@v4	2026-10-03T10:07:06.3193158Z   show-progress: true
golden	Run actions/checkout@v4	2026-10-03T10:07:06.3193835Z   lfs: false
golden	Run actions/checkout@v4	2026-10-03T10:07:06.3194471Z   submodules: false
golden	Run actions/checkout@v4	2026-10-03T10:07:06.3195158Z   set-safe-directory: true
golden	Run actions/checkout@v4	2026-10-03T10:07:06.3195931Z   allow-unsafe-pr-checkout: false
golden	Run actions/checkout@v4	2026-10-03T10:07:06.3196958Z ##[endgroup]
golden	Run actions/checkout@v4	2026-10-03T10:07:06.4036394Z Syncing repository: zhuof725/bookon
golden	Run actions/checkout@v4	2026-10-03T10:07:06.4038873Z ##[group]Getting Git version info
golden	Run actions/checkout@v4	2026-10-03T10:07:06.4040528Z Working directory is '/home/runner/work/bookon/bookon'
golden	Run actions/checkout@v4	2026-10-03T10:07:06.4042847Z [command]/usr/bin/git version
golden	Run actions/checkout@v4	2026-10-03T10:07:06.4140525Z git version 2.55.0
golden	Run actions/checkout@v4	2026-10-03T10:07:06.4143593Z ##[endgroup]
golden	Run actions/checkout@v4	2026-10-03T10:07:06.4150494Z Temporarily overriding HOME='/home/runner/work/_temp/b224eec0-4d66-479a-bb17-01e7f9daf339' before making global git config changes
golden	Run actions/checkout@v4	2026-10-03T10:07:06.4153865Z Adding repository directory to the temporary git global config as a safe directory
golden	Run actions/checkout@v4	2026-10-03T10:07:06.4156500Z [command]/usr/bin/git config --global --add safe.directory /home/runner/work/bookon/bookon
golden	Run actions/checkout@v4	2026-10-03T10:07:06.4200576Z Deleting the contents of '/home/runner/work/bookon/bookon'
golden	Run actions/checkout@v4	2026-10-03T10:07:06.4214855Z ##[group]Initializing the repository
golden	Run actions/checkout@v4	2026-10-03T10:07:06.4218300Z [command]/usr/bin/git init /home/runner/work/bookon/bookon
golden	Run actions/checkout@v4	2026-10-03T10:07:06.4305590Z hint: Using 'master' as the name for the initial branch. This default branch name
golden	Run actions/checkout@v4	2026-10-03T10:07:06.4308325Z hint: will change to "main" in Git 3.0. To configure the initial branch name
golden	Run actions/checkout@v4	2026-10-03T10:07:06.4310750Z hint: to use in all of your new repositories, which will suppress this warning,
golden	Run actions/checkout@v4	2026-10-03T10:07:06.4312699Z hint: call:
golden	Run actions/checkout@v4	2026-10-03T10:07:06.4313627Z hint:
golden	Run actions/checkout@v4	2026-10-03T10:07:06.4314749Z hint: 	git config --global init.defaultBranch <name>
golden	Run actions/checkout@v4	2026-10-03T10:07:06.4316150Z hint:
golden	Run actions/checkout@v4	2026-10-03T10:07:06.4317478Z hint: Names commonly chosen instead of 'master' are 'main', 'trunk' and
golden	Run actions/checkout@v4	2026-10-03T10:07:06.4319673Z hint: 'development'. The just-created branch can be renamed via this command:
golden	Run actions/checkout@v4	2026-10-03T10:07:06.4321552Z hint:
golden	Run actions/checkout@v4	2026-10-03T10:07:06.4322485Z hint: 	git branch -m <name>
golden	Run actions/checkout@v4	2026-10-03T10:07:06.4323725Z hint:
golden	Run actions/checkout@v4	2026-10-03T10:07:06.4325195Z hint: Disable this message with "git config set advice.defaultBranchName false"
golden	Run actions/checkout@v4	2026-10-03T10:07:06.4327516Z Initialized empty Git repository in /home/runner/work/bookon/bookon/.git/
golden	Run actions/checkout@v4	2026-10-03T10:07:06.4335285Z [command]/usr/bin/git remote add origin https://github.com/zhuof725/bookon
golden	Run actions/checkout@v4	2026-10-03T10:07:06.4363846Z ##[endgroup]
golden	Run actions/checkout@v4	2026-10-03T10:07:06.4365584Z ##[group]Disabling automatic garbage collection
golden	Run actions/checkout@v4	2026-10-03T10:07:06.4368487Z [command]/usr/bin/git config --local gc.auto 0
golden	Run actions/checkout@v4	2026-10-03T10:07:06.4395412Z ##[endgroup]
golden	Run actions/checkout@v4	2026-10-03T10:07:06.4396993Z ##[group]Setting up auth
golden	Run actions/checkout@v4	2026-10-03T10:07:06.4399538Z [command]/usr/bin/git config --local --name-only --get-regexp core\.sshCommand
golden	Run actions/checkout@v4	2026-10-03T10:07:06.4426231Z [command]/usr/bin/git submodule foreach --recursive sh -c "git config --local --name-only --get-regexp 'core\.sshCommand' && git config --local --unset-all 'core.sshCommand' || :"
golden	Run actions/checkout@v4	2026-10-03T10:07:06.4742511Z [command]/usr/bin/git config --local --name-only --get-regexp http\.https\:\/\/github\.com\/\.extraheader
golden	Run actions/checkout@v4	2026-10-03T10:07:06.4774097Z [command]/usr/bin/git submodule foreach --recursive sh -c "git config --local --name-only --get-regexp 'http\.https\:\/\/github\.com\/\.extraheader' && git config --local --unset-all 'http.https://github.com/.extraheader' || :"
golden	Run actions/checkout@v4	2026-10-03T10:07:06.4962340Z [command]/usr/bin/git config --local --name-only --get-regexp ^includeIf\.gitdir:
golden	Run actions/checkout@v4	2026-10-03T10:07:06.4991419Z [command]/usr/bin/git submodule foreach --recursive git config --local --show-origin --name-only --get-regexp remote.origin.url
golden	Run actions/checkout@v4	2026-10-03T10:07:06.5177064Z [command]/usr/bin/git config --local http.https://github.com/.extraheader AUTHORIZATION: basic ***
golden	Run actions/checkout@v4	2026-10-03T10:07:06.5211448Z ##[endgroup]
golden	Run actions/checkout@v4	2026-10-03T10:07:06.5212591Z ##[group]Fetching the repository
golden	Run actions/checkout@v4	2026-10-03T10:07:06.5219348Z [command]/usr/bin/git -c protocol.version=2 fetch --no-tags --prune --no-recurse-submodules --depth=1 origin +f3f2000735a5583bc36ef7183d75b62618f6c171:refs/remotes/origin/main
golden	Run actions/checkout@v4	2026-10-03T10:07:08.0459186Z From https://github.com/zhuof725/bookon
golden	Run actions/checkout@v4	2026-10-03T10:07:08.0459970Z  * [new ref]         f3f2000735a5583bc36ef7183d75b62618f6c171 -> origin/main
golden	Run actions/checkout@v4	2026-10-03T10:07:08.0463005Z ##[endgroup]
golden	Run actions/checkout@v4	2026-10-03T10:07:08.0463740Z ##[group]Determining the checkout info
golden	Run actions/checkout@v4	2026-10-03T10:07:08.0465471Z ##[endgroup]
golden	Run actions/checkout@v4	2026-10-03T10:07:08.0470701Z [command]/usr/bin/git sparse-checkout disable
golden	Run actions/checkout@v4	2026-10-03T10:07:08.0517662Z [command]/usr/bin/git config --local --unset-all extensions.worktreeConfig
golden	Run actions/checkout@v4	2026-10-03T10:07:08.0545717Z ##[group]Checking out the ref
golden	Run actions/checkout@v4	2026-10-03T10:07:08.0548590Z [command]/usr/bin/git checkout --progress --force -B main refs/remotes/origin/main
golden	Run actions/checkout@v4	2026-10-03T10:07:08.1022692Z Switched to a new branch 'main'
golden	Run actions/checkout@v4	2026-10-03T10:07:08.1030523Z branch 'main' set up to track 'origin/main'.
golden	Run actions/checkout@v4	2026-10-03T10:07:08.1042919Z ##[endgroup]
golden	Run actions/checkout@v4	2026-10-03T10:07:08.1084820Z [command]/usr/bin/git log -1 --format=%H
golden	Run actions/checkout@v4	2026-10-03T10:07:08.1107813Z f3f2000735a5583bc36ef7183d75b62618f6c171
golden	Set up JDK 11	﻿2026-10-03T10:07:08.1404627Z ##[group]Run actions/setup-java@v4
golden	Set up JDK 11	2026-10-03T10:07:08.1404900Z with:
golden	Set up JDK 11	2026-10-03T10:07:08.1405070Z   distribution: temurin
golden	Set up JDK 11	2026-10-03T10:07:08.1405263Z   java-version: 11
golden	Set up JDK 11	2026-10-03T10:07:08.1405429Z   cache: maven
golden	Set up JDK 11	2026-10-03T10:07:08.1405600Z   java-package: jdk
golden	Set up JDK 11	2026-10-03T10:07:08.1405772Z   check-latest: false
golden	Set up JDK 11	2026-10-03T10:07:08.1406087Z   server-id: github
golden	Set up JDK 11	2026-10-03T10:07:08.1406255Z   server-username: GITHUB_ACTOR
golden	Set up JDK 11	2026-10-03T10:07:08.1406459Z   server-password: GITHUB_TOKEN
golden	Set up JDK 11	2026-10-03T10:07:08.1406651Z   overwrite-settings: true
golden	Set up JDK 11	2026-10-03T10:07:08.1406841Z   job-status: success
golden	Set up JDK 11	2026-10-03T10:07:08.1408733Z   token: ***
golden	Set up JDK 11	2026-10-03T10:07:08.1408905Z ##[endgroup]
golden	Set up JDK 11	2026-10-03T10:07:08.2727091Z ##[warning]setup-java v4 is deprecated and will no longer receive updates. Please migrate to actions/setup-java@v5.
golden	Set up JDK 11	2026-10-03T10:07:08.2732804Z ##[group]Installed distributions
golden	Set up JDK 11	2026-10-03T10:07:08.2754657Z Resolved Java 11.0.32+1 from tool-cache
golden	Set up JDK 11	2026-10-03T10:07:08.2755112Z Setting Java 11.0.32+1 as the default
golden	Set up JDK 11	2026-10-03T10:07:08.2762351Z (node:2081) [DEP0040] DeprecationWarning: The `punycode` module is deprecated. Please use a userland alternative instead.
golden	Set up JDK 11	2026-10-03T10:07:08.2762897Z (Use `node --trace-deprecation ...` to show where the warning was created)
golden	Set up JDK 11	2026-10-03T10:07:08.2765157Z Creating toolchains.xml for JDK version 11 from temurin
golden	Set up JDK 11	2026-10-03T10:07:08.2819305Z Writing to /home/runner/.m2/toolchains.xml
golden	Set up JDK 11	2026-10-03T10:07:08.2819713Z 
golden	Set up JDK 11	2026-10-03T10:07:08.2820050Z Java configuration:
golden	Set up JDK 11	2026-10-03T10:07:08.2820367Z   Distribution: temurin
golden	Set up JDK 11	2026-10-03T10:07:08.2829638Z   Version: 11.0.32+1
golden	Set up JDK 11	2026-10-03T10:07:08.2830216Z   Path: /opt/hostedtoolcache/Java_Temurin-Hotspot_jdk/11.0.32-1/x64
golden	Set up JDK 11	2026-10-03T10:07:08.2830570Z 
golden	Set up JDK 11	2026-10-03T10:07:08.2830833Z ##[endgroup]
golden	Set up JDK 11	2026-10-03T10:07:08.2850658Z Creating settings.xml with server-id: github
golden	Set up JDK 11	2026-10-03T10:07:08.2855011Z Writing to /home/runner/.m2/settings.xml
golden	Set up JDK 11	2026-10-03T10:07:08.5164282Z Cache hit for: setup-java-Linux-x64-maven-1893eef10fecc7985daf4007c21b74604b6a1b42c53e37612296a38a80f6b303
golden	Set up JDK 11	2026-10-03T10:07:08.5287226Z (node:2081) [DEP0169] DeprecationWarning: `url.parse()` behavior is not standardized and prone to errors that have security implications. Use the WHATWG URL API instead. CVEs are not issued for `url.parse()` vulnerabilities.
golden	Set up JDK 11	2026-10-03T10:07:09.6351456Z Received 22178738 of 22178738 (100.0%), 23.8 MBs/sec
golden	Set up JDK 11	2026-10-03T10:07:09.6357349Z Cache Size: ~21 MB (22178738 B)
golden	Set up JDK 11	2026-10-03T10:07:09.6402720Z [command]/usr/bin/tar -xf /home/runner/work/_temp/c032a946-dffc-427d-9a05-7e99fbb1ac83/cache.tzst -P -C /home/runner/work/bookon/bookon --use-compress-program unzstd
golden	Set up JDK 11	2026-10-03T10:07:09.6922095Z Cache restored successfully
golden	Set up JDK 11	2026-10-03T10:07:09.6936570Z Cache restored from key: setup-java-Linux-x64-maven-1893eef10fecc7985daf4007c21b74604b6a1b42c53e37612296a38a80f6b303
golden	Build golden generator (Maven)	﻿2026-10-03T10:07:09.7090882Z ##[group]Run mvn -B -ntp package
golden	Build golden generator (Maven)	2026-10-03T10:07:09.7091199Z ^[[36;1mmvn -B -ntp package^[[0m
golden	Build golden generator (Maven)	2026-10-03T10:07:09.7308976Z shell: /usr/bin/bash -e {0}
golden	Build golden generator (Maven)	2026-10-03T10:07:09.7309209Z env:
golden	Build golden generator (Maven)	2026-10-03T10:07:09.7309467Z   JAVA_HOME: /opt/hostedtoolcache/Java_Temurin-Hotspot_jdk/11.0.32-1/x64
golden	Build golden generator (Maven)	2026-10-03T10:07:09.7310070Z   JAVA_HOME_11_X64: /opt/hostedtoolcache/Java_Temurin-Hotspot_jdk/11.0.32-1/x64
golden	Build golden generator (Maven)	2026-10-03T10:07:09.7310379Z ##[endgroup]
golden	Build golden generator (Maven)	2026-10-03T10:07:14.1293223Z [INFO] Scanning for projects...
golden	Build golden generator (Maven)	2026-10-03T10:07:14.2000385Z [INFO] 
golden	Build golden generator (Maven)	2026-10-03T10:07:14.2000901Z [INFO] -----------------< io.legado.golden:golden-generator >------------------
golden	Build golden generator (Maven)	2026-10-03T10:07:14.2001390Z [INFO] Building golden-generator 1.0.0
golden	Build golden generator (Maven)	2026-10-03T10:07:14.2001617Z [INFO]   from pom.xml
golden	Build golden generator (Maven)	2026-10-03T10:07:14.2001872Z [INFO] --------------------------------[ jar ]---------------------------------
golden	Build golden generator (Maven)	2026-10-03T10:07:14.3795026Z [INFO] 
golden	Build golden generator (Maven)	2026-10-03T10:07:14.3825905Z [INFO] --- resources:3.4.0:resources (default-resources) @ golden-generator ---
golden	Build golden generator (Maven)	2026-10-03T10:07:14.5813857Z [INFO] skip non existing resourceDirectory /home/runner/work/bookon/bookon/scripts/golden/src/main/resources
golden	Build golden generator (Maven)	2026-10-03T10:07:14.5840491Z [INFO] 
golden	Build golden generator (Maven)	2026-10-03T10:07:14.5890345Z [INFO] --- compiler:3.15.0:compile (default-compile) @ golden-generator ---
golden	Build golden generator (Maven)	2026-10-03T10:07:14.9041406Z [INFO] Recompiling the module because of changed source code.
golden	Build golden generator (Maven)	2026-10-03T10:07:14.9146660Z [INFO] Compiling 8 source files with javac [debug target 11] to target/classes
golden	Build golden generator (Maven)	2026-10-03T10:07:16.4476441Z [INFO] 
golden	Build golden generator (Maven)	2026-10-03T10:07:16.4490849Z [INFO] --- resources:3.4.0:testResources (default-testResources) @ golden-generator ---
golden	Build golden generator (Maven)	2026-10-03T10:07:16.4526837Z [INFO] skip non existing resourceDirectory /home/runner/work/bookon/bookon/scripts/golden/src/test/resources
golden	Build golden generator (Maven)	2026-10-03T10:07:16.4527806Z [INFO] 
golden	Build golden generator (Maven)	2026-10-03T10:07:16.4528413Z [INFO] --- compiler:3.15.0:testCompile (default-testCompile) @ golden-generator ---
golden	Build golden generator (Maven)	2026-10-03T10:07:16.4570383Z [INFO] No sources to compile
golden	Build golden generator (Maven)	2026-10-03T10:07:16.4570746Z [INFO] 
golden	Build golden generator (Maven)	2026-10-03T10:07:16.4571136Z [INFO] --- surefire:3.5.4:test (default-test) @ golden-generator ---
golden	Build golden generator (Maven)	2026-10-03T10:07:16.5711180Z [INFO] No tests to run.
golden	Build golden generator (Maven)	2026-10-03T10:07:16.6242226Z [INFO] 
golden	Build golden generator (Maven)	2026-10-03T10:07:16.6243099Z [INFO] --- jar:3.5.0:jar (default-jar) @ golden-generator ---
golden	Build golden generator (Maven)	2026-10-03T10:07:17.2700288Z [INFO] Building jar: /home/runner/work/bookon/bookon/scripts/golden/target/golden-generator.jar
golden	Build golden generator (Maven)	2026-10-03T10:07:17.5354870Z [INFO] 
golden	Build golden generator (Maven)	2026-10-03T10:07:17.5355399Z [INFO] --- shade:3.5.1:shade (default) @ golden-generator ---
golden	Build golden generator (Maven)	2026-10-03T10:07:17.6146415Z [INFO] Including org.mozilla:rhino:jar:1.8.1 in the shaded jar.
golden	Build golden generator (Maven)	2026-10-03T10:07:17.6147293Z [INFO] Including org.jsoup:jsoup:jar:1.16.2 in the shaded jar.
golden	Build golden generator (Maven)	2026-10-03T10:07:17.6148218Z [INFO] Including cn.wanghaomiao:JsoupXpath:jar:2.5.3 in the shaded jar.
golden	Build golden generator (Maven)	2026-10-03T10:07:17.6149064Z [INFO] Including org.apache.commons:commons-lang3:jar:3.18.0 in the shaded jar.
golden	Build golden generator (Maven)	2026-10-03T10:07:17.6155555Z [INFO] Including org.antlr:antlr4-runtime:jar:4.7.2 in the shaded jar.
golden	Build golden generator (Maven)	2026-10-03T10:07:17.6156453Z [INFO] Including org.slf4j:slf4j-api:jar:1.7.36 in the shaded jar.
golden	Build golden generator (Maven)	2026-10-03T10:07:17.6157224Z [INFO] Including com.google.code.gson:gson:jar:2.13.2 in the shaded jar.
golden	Build golden generator (Maven)	2026-10-03T10:07:17.6158089Z [INFO] Including com.google.errorprone:error_prone_annotations:jar:2.41.0 in the shaded jar.
golden	Build golden generator (Maven)	2026-10-03T10:07:17.6158970Z [INFO] Including com.jayway.jsonpath:json-path:jar:2.10.0 in the shaded jar.
golden	Build golden generator (Maven)	2026-10-03T10:07:17.6160991Z [INFO] Including net.minidev:json-smart:jar:2.6.0 in the shaded jar.
golden	Build golden generator (Maven)	2026-10-03T10:07:17.6161796Z [INFO] Including net.minidev:accessors-smart:jar:2.6.0 in the shaded jar.
golden	Build golden generator (Maven)	2026-10-03T10:07:17.6162508Z [INFO] Including org.ow2.asm:asm:jar:9.7.1 in the shaded jar.
golden	Build golden generator (Maven)	2026-10-03T10:07:17.6163242Z [INFO] Including org.apache.commons:commons-text:jar:1.13.1 in the shaded jar.
golden	Build golden generator (Maven)	2026-10-03T10:07:17.6164306Z [INFO] Dependency-reduced POM written at: /home/runner/work/bookon/bookon/scripts/golden/dependency-reduced-pom.xml
golden	Build golden generator (Maven)	2026-10-03T10:07:17.7743067Z [WARNING] Discovered module-info.class. Shading will break its strong encapsulation.
golden	Build golden generator (Maven)	2026-10-03T10:07:17.9727639Z [WARNING] Discovered module-info.class. Shading will break its strong encapsulation.
golden	Build golden generator (Maven)	2026-10-03T10:07:18.0033386Z [WARNING] commons-lang3-3.18.0.jar, commons-text-1.13.1.jar define 2 overlapping resources: 
golden	Build golden generator (Maven)	2026-10-03T10:07:18.0034347Z [WARNING]   - META-INF/LICENSE.txt
golden	Build golden generator (Maven)	2026-10-03T10:07:18.0060488Z [WARNING]   - META-INF/NOTICE.txt
golden	Build golden generator (Maven)	2026-10-03T10:07:18.0065885Z [WARNING] commons-lang3-3.18.0.jar, commons-text-1.13.1.jar, error_prone_annotations-2.41.0.jar, gson-2.13.2.jar define 1 overlapping classes: 
golden	Build golden generator (Maven)	2026-10-03T10:07:18.0069973Z [WARNING]   - META-INF.versions.9.module-info
golden	Build golden generator (Maven)	2026-10-03T10:07:18.0072102Z [WARNING] JsoupXpath-2.5.3.jar, accessors-smart-2.6.0.jar, antlr4-runtime-4.7.2.jar, asm-9.7.1.jar, commons-lang3-3.18.0.jar, commons-text-1.13.1.jar, error_prone_annotations-2.41.0.jar, golden-generator.jar, gson-2.13.2.jar, json-path-2.10.0.jar, json-smart-2.6.0.jar, jsoup-1.16.2.jar, rhino-1.8.1.jar, slf4j-api-1.7.36.jar define 1 overlapping resource: 
golden	Build golden generator (Maven)	2026-10-03T10:07:18.0086453Z [WARNING]   - META-INF/MANIFEST.MF
golden	Build golden generator (Maven)	2026-10-03T10:07:18.0087123Z [WARNING] maven-shade-plugin has detected that some files are
golden	Build golden generator (Maven)	2026-10-03T10:07:18.0087851Z [WARNING] present in two or more JARs. When this happens, only one
golden	Build golden generator (Maven)	2026-10-03T10:07:18.0088582Z [WARNING] single version of the file is copied to the uber jar.
golden	Build golden generator (Maven)	2026-10-03T10:07:18.0089329Z [WARNING] Usually this is not harmful and you can skip these warnings,
golden	Build golden generator (Maven)	2026-10-03T10:07:18.0115544Z [WARNING] otherwise try to manually exclude artifacts based on
golden	Build golden generator (Maven)	2026-10-03T10:07:18.0116635Z [WARNING] mvn dependency:tree -Ddetail=true and the above output.
golden	Build golden generator (Maven)	2026-10-03T10:07:18.0122474Z [WARNING] See https://maven.apache.org/plugins/maven-shade-plugin/
golden	Build golden generator (Maven)	2026-10-03T10:07:18.0123918Z [INFO] Replacing original artifact with shaded artifact.
golden	Build golden generator (Maven)	2026-10-03T10:07:18.0124923Z [INFO] Replacing /home/runner/work/bookon/bookon/scripts/golden/target/golden-generator.jar with /home/runner/work/bookon/bookon/scripts/golden/target/golden-generator-1.0.0-shaded.jar
golden	Build golden generator (Maven)	2026-10-03T10:07:18.0125997Z [INFO] ------------------------------------------------------------------------
golden	Build golden generator (Maven)	2026-10-03T10:07:18.0126772Z [INFO] BUILD SUCCESS
golden	Build golden generator (Maven)	2026-10-03T10:07:18.0127463Z [INFO] ------------------------------------------------------------------------
golden	Build golden generator (Maven)	2026-10-03T10:07:18.0129116Z [INFO] Total time:  3.909 s
golden	Build golden generator (Maven)	2026-10-03T10:07:18.0129593Z [INFO] Finished at: 2026-10-03T10:07:18Z
golden	Build golden generator (Maven)	2026-10-03T10:07:18.0130510Z [INFO] ------------------------------------------------------------------------
golden	Generate golden data (real jsoup 1.16.2 + JsoupXpath 2.5.3)	﻿2026-10-03T10:07:18.0398106Z ##[group]Run set -e
golden	Generate golden data (real jsoup 1.16.2 + JsoupXpath 2.5.3)	2026-10-03T10:07:18.0398350Z ^[[36;1mset -e^[[0m
golden	Generate golden data (real jsoup 1.16.2 + JsoupXpath 2.5.3)	2026-10-03T10:07:18.0398583Z ^[[36;1mjava -jar target/golden-generator.jar cases out^[[0m
golden	Generate golden data (real jsoup 1.16.2 + JsoupXpath 2.5.3)	2026-10-03T10:07:18.0398873Z ^[[36;1mecho "=== 生成的文件 ==="^[[0m
golden	Generate golden data (real jsoup 1.16.2 + JsoupXpath 2.5.3)	2026-10-03T10:07:18.0399077Z ^[[36;1mls -la out^[[0m
golden	Generate golden data (real jsoup 1.16.2 + JsoupXpath 2.5.3)	2026-10-03T10:07:18.0399283Z ^[[36;1mCOUNT=$(ls out/*.json 2>/dev/null | wc -l)^[[0m
golden	Generate golden data (real jsoup 1.16.2 + JsoupXpath 2.5.3)	2026-10-03T10:07:18.0399552Z ^[[36;1mif [ "$COUNT" -eq 0 ]; then^[[0m
golden	Generate golden data (real jsoup 1.16.2 + JsoupXpath 2.5.3)	2026-10-03T10:07:18.0399952Z ^[[36;1m  echo "错误：未生成任何 golden 文件"^[[0m
golden	Generate golden data (real jsoup 1.16.2 + JsoupXpath 2.5.3)	2026-10-03T10:07:18.0400171Z ^[[36;1m  exit 1^[[0m
golden	Generate golden data (real jsoup 1.16.2 + JsoupXpath 2.5.3)	2026-10-03T10:07:18.0400338Z ^[[36;1mfi^[[0m
golden	Generate golden data (real jsoup 1.16.2 + JsoupXpath 2.5.3)	2026-10-03T10:07:18.0456036Z shell: /usr/bin/bash -e {0}
golden	Generate golden data (real jsoup 1.16.2 + JsoupXpath 2.5.3)	2026-10-03T10:07:18.0456252Z env:
golden	Generate golden data (real jsoup 1.16.2 + JsoupXpath 2.5.3)	2026-10-03T10:07:18.0456502Z   JAVA_HOME: /opt/hostedtoolcache/Java_Temurin-Hotspot_jdk/11.0.32-1/x64
golden	Generate golden data (real jsoup 1.16.2 + JsoupXpath 2.5.3)	2026-10-03T10:07:18.0456888Z   JAVA_HOME_11_X64: /opt/hostedtoolcache/Java_Temurin-Hotspot_jdk/11.0.32-1/x64
golden	Generate golden data (real jsoup 1.16.2 + JsoupXpath 2.5.3)	2026-10-03T10:07:18.0457188Z ##[endgroup]
golden	Generate golden data (real jsoup 1.16.2 + JsoupXpath 2.5.3)	2026-10-03T10:07:18.3703919Z 生成: css_basic.json
golden	Generate golden data (real jsoup 1.16.2 + JsoupXpath 2.5.3)	2026-10-03T10:07:18.3750354Z 生成: css_real_xiaoshuo2016.json
golden	Generate golden data (real jsoup 1.16.2 + JsoupXpath 2.5.3)	2026-10-03T10:07:18.5721639Z Rhino 1.8.1: 74 条 JS 用例（getString + inline {{}}，保留 rawType/evalType）
golden	Generate golden data (real jsoup 1.16.2 + JsoupXpath 2.5.3)	2026-10-03T10:07:18.5776573Z 生成: js_rhino.json
golden	Generate golden data (real jsoup 1.16.2 + JsoupXpath 2.5.3)	2026-10-03T10:07:18.5930827Z SLF4J: Failed to load class "org.slf4j.impl.StaticLoggerBinder".
golden	Generate golden data (real jsoup 1.16.2 + JsoupXpath 2.5.3)	2026-10-03T10:07:18.5931451Z SLF4J: Defaulting to no-operation (NOP) logger implementation
golden	Generate golden data (real jsoup 1.16.2 + JsoupXpath 2.5.3)	2026-10-03T10:07:18.5932139Z SLF4J: See http://www.slf4j.org/codes.html#StaticLoggerBinder for further details.
golden	Generate golden data (real jsoup 1.16.2 + JsoupXpath 2.5.3)	2026-10-03T10:07:18.6310539Z 生成: jsonpath_cases.json
golden	Generate golden data (real jsoup 1.16.2 + JsoupXpath 2.5.3)	2026-10-03T10:07:18.7093811Z 生成: malformed_html.json
golden	Generate golden data (real jsoup 1.16.2 + JsoupXpath 2.5.3)	2026-10-03T10:07:18.7146392Z 生成: regex_analyze.json
golden	Generate golden data (real jsoup 1.16.2 + JsoupXpath 2.5.3)	2026-10-03T10:07:18.7186661Z 生成: regex_replace.json
golden	Generate golden data (real jsoup 1.16.2 + JsoupXpath 2.5.3)	2026-10-03T10:07:18.8681092Z 生成: serializer_synthetic.json
golden	Generate golden data (real jsoup 1.16.2 + JsoupXpath 2.5.3)	2026-10-03T10:07:18.8870714Z 生成: unescape_html4.json
golden	Generate golden data (real jsoup 1.16.2 + JsoupXpath 2.5.3)	2026-10-03T10:07:18.8936234Z 生成: url_absolute.json
golden	Generate golden data (real jsoup 1.16.2 + JsoupXpath 2.5.3)	2026-10-03T10:07:18.9170719Z line 1:10 token recognition error at: '%'
golden	Generate golden data (real jsoup 1.16.2 + JsoupXpath 2.5.3)	2026-10-03T10:07:18.9171625Z line 1:11 token recognition error at: '%'
golden	Generate golden data (real jsoup 1.16.2 + JsoupXpath 2.5.3)	2026-10-03T10:07:18.9390760Z 生成: xpath_basic.json
golden	Generate golden data (real jsoup 1.16.2 + JsoupXpath 2.5.3)	2026-10-03T10:07:18.9441427Z 生成: xpath_real_caimoge.json
golden	Generate golden data (real jsoup 1.16.2 + JsoupXpath 2.5.3)	2026-10-03T10:07:18.9507076Z 完成：处理 12 个用例文件，共 777 条用例。
golden	Generate golden data (real jsoup 1.16.2 + JsoupXpath 2.5.3)	2026-10-03T10:07:19.0688717Z === 生成的文件 ===
golden	Generate golden data (real jsoup 1.16.2 + JsoupXpath 2.5.3)	2026-10-03T10:07:19.0702984Z total 344
golden	Generate golden data (real jsoup 1.16.2 + JsoupXpath 2.5.3)	2026-10-03T10:07:19.0703324Z drwxr-xr-x 2 runner runner   4096 Oct  3 10:07 .
golden	Generate golden data (real jsoup 1.16.2 + JsoupXpath 2.5.3)	2026-10-03T10:07:19.0703767Z drwxr-xr-x 6 runner runner   4096 Oct  3 10:07 ..
golden	Generate golden data (real jsoup 1.16.2 + JsoupXpath 2.5.3)	2026-10-03T10:07:19.0704190Z -rw-r--r-- 1 runner runner  17657 Oct  3 10:07 css_basic.json
golden	Generate golden data (real jsoup 1.16.2 + JsoupXpath 2.5.3)	2026-10-03T10:07:19.0704589Z -rw-r--r-- 1 runner runner   4656 Oct  3 10:07 css_real_xiaoshuo2016.json
golden	Generate golden data (real jsoup 1.16.2 + JsoupXpath 2.5.3)	2026-10-03T10:07:19.0704925Z -rw-r--r-- 1 runner runner  15684 Oct  3 10:07 js_rhino.json
golden	Generate golden data (real jsoup 1.16.2 + JsoupXpath 2.5.3)	2026-10-03T10:07:19.0705238Z -rw-r--r-- 1 runner runner  41164 Oct  3 10:07 jsonpath_cases.json
golden	Generate golden data (real jsoup 1.16.2 + JsoupXpath 2.5.3)	2026-10-03T10:07:19.0705681Z -rw-r--r-- 1 runner runner  16828 Oct  3 10:07 malformed_html.json
golden	Generate golden data (real jsoup 1.16.2 + JsoupXpath 2.5.3)	2026-10-03T10:07:19.0706159Z -rw-r--r-- 1 runner runner   7921 Oct  3 10:07 regex_analyze.json
golden	Generate golden data (real jsoup 1.16.2 + JsoupXpath 2.5.3)	2026-10-03T10:07:19.0706641Z -rw-r--r-- 1 runner runner   9501 Oct  3 10:07 regex_replace.json
golden	Generate golden data (real jsoup 1.16.2 + JsoupXpath 2.5.3)	2026-10-03T10:07:19.0707470Z -rw-r--r-- 1 runner runner 152520 Oct  3 10:07 serializer_synthetic.json
golden	Generate golden data (real jsoup 1.16.2 + JsoupXpath 2.5.3)	2026-10-03T10:07:19.0708007Z -rw-r--r-- 1 runner runner   5447 Oct  3 10:07 unescape_html4.json
golden	Generate golden data (real jsoup 1.16.2 + JsoupXpath 2.5.3)	2026-10-03T10:07:19.0708504Z -rw-r--r-- 1 runner runner  10750 Oct  3 10:07 url_absolute.json
golden	Generate golden data (real jsoup 1.16.2 + JsoupXpath 2.5.3)	2026-10-03T10:07:19.0708971Z -rw-r--r-- 1 runner runner  24993 Oct  3 10:07 xpath_basic.json
golden	Generate golden data (real jsoup 1.16.2 + JsoupXpath 2.5.3)	2026-10-03T10:07:19.0709294Z -rw-r--r-- 1 runner runner   4863 Oct  3 10:07 xpath_real_caimoge.json
golden	Upload golden artifact	﻿2026-10-03T10:07:19.0776772Z ##[group]Run actions/upload-artifact@v4
golden	Upload golden artifact	2026-10-03T10:07:19.0777018Z with:
golden	Upload golden artifact	2026-10-03T10:07:19.0777185Z   name: golden-data
golden	Upload golden artifact	2026-10-03T10:07:19.0777369Z   path: scripts/golden/out/*.json
golden	Upload golden artifact	2026-10-03T10:07:19.0777581Z   if-no-files-found: error
golden	Upload golden artifact	2026-10-03T10:07:19.0777909Z   compression-level: 6
golden	Upload golden artifact	2026-10-03T10:07:19.0778101Z   overwrite: false
golden	Upload golden artifact	2026-10-03T10:07:19.0778283Z   include-hidden-files: false
golden	Upload golden artifact	2026-10-03T10:07:19.0778480Z env:
golden	Upload golden artifact	2026-10-03T10:07:19.0778730Z   JAVA_HOME: /opt/hostedtoolcache/Java_Temurin-Hotspot_jdk/11.0.32-1/x64
golden	Upload golden artifact	2026-10-03T10:07:19.0779136Z   JAVA_HOME_11_X64: /opt/hostedtoolcache/Java_Temurin-Hotspot_jdk/11.0.32-1/x64
golden	Upload golden artifact	2026-10-03T10:07:19.0779433Z ##[endgroup]
golden	Upload golden artifact	2026-10-03T10:07:19.2061240Z (node:2181) [DEP0040] DeprecationWarning: The `punycode` module is deprecated. Please use a userland alternative instead.
golden	Upload golden artifact	2026-10-03T10:07:19.2062016Z (Use `node --trace-deprecation ...` to show where the warning was created)
golden	Upload golden artifact	2026-10-03T10:07:19.2161582Z With the provided path, there will be 12 files uploaded
golden	Upload golden artifact	2026-10-03T10:07:19.2162298Z Artifact name is valid!
golden	Upload golden artifact	2026-10-03T10:07:19.2162592Z Root directory input is valid!
golden	Upload golden artifact	2026-10-03T10:07:19.5303464Z Beginning upload of artifact content to blob storage
golden	Upload golden artifact	2026-10-03T10:07:19.5588212Z (node:2181) [DEP0169] DeprecationWarning: `url.parse()` behavior is not standardized and prone to errors that have security implications. Use the WHATWG URL API instead. CVEs are not issued for `url.parse()` vulnerabilities.
golden	Upload golden artifact	2026-10-03T10:07:19.8264723Z Uploaded bytes 32684
golden	Upload golden artifact	2026-10-03T10:07:19.8887147Z Finished uploading artifact content to blob storage!
golden	Upload golden artifact	2026-10-03T10:07:19.8890899Z SHA256 digest of uploaded artifact zip is 0573ad11fe87c5dbc9af8f535779af14892bcdac51ef6e5a15ce2b5ac2f906f2
golden	Upload golden artifact	2026-10-03T10:07:19.8891575Z Finalizing artifact upload
golden	Upload golden artifact	2026-10-03T10:07:20.1436801Z Artifact golden-data.zip successfully finalized. Artifact ID 11271363603
golden	Upload golden artifact	2026-10-03T10:07:20.1437652Z Artifact golden-data has been successfully uploaded! Final size is 32684 bytes. Artifact ID is 11271363603
golden	Upload golden artifact	2026-10-03T10:07:20.1443283Z Artifact download URL: https://github.com/zhuof725/bookon/actions/runs/37115324928/artifacts/11271363603
golden	Post Set up JDK 11	﻿2026-10-03T10:07:20.1602508Z Post job cleanup.
golden	Post Set up JDK 11	2026-10-03T10:07:20.2645570Z (node:2193) [DEP0040] DeprecationWarning: The `punycode` module is deprecated. Please use a userland alternative instead.
golden	Post Set up JDK 11	2026-10-03T10:07:20.2646195Z (Use `node --trace-deprecation ...` to show where the warning was created)
golden	Post Set up JDK 11	2026-10-03T10:07:20.2650069Z Cache hit occurred on the primary key setup-java-Linux-x64-maven-1893eef10fecc7985daf4007c21b74604b6a1b42c53e37612296a38a80f6b303, not saving cache.
golden	Post Run actions/checkout@v4	﻿2026-10-03T10:07:20.2815990Z Post job cleanup.
golden	Post Run actions/checkout@v4	2026-10-03T10:07:20.3496041Z [command]/usr/bin/git version
golden	Post Run actions/checkout@v4	2026-10-03T10:07:20.3529926Z git version 2.55.0
golden	Post Run actions/checkout@v4	2026-10-03T10:07:20.3558176Z Temporarily overriding HOME='/home/runner/work/_temp/f3ba36ce-ce2a-4b1c-8086-40ca89b6ab5a' before making global git config changes
golden	Post Run actions/checkout@v4	2026-10-03T10:07:20.3559173Z Adding repository directory to the temporary git global config as a safe directory
golden	Post Run actions/checkout@v4	2026-10-03T10:07:20.3563219Z [command]/usr/bin/git config --global --add safe.directory /home/runner/work/bookon/bookon
golden	Post Run actions/checkout@v4	2026-10-03T10:07:20.3593336Z [command]/usr/bin/git config --local --name-only --get-regexp core\.sshCommand
golden	Post Run actions/checkout@v4	2026-10-03T10:07:20.3621060Z [command]/usr/bin/git submodule foreach --recursive sh -c "git config --local --name-only --get-regexp 'core\.sshCommand' && git config --local --unset-all 'core.sshCommand' || :"
golden	Post Run actions/checkout@v4	2026-10-03T10:07:20.3824077Z [command]/usr/bin/git config --local --name-only --get-regexp http\.https\:\/\/github\.com\/\.extraheader
golden	Post Run actions/checkout@v4	2026-10-03T10:07:20.3853049Z http.https://github.com/.extraheader
golden	Post Run actions/checkout@v4	2026-10-03T10:07:20.3864601Z [command]/usr/bin/git config --local --unset-all http.https://github.com/.extraheader
golden	Post Run actions/checkout@v4	2026-10-03T10:07:20.3892267Z [command]/usr/bin/git submodule foreach --recursive sh -c "git config --local --name-only --get-regexp 'http\.https\:\/\/github\.com\/\.extraheader' && git config --local --unset-all 'http.https://github.com/.extraheader' || :"
golden	Post Run actions/checkout@v4	2026-10-03T10:07:20.4105885Z [command]/usr/bin/git config --local --name-only --get-regexp ^includeIf\.gitdir:
golden	Post Run actions/checkout@v4	2026-10-03T10:07:20.4145545Z [command]/usr/bin/git submodule foreach --recursive git config --local --show-origin --name-only --get-regexp remote.origin.url
golden	Complete job	﻿2026-10-03T10:07:20.4455545Z Cleaning up orphan processes
golden	Complete job	2026-10-03T10:07:20.4724780Z ##[warning]Node.js 20 is deprecated. The following actions target Node.js 20 but are being forced to run on Node.js 24: actions/checkout@v4, actions/setup-java@v4, actions/upload-artifact@v4. For more information see: https://github.blog/changelog/2025-09-19-deprecation-of-node-20-on-github-actions-runners/
